I/Vlog    (  991): activity_manager_service:sample_uss:fgtracking=false;DV;1,key=com.amazon.kindle;DV;1,Counter=9484.0;CT;1,unit=kB;DV;1,metadata=com.amazon.kindle/T ;DV;1:HI
I/syseng_board_status( 7859): syseng_board_status:vcbuild:type=release;DV;1,version=f37c056428b3511ce1530e6f5a27c453181292a8 (tainted);DV;1,branch=HEAD;DV;1,application=vmcs_android;DV;1,date=May 20 2016;DV;1,time=20 31 10;DV;1,platform=montoya;DV;1:NR 
I/syseng_board_status( 7862): syseng_board_status:vchostmemuse:/system/bin/surfaceflinger=91241520;CT;1,com.amazon.kindle=37086984;CT;1,system_server=9766232;CT;1,com.amazon.tv.oobe=2480816;CT;1,com.amazon.vizzini=708608;CT;1,com.amazon.bueller.photos=102177944;CT;1,/system/bin/mediaserver=8192;CT;1:NR 
I/syseng_board_status( 7865): syseng_board_status:vcrelocstats:total=519045120;CT;1,relocatable=519045120;CT;1,legacy=0;CT;1,offline=0;CT;1,small_allocs=94;CT;1,allocs=632;CT;1,alloc_fails=0;CT;1,legacy_block_fails=0;CT;1,compactions=1;CT;1,discard_compactions=0;CT;1,aggressive_compactions=0;CT;1,aggressive_compaction_waits=0;CT;1,aggressive_compaction_timeouts=0;CT;1,locks=0;CT;1,small_locks=0;CT;1,free=319815680;CT;1,freeBlocks=13;CT;1,largestFreeBlock=265289728;CT;1:NR 
I/syseng_board_status( 7868): syseng_board_status:vcwfc:stream_count=0x0000000b;DV;1:NR 
I/syseng_board_status( 7871): syseng_board_status:vcrelocs2:vc_heap_count_dispmanx_txp_ch1=3;CT;1,vc_heap_size_dispmanx_txp_ch1=25067520;CT;1,vc_heap_count_mh_alloc_list=1;CT;1,vc_heap_size_mh_alloc_list=13824;CT;1,vc_heap_count_audioplus_tmp_buf=1;CT;1,vc_heap_size_audioplus_tmp_buf=16384;CT;1,vc_heap_count_dt_blob=1;CT;1,vc_heap_size_dt_blob=7592;CT;1,vc_heap_count_SLIM_IPC_STATE_T=3;CT;1,vc_heap_size_SLIM_IPC_STATE_T=1344;CT;1:NR 
I/syseng_board_status( 7874): syseng_board_status:vcrelocs2:corrupt=0;CT;1:NR 
I/syseng_board_status( 7877): syseng_board_status:vclmk:killed=0;CT;1:NR 
I/syseng_board_status( 7880): syseng_board_status:vmstat1:nr_free_pages=8255;CT;1,nr_inactive_anon=20754;CT;1,nr_active_anon=18857;CT;1,nr_inactive_file=34961;CT;1,nr_active_file=27571;CT;1,nr_unevictable=134;CT;1,nr_mlock=0;CT;1,nr_anon_pages=39297;CT;1,nr_mapped=20450;CT;1,nr_file_pages=63208;CT;1,nr_dirty=0;CT;1,nr_writeback=0;CT;1,nr_slab_reclaimable=1675;CT;1,nr_slab_unreclaimable=4162;CT;1,nr_page_table_pages=3797;CT;1,nr_kernel_stack=787;CT;1,nr_unstable=0;CT;1,nr_bounce=0;CT;1,nr_vmscan_write=4812;CT;1,nr_writeback_temp=0;CT;1,nr_isolated_anon=0;CT;1,nr_isolated_file=0;CT;1,nr_shmem=10;CT;1,nr_dirtied=3806;CT;1,nr_written=8487;CT;1,nr_anon_transparent_hugepages=0;CT;1,nr_dirty_threshold=22079;CT;1,nr_dirty_background_threshold=5519;CT;1:NR 
I/syseng_board_status( 7883): syseng_board_status:vmstat2:pgpgin=720873;CT;1,pgpgout=42761;CT;1,pswpin=513;CT;1,pswpout=4812;CT;1,pgalloc_normal=5899306;CT;1,pgalloc_movable=0;CT;1,pgfree=5907876;CT;1,pgactivate=33865;CT;1,pgdeactivate=36348;CT;1,pgfault=2279731;CT;1,pgmajfault=4289;CT;1,pgrefill_normal=36347;CT;1,pgrefill_movable=0;CT;1,pgsteal_normal=119003;CT;1,pgsteal_movable=0;CT;1,pgscan_kswapd_normal=154254;CT;1,pgscan_kswapd_movable=0;CT;1,pgscan_direct_normal=711;CT;1,pgscan_direct_movable=0;CT;1,pginodesteal=0;CT;1,pgrotated=5;CT;1:NR 
I/syseng_board_status( 7886): syseng_board_status:vmstat3:slabs_scanned=24448;CT;1,kswapd_steal=118755;CT;1,kswapd_inodesteal=410;CT;1,kswapd_low_wmark_hit_quickly=21;CT;1,kswapd_high_wmark_hit_quickly=202;CT;1,kswapd_skip_congestion_wait=0;CT;1,pageoutrun=2483;CT;1,allocstall=4;CT;1,compact_blocks_moved=0;CT;1,compact_pages_moved=0;CT;1,compact_pagemigrate_failed=0;CT;1,compact_stall=0;CT;1,compact_fail=0;CT;1,compact_success=0;CT;1,unevictable_pgs_culled=134;CT;1,unevictable_pgs_scanned=0;CT;1,unevictable_pgs_rescued=0;CT;1,unevictable_pgs_mlocked=0;CT;1,unevictable_pgs_munlocked=0;CT;1,unevictable_pgs_cleared=0;CT;1,unevictable_pgs_stranded=0;CT;1,unevictable_pgs_mlockfreed=0;CT;1:NR 
I/syseng_board_status( 7890): syseng_board_status:meminfo:MemTotal=502916;CT;1,MemFree=33020;CT;1,MemAvailable=222900;CT;1,Buffers=5844;CT;1,Cached=244884;CT;1,SwapCached=2104;CT;1,Active=185712;CT;1,Inactive=222860;CT;1,Active_anon=75428;CT;1,Inactive_anon=83016;CT;1,Active_file=110284;CT;1,Inactive_file=139844;CT;1,Unevictable=536;CT;1,Mlocked=0;CT;1,SwapTotal=262140;CT;1:NR 
I/syseng_board_status( 7893): syseng_board_status:meminfo:SwapFree=242996;CT;1,Dirty=0;CT;1,Writeback=0;CT;1,AnonPages=157188;CT;1,Mapped=81800;CT;1,Shmem=40;CT;1,Slab=23348;CT;1,SReclaimable=6700;CT;1,SUnreclaim=16648;CT;1,KernelStack=6296;CT;1,PageTables=15188;CT;1,NFS_Unstable=0;CT;1,Bounce=0;CT;1,WritebackTmp=0;CT;1,CommitLimit=513596;CT;1,Committed_AS=19716824;CT;1:NR 
I/syseng_board_status( 7896): syseng_board_status:meminfo:VmallocTotal=483328;CT;1,VmallocUsed=36460;CT;1,VmallocChunk=397252;CT;1:NR 
I/syseng_board_status( 7899): syseng_board_status:netdevstats:recv_bytes_wlan0=791107;CT;1,recv_packets_wlan0=2761;CT;1,recv_errs_wlan0=0;CT;1,recv_drop_wlan0=2112;CT;1,recv_fifo_wlan0=0;CT;1,recv_frame_wlan0=0;CT;1,recv_compressed_wlan0=0;CT;1,recv_multicast_wlan0=0;CT;1,xmit_bytes_wlan0=20678;CT;1,xmit_packets_wlan0=588;CT;1,xmit_errs_wlan0=0;CT;1,xmit_drop_wlan0=0;CT;1,xmit_fifo_wlan0=0;CT;1,xmit_colls_wlan0=0;CT;1,xmit_carrier_wlan0=0;CT;1,xmit_compressed_wlan0=0;CT;1:NR 
I/syseng_board_status( 7902): syseng_board_status:cpufreq:time_312000=0;CT;1,time_499999=0;CT;1,time_666666=0;CT;1,time_999999=280232;CT;1:NR 
I/syseng_board_status( 7905): syseng_board_status:cpuidle:time_cpu0_c0=2521223077;CT;1,time_cpu0_c1=0;CT;1,time_cpu0_c2=0;CT;1,time_cpu0_c3=0;CT;1,time_cpu1_c0=2512064573;CT;1,time_cpu1_c1=0;CT;1,time_cpu1_c2=0;CT;1,time_cpu1_c3=0;CT;1:NR 
I/syseng_board_status( 7908): syseng_board_status:ksmstats:full_scans=9;CT;1,pages_shared=1281;CT;1,pages_sharing=11210;CT;1,pages_to_scan=100;CT;1,pages_unshared=27080;CT;1,pages_volatile=64682;CT;1:NR 
I/syseng_board_status( 7911): syseng_board_status:tempstat:soc_ts0_max=68477;CT;1,soc_ts1_max=76000;CT;1,soc_ts2_max=77000;CT;1,soc_ts3_max=81000;CT;1,soc_crit_max=100522;CT;1,tmp103_sensor=62000;CT;1,soctemp=60742;CT;1,soc_tstate=0;CT;1,soc_avg=0;CT;1,soc_max=0;CT;1,soc_ts0_time=280233;CT;1,soc_ts1_time=0;CT;1,soc_ts2_time=0;CT;1,soc_ts3_time=0;CT;1,soc_ts4_time=0;CT;1,soc_ts0_trans=1;CT;1,soc_ts1_trans=0;CT;1,soc_ts2_trans=0;CT;1,soc_ts3_trans=0;CT;1,soc_ts4_trans=0;CT;1:NR 
I/syseng_board_status( 7914): syseng_board_status:zramstats:num_reads=515;CT;1,num_writes=4813;CT;1,compr_data_size=5351702;CT;1,orig_data_size=17772544;CT;1,zero_pages=197;CT;1,mem_used_total=5455872;CT;1:NR 
I/syseng_board_status( 7917): syseng_board_status:df:tmp_sizekb=250512;CT;1,tmp_usedkb=0;CT;1,tmp_freekb=250512;CT;1,system_sizekb=789072;CT;1,system_usedkb=553554;CT;1,system_freekb=235518;CT;1,data_sizekb=5871992;CT;1,data_usedkb=738684;CT;1,data_freekb=5137993;CT;1,cache_sizekb=789072;CT;1,cache_usedkb=249594;CT;1,cache_freekb=539478;CT;1:NR 
I/syseng_board_status( 7920): syseng_board_status:sics:com_amazon_avod_dlcount=0;CT;1,com_amazon_avod_dlkb=0;CT;1,com_amazon_bueller_music_dlcount=0;CT;1,com_amazon_bueller_music_dlkb=0;CT;1,com_amazon_bueller_photos_dlcount=0;CT;1,com_amazon_bueller_photos_dlkb=0;CT;1,com_amazon_tv_launcher_dlcount=575;CT;1,com_amazon_tv_launcher_dlkb=34700;CT;1,com_amazon_venezia_dlcount=37;CT;1,com_amazon_venezia_dlkb=10152;CT;1:NR 
I/syseng_board_status( 7923): syseng_board_status:hdmi:state=0x2a [HDMI CEA (16) RGB lim 16 9 HDCP] 1920x1080 @ 60Hz progressive;DV;1,device=PRI-BBY_LCD_TV;DV;1:NR 
I/syseng_board_status( 7926): syseng_board_status:cputicks:cpu0_user=13519;CT;1,cpu0_userlow=440;CT;1,cpu0_system=7899;CT;1,cpu0_idle=256661;CT;1,cpu1_user=14141;CT;1,cpu1_userlow=388;CT;1,cpu1_system=10876;CT;1,cpu1_idle=253738;CT;1:NR 
I/syseng_board_status( 7929): syseng_board_status:power:st=Typical_Typical;DV;1,st_Typical_Typical_wifi=1;CT;1,usb_boot_charge_type=standard_host;DV;1,gadget_state=CONFIGURED;DV;1:NR 
I/syseng_board_status( 7932): syseng_board_status:bootstatus:uptime=2803.30;CT;1,idletime=2803.30;CT;1,bootid=906f56b9-5155-4897-8f89-24db672145aa;DV;1,rr=unknown;DV;1,vb=brcm-4.2.2-montoya-plus-5.13.a;DV;1,tbd=0;CT;1,br=06;CT;1:HI 
I/syseng_board_status( 7935): syseng_board_status:self:utime=139;CT;1,stime=111;CT;1,cutime=1898;CT;1,cstime=5168;CT;1,count=10;CT;1:NR 
I/syseng_board_status( 7938): syseng_board_status:emmcstats:emmcinfo=Toshiba;DV;1,emmcmlc_avg=10;CT;1,emmcmlc_max=20;CT;1:NR 
--------- beginning of main
D/NetMon.PingService( 1104): pingResultProcessing(): internet is DOWN, continual retry ping request mode. Next ping in 1000ms
D/NetMon.PingService( 1104): sendBroadcasts(internet = DOWN)
D/NetMon.PingService( 1104): Connection state has not changed: dont show the nag dialog and sticky DOWN already in place
D/NetMon.PingService( 1104): dispatchPendingIntents(internet = DOWN)
D/NetMon.PingTask( 1104): pingRequest(): started...
E/NetMon.PingTask( 1104): pingRequest(): error, timeout on hostname lookup after waiting 2ms, internet is DOWN
D/NetMon.PingService( 1104): pingResultProcessing(): internet is DOWN
W/NetMon.NetworkMonitor( 1104): The Internet connection state is DISCONNECTED
D/NetMon.PingService( 1104): removePingRequestFromQueue(): Queue now has 0 requests
D/NetMon.PingService( 1104): addPingRequestToQueue(): sending a ping request in 1000ms. Queue now has 1 requests
D/NetMon.PingService( 1104): pingResultProcessing(): internet is DOWN, continual retry ping request mode. Next ping in 1000ms
D/NetMon.PingService( 1104): sendBroadcasts(internet = DOWN)
D/NetMon.PingService( 1104): Connection state has not changed: dont show the nag dialog and sticky DOWN already in place
D/NetMon.PingService( 1104): dispatchPendingIntents(internet = DOWN)
D/NetMon.PingTask( 1104): pingRequest(): started...
E/NetMon.PingTask( 1104): pingRequest(): error, timeout on hostname lookup after waiting 1ms, internet is DOWN
D/NetMon.PingService( 1104): pingResultProcessing(): internet is DOWN
W/NetMon.NetworkMonitor( 1104): The Internet connection state is DISCONNECTED
D/NetMon.PingService( 1104): removePingRequestFromQueue(): Queue now has 0 requests
D/NetMon.PingService( 1104): addPingRequestToQueue(): sending a ping request in 1000ms. Queue now has 1 requests
D/NetMon.PingService( 1104): pingResultProcessing(): internet is DOWN, continual retry ping request mode. Next ping in 1000ms
D/NetMon.PingService( 1104): sendBroadcasts(internet = DOWN)
D/NetMon.PingService( 1104): Connection state has not changed: dont show the nag dialog and sticky DOWN already in place
D/NetMon.PingService( 1104): dispatchPendingIntents(internet = DOWN)
D/NetMon.PingTask( 1104): pingRequest(): started...
E/NetMon.PingTask( 1104): pingRequest(): error, timeout on hostname lookup after waiting 1ms, internet is DOWN
D/NetMon.PingService( 1104): pingResultProcessing(): internet is DOWN
W/NetMon.NetworkMonitor( 1104): The Internet connection state is DISCONNECTED
D/NetMon.PingService( 1104): removePingRequestFromQueue(): Queue now has 0 requests
D/NetMon.PingService( 1104): addPingRequestToQueue(): sending a ping request in 1000ms. Queue now has 1 requests
D/NetMon.PingService( 1104): pingResultProcessing(): internet is DOWN, continual retry ping request mode. Next ping in 1000ms
D/NetMon.PingService( 1104): sendBroadcasts(internet = DOWN)
D/NetMon.PingService( 1104): Connection state has not changed: dont show the nag dialog and sticky DOWN already in place
D/NetMon.PingService( 1104): dispatchPendingIntents(internet = DOWN)
D/NetMon.PingTask( 1104): pingRequest(): started...
E/NetMon.PingTask( 1104): pingRequest(): error, timeout on hostname lookup after waiting 1ms, internet is DOWN
D/NetMon.PingService( 1104): pingResultProcessing(): internet is DOWN
W/NetMon.NetworkMonitor( 1104): The Internet connection state is DISCONNECTED
D/NetMon.PingService( 1104): removePingRequestFromQueue(): Queue now has 0 requests
D/NetMon.PingService( 1104): addPingRequestToQueue(): sending a ping request in 1000ms. Queue now has 1 requests
D/NetMon.PingService( 1104): pingResultProcessing(): internet is DOWN, continual retry ping request mode. Next ping in 1000ms
D/NetMon.PingService( 1104): sendBroadcasts(internet = DOWN)
D/NetMon.PingService( 1104): Connection state has not changed: dont show the nag dialog and sticky DOWN already in place
D/NetMon.PingService( 1104): dispatchPendingIntents(internet = DOWN)
D/NetMon.PingTask( 1104): pingRequest(): started...
E/NetMon.PingTask( 1104): pingRequest(): error, timeout on hostname lookup after waiting 1ms, internet is DOWN
D/NetMon.PingService( 1104): pingResultProcessing(): internet is DOWN
W/NetMon.NetworkMonitor( 1104): The Internet connection state is DISCONNECTED
D/NetMon.PingService( 1104): removePingRequestFromQueue(): Queue now has 0 requests
D/NetMon.PingService( 1104): addPingRequestToQueue(): sending a ping request in 1000ms. Queue now has 1 requests
D/NetMon.PingService( 1104): pingResultProcessing(): internet is DOWN, continual retry ping request mode. Next ping in 1000ms
D/NetMon.PingService( 1104): sendBroadcasts(internet = DOWN)
D/NetMon.PingService( 1104): Connection state has not changed: dont show the nag dialog and sticky DOWN already in place
D/NetMon.PingService( 1104): dispatchPendingIntents(internet = DOWN)
D/NetMon.PingTask( 1104): pingRequest(): started...
E/NetMon.PingTask( 1104): pingRequest(): error, timeout on hostname lookup after waiting 2ms, internet is DOWN
D/NetMon.PingService( 1104): pingResultProcessing(): internet is DOWN
W/NetMon.NetworkMonitor( 1104): The Internet connection state is DISCONNECTED
D/NetMon.PingService( 1104): removePingRequestFromQueue(): Queue now has 0 requests
D/NetMon.PingService( 1104): addPingRequestToQueue(): sending a ping request in 1000ms. Queue now has 1 requests
D/NetMon.PingService( 1104): pingResultProcessing(): internet is DOWN, continual retry ping request mode. Next ping in 1000ms
D/NetMon.PingService( 1104): sendBroadcasts(internet = DOWN)
D/NetMon.PingService( 1104): Connection state has not changed: dont show the nag dialog and sticky DOWN already in place
D/NetMon.PingService( 1104): dispatchPendingIntents(internet = DOWN)
D/NetMon.PingTask( 1104): pingRequest(): started...
E/NetMon.PingTask( 1104): pingRequest(): error, timeout on hostname lookup after waiting 1ms, internet is DOWN
D/NetMon.PingService( 1104): pingResultProcessing(): internet is DOWN
W/NetMon.NetworkMonitor( 1104): The Internet connection state is DISCONNECTED
D/NetMon.PingService( 1104): removePingRequestFromQueue(): Queue now has 0 requests
D/NetMon.PingService( 1104): addPingRequestToQueue(): sending a ping request in 1000ms. Queue now has 1 requests
D/NetMon.PingService( 1104): pingResultProcessing(): internet is DOWN, continual retry ping request mode. Next ping in 1000ms
D/NetMon.PingService( 1104): sendBroadcasts(internet = DOWN)
D/NetMon.PingService( 1104): Connection state has not changed: dont show the nag dialog and sticky DOWN already in place
D/NetMon.PingService( 1104): dispatchPendingIntents(internet = DOWN)
D/NetMon.PingTask( 1104): pingRequest(): started...
E/NetMon.PingTask( 1104): pingRequest(): error, timeout on hostname lookup after waiting 1ms, internet is DOWN
D/NetMon.PingService( 1104): pingResultProcessing(): internet is DOWN
W/NetMon.NetworkMonitor( 1104): The Internet connection state is DISCONNECTED
D/NetMon.PingService( 1104): removePingRequestFromQueue(): Queue now has 0 requests
D/NetMon.PingService( 1104): addPingRequestToQueue(): sending a ping request in 1000ms. Queue now has 1 requests
D/NetMon.PingService( 1104): pingResultProcessing(): internet is DOWN, continual retry ping request mode. Next ping in 1000ms
D/NetMon.PingService( 1104): sendBroadcasts(internet = DOWN)
D/NetMon.PingService( 1104): Connection state has not changed: dont show the nag dialog and sticky DOWN already in place
D/NetMon.PingService( 1104): dispatchPendingIntents(internet = DOWN)
I/wpa_supplicant( 1386): wlan0: CTRL-EVENT-SCAN-RESULTS 
D/NetMon.PingTask( 1104): pingRequest(): started...
E/NetMon.PingTask( 1104): pingRequest(): error, timeout on hostname lookup after waiting 2ms, internet is DOWN
D/NetMon.PingService( 1104): pingResultProcessing(): internet is DOWN
W/NetMon.NetworkMonitor( 1104): The Internet connection state is DISCONNECTED
D/NetMon.PingService( 1104): removePingRequestFromQueue(): Queue now has 0 requests
D/NetMon.PingService( 1104): addPingRequestToQueue(): sending a ping request in 1000ms. Queue now has 1 requests
D/NetMon.PingService( 1104): pingResultProcessing(): internet is DOWN, continual retry ping request mode. Next ping in 1000ms
D/NetMon.PingService( 1104): sendBroadcasts(internet = DOWN)
D/NetMon.PingService( 1104): Connection state has not changed: dont show the nag dialog and sticky DOWN already in place
D/NetMon.PingService( 1104): dispatchPendingIntents(internet = DOWN)
D/NetMon.PingTask( 1104): pingRequest(): started...
E/NetMon.PingTask( 1104): pingRequest(): error, timeout on hostname lookup after waiting 1ms, internet is DOWN
D/NetMon.PingService( 1104): pingResultProcessing(): internet is DOWN
W/NetMon.NetworkMonitor( 1104): The Internet connection state is DISCONNECTED
D/NetMon.PingService( 1104): removePingRequestFromQueue(): Queue now has 0 requests
D/NetMon.PingService( 1104): addPingRequestToQueue(): sending a ping request in 1000ms. Queue now has 1 requests
D/NetMon.PingService( 1104): pingResultProcessing(): internet is DOWN, continual retry ping request mode. Next ping in 1000ms
D/NetMon.PingService( 1104): sendBroadcasts(internet = DOWN)
D/NetMon.PingService( 1104): Connection state has not changed: dont show the nag dialog and sticky DOWN already in place
D/NetMon.PingService( 1104): dispatchPendingIntents(internet = DOWN)
D/NetMon.PingTask( 1104): pingRequest(): started...
E/NetMon.PingTask( 1104): pingRequest(): error, timeout on hostname lookup after waiting 1ms, internet is DOWN
D/NetMon.PingService( 1104): pingResultProcessing(): internet is DOWN
W/NetMon.NetworkMonitor( 1104): The Internet connection state is DISCONNECTED
D/NetMon.PingService( 1104): removePingRequestFromQueue(): Queue now has 0 requests
D/NetMon.PingService( 1104): addPingRequestToQueue(): sending a ping request in 1000ms. Queue now has 1 requests
D/NetMon.PingService( 1104): pingResultProcessing(): internet is DOWN, continual retry ping request mode. Next ping in 1000ms
D/NetMon.PingService( 1104): sendBroadcasts(internet = DOWN)
D/NetMon.PingService( 1104): Connection state has not changed: dont show the nag dialog and sticky DOWN already in place
D/NetMon.PingService( 1104): dispatchPendingIntents(internet = DOWN)
D/NetMon.PingTask( 1104): pingRequest(): started...
E/NetMon.PingTask( 1104): pingRequest(): error, timeout on hostname lookup after waiting 2ms, internet is DOWN
D/NetMon.PingService( 1104): pingResultProcessing(): internet is DOWN
W/NetMon.NetworkMonitor( 1104): The Internet connection state is DISCONNECTED
D/NetMon.PingService( 1104): removePingRequestFromQueue(): Queue now has 0 requests
D/NetMon.PingService( 1104): addPingRequestToQueue(): sending a ping request in 1000ms. Queue now has 1 requests
D/NetMon.PingService( 1104): pingResultProcessing(): internet is DOWN, continual retry ping request mode. Next ping in 1000ms
D/NetMon.PingService( 1104): sendBroadcasts(internet = DOWN)
D/NetMon.PingService( 1104): Connection state has not changed: dont show the nag dialog and sticky DOWN already in place
D/NetMon.PingService( 1104): dispatchPendingIntents(internet = DOWN)
D/NetMon.PingTask( 1104): pingRequest(): started...
E/NetMon.PingTask( 1104): pingRequest(): error, timeout on hostname lookup after waiting 1ms, internet is DOWN
D/NetMon.PingService( 1104): pingResultProcessing(): internet is DOWN
W/NetMon.NetworkMonitor( 1104): The Internet connection state is DISCONNECTED
D/NetMon.PingService( 1104): removePingRequestFromQueue(): Queue now has 0 requests
D/NetMon.PingService( 1104): addPingRequestToQueue(): sending a ping request in 1000ms. Queue now has 1 requests
D/NetMon.PingService( 1104): pingResultProcessing(): internet is DOWN, continual retry ping request mode. Next ping in 1000ms
D/NetMon.PingService( 1104): sendBroadcasts(internet = DOWN)
D/NetMon.PingService( 1104): Connection state has not changed: dont show the nag dialog and sticky DOWN already in place
D/NetMon.PingService( 1104): dispatchPendingIntents(internet = DOWN)
D/NetMon.PingTask( 1104): pingRequest(): started...
E/NetMon.PingTask( 1104): pingRequest(): error, timeout on hostname lookup after waiting 1ms, internet is DOWN
D/NetMon.PingService( 1104): pingResultProcessing(): internet is DOWN
W/NetMon.NetworkMonitor( 1104): The Internet connection state is DISCONNECTED
D/NetMon.PingService( 1104): removePingRequestFromQueue(): Queue now has 0 requests
D/NetMon.PingService( 1104): addPingRequestToQueue(): sending a ping request in 1000ms. Queue now has 1 requests
D/NetMon.PingService( 1104): pingResultProcessing(): internet is DOWN, continual retry ping request mode. Next ping in 1000ms
D/NetMon.PingService( 1104): sendBroadcasts(internet = DOWN)
D/NetMon.PingService( 1104): Connection state has not changed: dont show the nag dialog and sticky DOWN already in place
D/NetMon.PingService( 1104): dispatchPendingIntents(internet = DOWN)
D/NetMon.PingTask( 1104): pingRequest(): started...
E/NetMon.PingTask( 1104): pingRequest(): error, timeout on hostname lookup after waiting 1ms, internet is DOWN
D/NetMon.PingService( 1104): pingResultProcessing(): internet is DOWN
W/NetMon.NetworkMonitor( 1104): The Internet connection state is DISCONNECTED
D/NetMon.PingService( 1104): removePingRequestFromQueue(): Queue now has 0 requests
D/NetMon.PingService( 1104): addPingRequestToQueue(): sending a ping request in 1000ms. Queue now has 1 requests
D/NetMon.PingService( 1104): pingResultProcessing(): internet is DOWN, continual retry ping request mode. Next ping in 1000ms
D/NetMon.PingService( 1104): sendBroadcasts(internet = DOWN)
D/NetMon.PingService( 1104): Connection state has not changed: dont show the nag dialog and sticky DOWN already in place
D/NetMon.PingService( 1104): dispatchPendingIntents(internet = DOWN)
I/ActivityManager(  991): Killing 4304:android.process.media/u0a22025 (adj 12): empty for 1802s
I/Vlog    (  991): activity_manager_service:sample_lifetime:fgtracking=false;DV;1,key=com.android.providers.media;DV;1,Counter=2248371.0;CT;1,unit=ms;DV;1,metadata=android.process.media;DV;1:HI
I/Vlog    (  991): activity_manager_service:sample_died_oom_adj:fgtracking=false;DV;1,key=oom_adj_12;DV;1,Counter=1.0;CT;1,unit=;DV;1,metadata=com.android.providers.media/android.process.media;DV;1:HI
I/Vlog    (  991): activity_manager_service:sample_pss:fgtracking=false;DV;1,key=com.amazon.kindle;DV;1,Counter=12619.0;CT;1,unit=kB;DV;1,metadata=com.amazon.kindle/T ;DV;1:HI
I/Vlog    (  991): activity_manager_service:sample_uss:fgtracking=false;DV;1,key=com.amazon.kindle;DV;1,Counter=9516.0;CT;1,unit=kB;DV;1,metadata=com.amazon.kindle/T ;DV;1:HI
D/NetMon.PingTask( 1104): pingRequest(): started...
E/NetMon.PingTask( 1104): pingRequest(): error, timeout on hostname lookup after waiting 2ms, internet is DOWN
D/NetMon.PingService( 1104): pingResultProcessing(): internet is DOWN
W/NetMon.NetworkMonitor( 1104): The Internet connection state is DISCONNECTED
D/NetMon.PingService( 1104): removePingRequestFromQueue(): Queue now has 0 requests
D/NetMon.PingService( 1104): addPingRequestToQueue(): sending a ping request in 1000ms. Queue now has 1 requests
D/NetMon.PingService( 1104): pingResultProcessing(): internet is DOWN, continual retry ping request mode. Next ping in 1000ms
D/NetMon.PingService( 1104): sendBroadcasts(internet = DOWN)
D/NetMon.PingService( 1104): Connection state has not changed: dont show the nag dialog and sticky DOWN already in place
D/NetMon.PingService( 1104): dispatchPendingIntents(internet = DOWN)
D/NetMon.PingTask( 1104): pingRequest(): started...
E/NetMon.PingTask( 1104): pingRequest(): error, timeout on hostname lookup after waiting 1ms, internet is DOWN
D/NetMon.PingService( 1104): pingResultProcessing(): internet is DOWN
W/NetMon.NetworkMonitor( 1104): The Internet connection state is DISCONNECTED
D/NetMon.PingService( 1104): removePingRequestFromQueue(): Queue now has 0 requests
D/NetMon.PingService( 1104): addPingRequestToQueue(): sending a ping request in 1000ms. Queue now has 1 requests
D/NetMon.PingService( 1104): pingResultProcessing(): internet is DOWN, continual retry ping request mode. Next ping in 1000ms
D/NetMon.PingService( 1104): sendBroadcasts(internet = DOWN)
D/NetMon.PingService( 1104): Connection state has not changed: dont show the nag dialog and sticky DOWN already in place
D/NetMon.PingService( 1104): dispatchPendingIntents(internet = DOWN)
D/NetMon.PingTask( 1104): pingRequest(): started...
E/NetMon.PingTask( 1104): pingRequest(): error, timeout on hostname lookup after waiting 1ms, internet is DOWN
D/NetMon.PingService( 1104): pingResultProcessing(): internet is DOWN
W/NetMon.NetworkMonitor( 1104): The Internet connection state is DISCONNECTED
D/NetMon.PingService( 1104): removePingRequestFromQueue(): Queue now has 0 requests
D/NetMon.PingService( 1104): addPingRequestToQueue(): sending a ping request in 1000ms. Queue now has 1 requests
D/NetMon.PingService( 1104): pingResultProcessing(): internet is DOWN, continual retry ping request mode. Next ping in 1000ms
D/NetMon.PingService( 1104): sendBroadcasts(internet = DOWN)
D/NetMon.PingService( 1104): Connection state has not changed: dont show the nag dialog and sticky DOWN already in place
D/NetMon.PingService( 1104): dispatchPendingIntents(internet = DOWN)
I/wpa_supplicant( 1386): wlan0: CTRL-EVENT-SCAN-RESULTS 
D/NetMon.PingTask( 1104): pingRequest(): started...
E/NetMon.PingTask( 1104): pingRequest(): error, timeout on hostname lookup after waiting 1ms, internet is DOWN
D/NetMon.PingService( 1104): pingResultProcessing(): internet is DOWN
W/NetMon.NetworkMonitor( 1104): The Internet connection state is DISCONNECTED
D/NetMon.PingService( 1104): removePingRequestFromQueue(): Queue now has 0 requests
D/NetMon.PingService( 1104): addPingRequestToQueue(): sending a ping request in 1000ms. Queue now has 1 requests
D/NetMon.PingService( 1104): pingResultProcessing(): internet is DOWN, continual retry ping request mode. Next ping in 1000ms
D/NetMon.PingService( 1104): sendBroadcasts(internet = DOWN)
D/NetMon.PingService( 1104): Connection state has not changed: dont show the nag dialog and sticky DOWN already in place
D/NetMon.PingService( 1104): dispatchPendingIntents(internet = DOWN)
D/NetMon.PingTask( 1104): pingRequest(): started...
E/NetMon.PingTask( 1104): pingRequest(): error, timeout on hostname lookup after waiting 5ms, internet is DOWN
D/NetMon.PingService( 1104): pingResultProcessing(): internet is DOWN
W/NetMon.NetworkMonitor( 1104): The Internet connection state is DISCONNECTED
D/NetMon.PingService( 1104): removePingRequestFromQueue(): Queue now has 0 requests
D/NetMon.PingService( 1104): addPingRequestToQueue(): sending a ping request in 1000ms. Queue now has 1 requests
D/NetMon.PingService( 1104): pingResultProcessing(): internet is DOWN, continual retry ping request mode. Next ping in 1000ms
D/NetMon.PingService( 1104): sendBroadcasts(internet = DOWN)
D/NetMon.PingService( 1104): Connection state has not changed: dont show the nag dialog and sticky DOWN already in place
D/NetMon.PingService( 1104): dispatchPendingIntents(internet = DOWN)
D/NetMon.PingTask( 1104): pingRequest(): started...
E/NetMon.PingTask( 1104): pingRequest(): error, timeout on hostname lookup after waiting 1ms, internet is DOWN
D/NetMon.PingService( 1104): pingResultProcessing(): internet is DOWN
W/NetMon.NetworkMonitor( 1104): The Internet connection state is DISCONNECTED
D/NetMon.PingService( 1104): removePingRequestFromQueue(): Queue now has 0 requests
D/NetMon.PingService( 1104): addPingRequestToQueue(): sending a ping request in 1000ms. Queue now has 1 requests
D/NetMon.PingService( 1104): pingResultProcessing(): internet is DOWN, continual retry ping request mode. Next ping in 1000ms
D/NetMon.PingService( 1104): sendBroadcasts(internet = DOWN)
D/NetMon.PingService( 1104): Connection state has not changed: dont show the nag dialog and sticky DOWN already in place
D/NetMon.PingService( 1104): dispatchPendingIntents(internet = DOWN)
D/NetMon.PingTask( 1104): pingRequest(): started...
E/NetMon.PingTask( 1104): pingRequest(): error, timeout on hostname lookup after waiting 2ms, internet is DOWN
D/NetMon.PingService( 1104): pingResultProcessing(): internet is DOWN
W/NetMon.NetworkMonitor( 1104): The Internet connection state is DISCONNECTED
D/NetMon.PingService( 1104): removePingRequestFromQueue(): Queue now has 0 requests
D/NetMon.PingService( 1104): addPingRequestToQueue(): sending a ping request in 1000ms. Queue now has 1 requests
D/NetMon.PingService( 1104): pingResultProcessing(): internet is DOWN, continual retry ping request mode. Next ping in 1000ms
D/NetMon.PingService( 1104): sendBroadcasts(internet = DOWN)
D/NetMon.PingService( 1104): Connection state has not changed: dont show the nag dialog and sticky DOWN already in place
D/NetMon.PingService( 1104): dispatchPendingIntents(internet = DOWN)
D/NetMon.PingTask( 1104): pingRequest(): started...
E/NetMon.PingTask( 1104): pingRequest(): error, timeout on hostname lookup after waiting 1ms, internet is DOWN
D/NetMon.PingService( 1104): pingResultProcessing(): internet is DOWN
W/NetMon.NetworkMonitor( 1104): The Internet connection state is DISCONNECTED
D/NetMon.PingService( 1104): removePingRequestFromQueue(): Queue now has 0 requests
D/NetMon.PingService( 1104): addPingRequestToQueue(): sending a ping request in 1000ms. Queue now has 1 requests
D/NetMon.PingService( 1104): pingResultProcessing(): internet is DOWN, continual retry ping request mode. Next ping in 1000ms
D/NetMon.PingService( 1104): sendBroadcasts(internet = DOWN)
D/NetMon.PingService( 1104): Connection state has not changed: dont show the nag dialog and sticky DOWN already in place
D/NetMon.PingService( 1104): dispatchPendingIntents(internet = DOWN)
D/NetMon.PingTask( 1104): pingRequest(): started...
E/NetMon.PingTask( 1104): pingRequest(): error, timeout on hostname lookup after waiting 1ms, internet is DOWN
D/NetMon.PingService( 1104): pingResultProcessing(): internet is DOWN
W/NetMon.NetworkMonitor( 1104): The Internet connection state is DISCONNECTED
D/NetMon.PingService( 1104): removePingRequestFromQueue(): Queue now has 0 requests
D/NetMon.PingService( 1104): addPingRequestToQueue(): sending a ping request in 1000ms. Queue now has 1 requests
D/NetMon.PingService( 1104): pingResultProcessing(): internet is DOWN, continual retry ping request mode. Next ping in 1000ms
D/NetMon.PingService( 1104): sendBroadcasts(internet = DOWN)
D/NetMon.PingService( 1104): Connection state has not changed: dont show the nag dialog and sticky DOWN already in place
D/NetMon.PingService( 1104): dispatchPendingIntents(internet = DOWN)
D/NetMon.PingTask( 1104): pingRequest(): started...
E/NetMon.PingTask( 1104): pingRequest(): error, timeout on hostname lookup after waiting 1ms, internet is DOWN
D/NetMon.PingService( 1104): pingResultProcessing(): internet is DOWN
W/NetMon.NetworkMonitor( 1104): The Internet connection state is DISCONNECTED
D/NetMon.PingService( 1104): removePingRequestFromQueue(): Queue now has 0 requests
D/NetMon.PingService( 1104): addPingRequestToQueue(): sending a ping request in 1000ms. Queue now has 1 requests
D/NetMon.PingService( 1104): pingResultProcessing(): internet is DOWN, continual retry ping request mode. Next ping in 1000ms
D/NetMon.PingService( 1104): sendBroadcasts(internet = DOWN)
D/NetMon.PingService( 1104): Connection state has not changed: dont show the nag dialog and sticky DOWN already in place
D/NetMon.PingService( 1104): dispatchPendingIntents(internet = DOWN)
D/NetMon.PingTask( 1104): pingRequest(): started...
E/NetMon.PingTask( 1104): pingRequest(): error, timeout on hostname lookup after waiting 1ms, internet is DOWN
D/NetMon.PingService( 1104): pingResultProcessing(): internet is DOWN
W/NetMon.NetworkMonitor( 1104): The Internet connection state is DISCONNECTED
D/NetMon.PingService( 1104): removePingRequestFromQueue(): Queue now has 0 requests
D/NetMon.PingService( 1104): addPingRequestToQueue(): sending a ping request in 1000ms. Queue now has 1 requests
D/NetMon.PingService( 1104): pingResultProcessing(): internet is DOWN, continual retry ping request mode. Next ping in 1000ms
D/NetMon.PingService( 1104): sendBroadcasts(internet = DOWN)
D/NetMon.PingService( 1104): Connection state has not changed: dont show the nag dialog and sticky DOWN already in place
D/NetMon.PingService( 1104): dispatchPendingIntents(internet = DOWN)
D/NetMon.PingTask( 1104): pingRequest(): started...
E/NetMon.PingTask( 1104): pingRequest(): error, timeout on hostname lookup after waiting 2ms, internet is DOWN
D/NetMon.PingService( 1104): pingResultProcessing(): internet is DOWN
W/NetMon.NetworkMonitor( 1104): The Internet connection state is DISCONNECTED
D/NetMon.PingService( 1104): removePingRequestFromQueue(): Queue now has 0 requests
D/NetMon.PingService( 1104): addPingRequestToQueue(): sending a ping request in 1000ms. Queue now has 1 requests
D/NetMon.PingService( 1104): pingResultProcessing(): internet is DOWN, continual retry ping request mode. Next ping in 1000ms
D/NetMon.PingService( 1104): sendBroadcasts(internet = DOWN)
D/NetMon.PingService( 1104): Connection state has not changed: dont show the nag dialog and sticky DOWN already in place
D/NetMon.PingService( 1104): dispatchPendingIntents(internet = DOWN)
D/NetMon.PingTask( 1104): pingRequest(): started...
E/NetMon.PingTask( 1104): pingRequest(): error, timeout on hostname lookup after waiting 2ms, internet is DOWN
D/NetMon.PingService( 1104): pingResultProcessing(): internet is DOWN
W/NetMon.NetworkMonitor( 1104): The Internet connection state is DISCONNECTED
D/NetMon.PingService( 1104): removePingRequestFromQueue(): Queue now has 0 requests
D/NetMon.PingService( 1104): addPingRequestToQueue(): sending a ping request in 1000ms. Queue now has 1 requests
D/NetMon.PingService( 1104): pingResultProcessing(): internet is DOWN, continual retry ping request mode. Next ping in 1000ms
D/NetMon.PingService( 1104): sendBroadcasts(internet = DOWN)
D/NetMon.PingService( 1104): Connection state has not changed: dont show the nag dialog and sticky DOWN already in place
D/NetMon.PingService( 1104): dispatchPendingIntents(internet = DOWN)
I/wpa_supplicant( 1386): wlan0: CTRL-EVENT-SCAN-RESULTS 
D/NetMon.PingTask( 1104): pingRequest(): started...
E/NetMon.PingTask( 1104): pingRequest(): error, timeout on hostname lookup after waiting 1ms, internet is DOWN
D/NetMon.PingService( 1104): pingResultProcessing(): internet is DOWN
W/NetMon.NetworkMonitor( 1104): The Internet connection state is DISCONNECTED
D/NetMon.PingService( 1104): removePingRequestFromQueue(): Queue now has 0 requests
D/NetMon.PingService( 1104): addPingRequestToQueue(): sending a ping request in 1000ms. Queue now has 1 requests
D/NetMon.PingService( 1104): pingResultProcessing(): internet is DOWN, continual retry ping request mode. Next ping in 1000ms
D/NetMon.PingService( 1104): sendBroadcasts(internet = DOWN)
D/NetMon.PingService( 1104): Connection state has not changed: dont show the nag dialog and sticky DOWN already in place
D/NetMon.PingService( 1104): dispatchPendingIntents(internet = DOWN)
D/NetMon.PingTask( 1104): pingRequest(): started...
E/NetMon.PingTask( 1104): pingRequest(): error, timeout on hostname lookup after waiting 1ms, internet is DOWN
D/NetMon.PingService( 1104): pingResultProcessing(): internet is DOWN
W/NetMon.NetworkMonitor( 1104): The Internet connection state is DISCONNECTED
D/NetMon.PingService( 1104): removePingRequestFromQueue(): Queue now has 0 requests
D/NetMon.PingService( 1104): addPingRequestToQueue(): sending a ping request in 1000ms. Queue now has 1 requests
D/NetMon.PingService( 1104): pingResultProcessing(): internet is DOWN, continual retry ping request mode. Next ping in 1000ms
D/NetMon.PingService( 1104): sendBroadcasts(internet = DOWN)
D/NetMon.PingService( 1104): Connection state has not changed: dont show the nag dialog and sticky DOWN already in place
D/NetMon.PingService( 1104): dispatchPendingIntents(internet = DOWN)
D/NetMon.PingTask( 1104): pingRequest(): started...
E/NetMon.PingTask( 1104): pingRequest(): error, timeout on hostname lookup after waiting 2ms, internet is DOWN
D/NetMon.PingService( 1104): pingResultProcessing(): internet is DOWN
W/NetMon.NetworkMonitor( 1104): The Internet connection state is DISCONNECTED
D/NetMon.PingService( 1104): removePingRequestFromQueue(): Queue now has 0 requests
D/NetMon.PingService( 1104): addPingRequestToQueue(): sending a ping request in 1000ms. Queue now has 1 requests
D/NetMon.PingService( 1104): pingResultProcessing(): internet is DOWN, continual retry ping request mode. Next ping in 1000ms
D/NetMon.PingService( 1104): sendBroadcasts(internet = DOWN)
D/NetMon.PingService( 1104): Connection state has not changed: dont show the nag dialog and sticky DOWN already in place
D/NetMon.PingService( 1104): dispatchPendingIntents(internet = DOWN)
D/NetMon.PingTask( 1104): pingRequest(): started...
E/NetMon.PingTask( 1104): pingRequest(): error, timeout on hostname lookup after waiting 1ms, internet is DOWN
D/NetMon.PingService( 1104): pingResultProcessing(): internet is DOWN
W/NetMon.NetworkMonitor( 1104): The Internet connection state is DISCONNECTED
D/NetMon.PingService( 1104): removePingRequestFromQueue(): Queue now has 0 requests
D/NetMon.PingService( 1104): addPingRequestToQueue(): sending a ping request in 1000ms. Queue now has 1 requests
D/NetMon.PingService( 1104): pingResultProcessing(): internet is DOWN, continual retry ping request mode. Next ping in 1000ms
D/NetMon.PingService( 1104): sendBroadcasts(internet = DOWN)
D/NetMon.PingService( 1104): Connection state has not changed: dont show the nag dialog and sticky DOWN already in place
D/NetMon.PingService( 1104): dispatchPendingIntents(internet = DOWN)
D/NetMon.PingTask( 1104): pingRequest(): started...
E/NetMon.PingTask( 1104): pingRequest(): error, timeout on hostname lookup after waiting 1ms, internet is DOWN
D/NetMon.PingService( 1104): pingResultProcessing(): internet is DOWN
W/NetMon.NetworkMonitor( 1104): The Internet connection state is DISCONNECTED
D/NetMon.PingService( 1104): removePingRequestFromQueue(): Queue now has 0 requests
D/NetMon.PingService( 1104): addPingRequestToQueue(): sending a ping request in 1000ms. Queue now has 1 requests
D/NetMon.PingService( 1104): pingResultProcessing(): internet is DOWN, continual retry ping request mode. Next ping in 1000ms
D/NetMon.PingService( 1104): sendBroadcasts(internet = DOWN)
D/NetMon.PingService( 1104): Connection state has not changed: dont show the nag dialog and sticky DOWN already in place
D/NetMon.PingService( 1104): dispatchPendingIntents(internet = DOWN)
D/com.amazon.kindle.gui.MainActivity( 2726): Update Time to 1970-01-01_19-49-00-003
D/NetMon.PingTask( 1104): pingRequest(): started...
E/NetMon.PingTask( 1104): pingRequest(): error, timeout on hostname lookup after waiting 1ms, internet is DOWN
D/NetMon.PingService( 1104): pingResultProcessing(): internet is DOWN
W/NetMon.NetworkMonitor( 1104): The Internet connection state is DISCONNECTED
D/NetMon.PingService( 1104): removePingRequestFromQueue(): Queue now has 0 requests
D/NetMon.PingService( 1104): addPingRequestToQueue(): sending a ping request in 1000ms. Queue now has 1 requests
D/NetMon.PingService( 1104): pingResultProcessing(): internet is DOWN, continual retry ping request mode. Next ping in 1000ms
D/NetMon.PingService( 1104): sendBroadcasts(internet = DOWN)
D/NetMon.PingService( 1104): Connection state has not changed: dont show the nag dialog and sticky DOWN already in place
D/NetMon.PingService( 1104): dispatchPendingIntents(internet = DOWN)
D/NetMon.PingTask( 1104): pingRequest(): started...
E/NetMon.PingTask( 1104): pingRequest(): error, timeout on hostname lookup after waiting 1ms, internet is DOWN
D/NetMon.PingService( 1104): pingResultProcessing(): internet is DOWN
W/NetMon.NetworkMonitor( 1104): The Internet connection state is DISCONNECTED
D/NetMon.PingService( 1104): removePingRequestFromQueue(): Queue now has 0 requests
D/NetMon.PingService( 1104): addPingRequestToQueue(): sending a ping request in 1000ms. Queue now has 1 requests
D/NetMon.PingService( 1104): pingResultProcessing(): internet is DOWN, continual retry ping request mode. Next ping in 1000ms
D/NetMon.PingService( 1104): sendBroadcasts(internet = DOWN)
D/NetMon.PingService( 1104): Connection state has not changed: dont show the nag dialog and sticky DOWN already in place
D/NetMon.PingService( 1104): dispatchPendingIntents(internet = DOWN)
D/NetMon.PingTask( 1104): pingRequest(): started...
E/NetMon.PingTask( 1104): pingRequest(): error, timeout on hostname lookup after waiting 1ms, internet is DOWN
D/NetMon.PingService( 1104): pingResultProcessing(): internet is DOWN
W/NetMon.NetworkMonitor( 1104): The Internet connection state is DISCONNECTED
D/NetMon.PingService( 1104): removePingRequestFromQueue(): Queue now has 0 requests
D/NetMon.PingService( 1104): addPingRequestToQueue(): sending a ping request in 1000ms. Queue now has 1 requests
D/NetMon.PingService( 1104): pingResultProcessing(): internet is DOWN, continual retry ping request mode. Next ping in 1000ms
D/NetMon.PingService( 1104): sendBroadcasts(internet = DOWN)
D/NetMon.PingService( 1104): Connection state has not changed: dont show the nag dialog and sticky DOWN already in place
D/NetMon.PingService( 1104): dispatchPendingIntents(internet = DOWN)
D/NetMon.PingTask( 1104): pingRequest(): started...
E/NetMon.PingTask( 1104): pingRequest(): error, timeout on hostname lookup after waiting 2ms, internet is DOWN
D/NetMon.PingService( 1104): pingResultProcessing(): internet is DOWN
W/NetMon.NetworkMonitor( 1104): The Internet connection state is DISCONNECTED
D/NetMon.PingService( 1104): removePingRequestFromQueue(): Queue now has 0 requests
D/NetMon.PingService( 1104): addPingRequestToQueue(): sending a ping request in 1000ms. Queue now has 1 requests
D/NetMon.PingService( 1104): pingResultProcessing(): internet is DOWN, continual retry ping request mode. Next ping in 1000ms
D/NetMon.PingService( 1104): sendBroadcasts(internet = DOWN)
D/NetMon.PingService( 1104): Connection state has not changed: dont show the nag dialog and sticky DOWN already in place
D/NetMon.PingService( 1104): dispatchPendingIntents(internet = DOWN)
D/NetMon.PingTask( 1104): pingRequest(): started...
E/NetMon.PingTask( 1104): pingRequest(): error, timeout on hostname lookup after waiting 1ms, internet is DOWN
D/NetMon.PingService( 1104): pingResultProcessing(): internet is DOWN
W/NetMon.NetworkMonitor( 1104): The Internet connection state is DISCONNECTED
D/NetMon.PingService( 1104): removePingRequestFromQueue(): Queue now has 0 requests
D/NetMon.PingService( 1104): addPingRequestToQueue(): sending a ping request in 1000ms. Queue now has 1 requests
D/NetMon.PingService( 1104): pingResultProcessing(): internet is DOWN, continual retry ping request mode. Next ping in 1000ms
D/NetMon.PingService( 1104): sendBroadcasts(internet = DOWN)
D/NetMon.PingService( 1104): Connection state has not changed: dont show the nag dialog and sticky DOWN already in place
D/NetMon.PingService( 1104): dispatchPendingIntents(internet = DOWN)
I/wpa_supplicant( 1386): wlan0: CTRL-EVENT-SCAN-RESULTS 
D/NetMon.PingTask( 1104): pingRequest(): started...
E/NetMon.PingTask( 1104): pingRequest(): error, timeout on hostname lookup after waiting 2ms, internet is DOWN
D/NetMon.PingService( 1104): pingResultProcessing(): internet is DOWN
W/NetMon.NetworkMonitor( 1104): The Internet connection state is DISCONNECTED
D/NetMon.PingService( 1104): removePingRequestFromQueue(): Queue now has 0 requests
D/NetMon.PingService( 1104): addPingRequestToQueue(): sending a ping request in 1000ms. Queue now has 1 requests
D/NetMon.PingService( 1104): pingResultProcessing(): internet is DOWN, continual retry ping request mode. Next ping in 1000ms
D/NetMon.PingService( 1104): sendBroadcasts(internet = DOWN)
D/NetMon.PingService( 1104): Connection state has not changed: dont show the nag dialog and sticky DOWN already in place
D/NetMon.PingService( 1104): dispatchPendingIntents(internet = DOWN)
D/NetMon.PingTask( 1104): pingRequest(): started...
E/NetMon.PingTask( 1104): pingRequest(): error, timeout on hostname lookup after waiting 1ms, internet is DOWN
D/NetMon.PingService( 1104): pingResultProcessing(): internet is DOWN
W/NetMon.NetworkMonitor( 1104): The Internet connection state is DISCONNECTED
D/NetMon.PingService( 1104): removePingRequestFromQueue(): Queue now has 0 requests
D/NetMon.PingService( 1104): addPingRequestToQueue(): sending a ping request in 1000ms. Queue now has 1 requests
D/NetMon.PingService( 1104): pingResultProcessing(): internet is DOWN, continual retry ping request mode. Next ping in 1000ms
D/NetMon.PingService( 1104): sendBroadcasts(internet = DOWN)
D/NetMon.PingService( 1104): Connection state has not changed: dont show the nag dialog and sticky DOWN already in place
D/NetMon.PingService( 1104): dispatchPendingIntents(internet = DOWN)
D/NetMon.PingTask( 1104): pingRequest(): started...
E/NetMon.PingTask( 1104): pingRequest(): error, timeout on hostname lookup after waiting 1ms, internet is DOWN
D/NetMon.PingService( 1104): pingResultProcessing(): internet is DOWN
W/NetMon.NetworkMonitor( 1104): The Internet connection state is DISCONNECTED
D/NetMon.PingService( 1104): removePingRequestFromQueue(): Queue now has 0 requests
D/NetMon.PingService( 1104): addPingRequestToQueue(): sending a ping request in 1000ms. Queue now has 1 requests
D/NetMon.PingService( 1104): pingResultProcessing(): internet is DOWN, continual retry ping request mode. Next ping in 1000ms
D/NetMon.PingService( 1104): sendBroadcasts(internet = DOWN)
D/NetMon.PingService( 1104): Connection state has not changed: dont show the nag dialog and sticky DOWN already in place
D/NetMon.PingService( 1104): dispatchPendingIntents(internet = DOWN)
D/NetMon.PingTask( 1104): pingRequest(): started...
E/NetMon.PingTask( 1104): pingRequest(): error, timeout on hostname lookup after waiting 1ms, internet is DOWN
D/NetMon.PingService( 1104): pingResultProcessing(): internet is DOWN
W/NetMon.NetworkMonitor( 1104): The Internet connection state is DISCONNECTED
D/NetMon.PingService( 1104): removePingRequestFromQueue(): Queue now has 0 requests
D/NetMon.PingService( 1104): addPingRequestToQueue(): sending a ping request in 1000ms. Queue now has 1 requests
D/NetMon.PingService( 1104): pingResultProcessing(): internet is DOWN, continual retry ping request mode. Next ping in 1000ms
D/NetMon.PingService( 1104): sendBroadcasts(internet = DOWN)
D/NetMon.PingService( 1104): Connection state has not changed: dont show the nag dialog and sticky DOWN already in place
D/NetMon.PingService( 1104): dispatchPendingIntents(internet = DOWN)
D/NetMon.PingTask( 1104): pingRequest(): started...
E/NetMon.PingTask( 1104): pingRequest(): error, timeout on hostname lookup after waiting 1ms, internet is DOWN
D/NetMon.PingService( 1104): pingResultProcessing(): internet is DOWN
W/NetMon.NetworkMonitor( 1104): The Internet connection state is DISCONNECTED
D/NetMon.PingService( 1104): removePingRequestFromQueue(): Queue now has 0 requests
D/NetMon.PingService( 1104): addPingRequestToQueue(): sending a ping request in 1000ms. Queue now has 1 requests
D/NetMon.PingService( 1104): pingResultProcessing(): internet is DOWN, continual retry ping request mode. Next ping in 1000ms
D/NetMon.PingService( 1104): sendBroadcasts(internet = DOWN)
D/NetMon.PingService( 1104): Connection state has not changed: dont show the nag dialog and sticky DOWN already in place
D/NetMon.PingService( 1104): dispatchPendingIntents(internet = DOWN)
D/NetMon.PingTask( 1104): pingRequest(): started...
E/NetMon.PingTask( 1104): pingRequest(): error, timeout on hostname lookup after waiting 2ms, internet is DOWN
D/NetMon.PingService( 1104): pingResultProcessing(): internet is DOWN
W/NetMon.NetworkMonitor( 1104): The Internet connection state is DISCONNECTED
D/NetMon.PingService( 1104): removePingRequestFromQueue(): Queue now has 0 requests
D/NetMon.PingService( 1104): addPingRequestToQueue(): sending a ping request in 1000ms. Queue now has 1 requests
D/NetMon.PingService( 1104): pingResultProcessing(): internet is DOWN, continual retry ping request mode. Next ping in 1000ms
D/NetMon.PingService( 1104): sendBroadcasts(internet = DOWN)
D/NetMon.PingService( 1104): Connection state has not changed: dont show the nag dialog and sticky DOWN already in place
D/NetMon.PingService( 1104): dispatchPendingIntents(internet = DOWN)
D/NetMon.PingTask( 1104): pingRequest(): started...
E/NetMon.PingTask( 1104): pingRequest(): error, timeout on hostname lookup after waiting 1ms, internet is DOWN
D/NetMon.PingService( 1104): pingResultProcessing(): internet is DOWN
W/NetMon.NetworkMonitor( 1104): The Internet connection state is DISCONNECTED
D/NetMon.PingService( 1104): removePingRequestFromQueue(): Queue now has 0 requests
D/NetMon.PingService( 1104): addPingRequestToQueue(): sending a ping request in 1000ms. Queue now has 1 requests
D/NetMon.PingService( 1104): pingResultProcessing(): internet is DOWN, continual retry ping request mode. Next ping in 1000ms
D/NetMon.PingService( 1104): sendBroadcasts(internet = DOWN)
D/NetMon.PingService( 1104): Connection state has not changed: dont show the nag dialog and sticky DOWN already in place
D/NetMon.PingService( 1104): dispatchPendingIntents(internet = DOWN)
D/NetMon.PingTask( 1104): pingRequest(): started...
E/NetMon.PingTask( 1104): pingRequest(): error, timeout on hostname lookup after waiting 2ms, internet is DOWN
