I/PackageManager(  991): Time to scan packages: 5.237 seconds
W/PackageManager(  991): Unknown permission amazon.device.permission.RECEIVE_METRICS in package com.amazon.vizzini
W/PackageManager(  991): Unknown permission android.permission.READ_SECURE_SETTINGS in package com.amazon.bueller.notification
W/PackageManager(  991): Unknown permission com.amazon.firecard.permission.DIAGNOSTIC in package com.amazon.device.logmanager
W/PackageManager(  991): Unknown permission android.permission.ACCESS_SUPERUSER in package com.amazon.ods.kindleconnect
W/PackageManager(  991): Unknown permission android.permission.NEW_OUTGOING_CALL in package com.amazon.ods.kindleconnect
W/PackageManager(  991): Unknown permission com.amazon.csapp.permission.BROADCAST_TO_CSAPP in package com.amazon.ods.kindleconnect
W/PackageManager(  991): Unknown permission android.permission.SYSTEM_OVERLAY_WINDOW in package com.amazon.ssm
W/PackageManager(  991): Not granting permission android.permission.SET_ACTIVITY_WATCHER to package com.amazon.kindle.cms (protectionLevel=2 flags=0x4009be45)
W/PackageManager(  991): Unknown permission com.amazon.mp3.TPA_ACCESS in package com.amazon.kindle.cms
W/PackageManager(  991): Unknown permission com.google.android.googleapps.permission.GOOGLE_AUTH in package com.amazon.tv.settings
W/PackageManager(  991): Unknown permission com.android.launcher.permission.READ_SETTINGS in package com.amazon.tv.settings
W/PackageManager(  991): Unknown permission com.android.launcher.permission.WRITE_SETTINGS in package com.amazon.tv.settings
W/PackageManager(  991): Unknown permission com.netflix.ninja.permission.ESN in package com.amazon.tv.settings
W/PackageManager(  991): Unknown permission com.android.launcher.permission.READ_SETTINGS in package com.android.onetimeinitializer
W/PackageManager(  991): Unknown permission com.android.launcher.permission.WRITE_SETTINGS in package com.android.onetimeinitializer
W/PackageManager(  991): Not granting permission android.permission.DELETE_PACKAGES to package com.svox.pico (protectionLevel=18 flags=0x8be45)
W/PackageManager(  991): Unknown permission com.amazon.device.READ_CONTROLLERS in package com.amazon.device.bluetoothdfu
W/PackageManager(  991): Unknown permission com.amazon.device.WRITE_CONTROLLERS in package com.amazon.device.bluetoothdfu
W/PackageManager(  991): Unknown permission com.amazon.permission.CONFIG_SOFTKEYS in package com.amazon.device.bluetoothdfu
W/PackageManager(  991): Unknown permission com.amazon.tv.btpair.MANAGE_DEVICES in package com.amazon.tv.oobe
W/PackageManager(  991): Unknown permission com.amazon.tv.permission.SHOW_WIFI_WPS_DIALOG in package com.amazon.tv.oobe
W/PackageManager(  991): Not granting permission android.permission.SET_ACTIVITY_WATCHER to package com.amazon.tv.launcher (protectionLevel=2 flags=0x40183e45)
W/PackageManager(  991): Unknown permission com.amazon.permission.ACTIVITY_LIFECYCLE in package com.amazon.tv.launcher
W/PackageManager(  991): Unknown permission com.amazon.tv.comrade.permission.LAUNCH_PURCHASE_OPTIONS in package com.amazon.tv.launcher
W/PackageManager(  991): Unknown permission com.amazon.permission.SET_FLAG_EXPANDED_SOFTKEYS in package com.amazon.avod
W/PackageManager(  991): Unknown permission com.amazon.permission.CONFIG_SOFTKEYS in package com.amazon.avod
W/PackageManager(  991): Unknown permission com.google.android.gallery3d.permission.GALLERY_PROVIDER in package com.android.bluetooth
W/PackageManager(  991): Unknown permission com.android.gallery3d.permission.GALLERY_PROVIDER in package com.android.bluetooth
W/PackageManager(  991): Unknown permission android.permission.MMS_SEND_OUTBOX_MSG in package com.android.bluetooth
W/PackageManager(  991): Not granting permission android.permission.DISABLE_KEYGUARD to package com.amazon.kindle (protectionLevel=146 flags=0x8be46)
I/SystemServer(  991): User Service
I/SystemServiceManager(  991): Starting com.android.server.lights.LightsService
I/SystemServiceManager(  991): Starting com.android.server.BatteryService
I/SystemServiceManager(  991): Starting com.android.server.usage.UsageStatsService
I/SystemServiceManager(  991): Starting com.android.server.webkit.WebViewUpdateService
I/SystemServer(  991): Profile Manager
I/SystemServer(  991): Reading configuration...
I/SystemServer(  991): Scheduling Policy
I/SystemServiceManager(  991): Starting com.android.server.telecom.TelecomLoaderService
I/SystemServer(  991): Telephony Registry
I/SystemServer(  991): Entropy Mixer
I/EntropyMixer(  991): Writing entropy...
I/SystemServer(  991): Account Manager
I/SystemServer(  991): Content Manager
I/SystemServer(  991): System Content Providers
I/SystemServer(  991): Vibrator Service
I/SystemServer(  991): Consumer IR Service
I/SystemServiceManager(  991): Starting com.android.server.AlarmManagerService
E/AlarmManager(  991): Wakeup Mask is set to detect *ALL* wakeup alarms
I/SystemServer(  991): Init Watchdog
I/SystemServer(  991): Input Manager
I/InputManager(  991): Initializing input manager, mUseDevInputEventForAudioJack=false
I/SystemServer(  991): Window Manager
I/WindowManager(  991): No existing display settings /data/system/display_settings.xml; starting empty
I/InputManager(  991): Starting input manager
I/SystemServer(  991): Bluetooth Manager Service
I/SystemServer(  991): Input Method Service
W/InputMethodManagerService(  991): Couldn't create dir.: /data/system/inputmethod
W/InputMethodManagerService(  991): Settings not found for 'safe mode' for current user
I/SystemServer(  991): Accessibility Manager
I/ActivityManager(  991): Config changes=1df8 {1.0 ?mcc?mnc en_US ?layoutDir sw540dp w960dp h540dp 320dpi lrg long land ?uimode ?night -touch -keyb/v/h -nav/h s.2}
I/ActivityManager(  991): Config changes=400 {1.0 ?mcc?mnc en_US ?layoutDir sw540dp w960dp h515dp 320dpi lrg long land ?uimode ?night -touch -keyb/v/h -nav/h s.3}
I/SystemServer(  991): Mount Service
I/UsageStatsService(  991): User[0] Rollover scheduled @ 1970-01-02 19:00:00(172800000)
D/MountService(  991): got storage path: /storage/sdcard0 description: Internal storage primary: true removable: false emulated: true mtpReserve: 100 allowMassStorage: false maxFileSize: 0
D/MountService(  991): addVolumeLocked() StorageVolume:
D/MountService(  991):     mStorageId=65537 mPath=/storage/emulated/0 mDescriptionId=17040874 
D/MountService(  991):     mPrimary=true mRemovable=false mEmulated=true mMtpReserveSpace=100 
D/MountService(  991):     mAllowMassStorage=false mMaxFileSize=0 mOwner=UserHandle{0} mUuid=null 
D/MountService(  991):     mUserLabel=null mState=null mFsType=null 
D/MountService(  991): got storage path: /storage/sdcard1 description: Storage device primary: false removable: true emulated: false mtpReserve: 0 allowMassStorage: false maxFileSize: 4294967296
D/MountService(  991): addVolumeLocked() StorageVolume:
D/MountService(  991):     mStorageId=0 mPath=/storage/sdcard1 mDescriptionId=17040875 mPrimary=false 
D/MountService(  991):     mRemovable=true mEmulated=false mMtpReserveSpace=0 mAllowMassStorage=false 
D/MountService(  991):     mMaxFileSize=4294967296 mOwner=null mUuid=null mUserLabel=null mState=null 
D/MountService(  991):     mFsType=null 
D/MountService(  991): got storage path: /mnt/usbdisk description: USB storage primary: false removable: true emulated: false mtpReserve: 0 allowMassStorage: false maxFileSize: 0
D/MountService(  991): addVolumeLocked() StorageVolume:
D/MountService(  991):     mStorageId=0 mPath=/mnt/usbdisk mDescriptionId=17040876 mPrimary=false 
D/MountService(  991):     mRemovable=true mEmulated=false mMtpReserveSpace=0 mAllowMassStorage=false 
D/MountService(  991):     mMaxFileSize=0 mOwner=null mUuid=null mUserLabel=null mState=null 
D/MountService(  991):     mFsType=null 
I/SystemServer(  991): LockSettingsService
I/SystemServiceManager(  991): Starting com.android.server.devicepolicy.DevicePolicyManagerService$Lifecycle
I/SystemServer(  991): Status Bar
I/SystemServer(  991): Clipboard Service
I/SystemServer(  991): NetworkManagement Service
I/SystemServer(  991): Text Service Manager Service
W/PackageManager(  991): Unknown permission amazon.device.permission.RECEIVE_METRICS in package com.amazon.vizzini
W/PackageManager(  991): Unknown permission android.permission.READ_SECURE_SETTINGS in package com.amazon.bueller.notification
W/PackageManager(  991): Unknown permission com.amazon.firecard.permission.DIAGNOSTIC in package com.amazon.device.logmanager
W/PackageManager(  991): Unknown permission android.permission.ACCESS_SUPERUSER in package com.amazon.ods.kindleconnect
W/PackageManager(  991): Unknown permission android.permission.NEW_OUTGOING_CALL in package com.amazon.ods.kindleconnect
W/PackageManager(  991): Unknown permission com.amazon.csapp.permission.BROADCAST_TO_CSAPP in package com.amazon.ods.kindleconnect
W/PackageManager(  991): Unknown permission android.permission.SYSTEM_OVERLAY_WINDOW in package com.amazon.ssm
W/PackageManager(  991): Not granting permission android.permission.SET_ACTIVITY_WATCHER to package com.amazon.kindle.cms (protectionLevel=2 flags=0x4009be45)
W/PackageManager(  991): Unknown permission com.amazon.mp3.TPA_ACCESS in package com.amazon.kindle.cms
W/PackageManager(  991): Unknown permission com.google.android.googleapps.permission.GOOGLE_AUTH in package com.amazon.tv.settings
W/PackageManager(  991): Unknown permission com.android.launcher.permission.READ_SETTINGS in package com.amazon.tv.settings
W/PackageManager(  991): Unknown permission com.android.launcher.permission.WRITE_SETTINGS in package com.amazon.tv.settings
W/PackageManager(  991): Unknown permission com.netflix.ninja.permission.ESN in package com.amazon.tv.settings
W/PackageManager(  991): Unknown permission com.android.launcher.permission.READ_SETTINGS in package com.android.onetimeinitializer
W/PackageManager(  991): Unknown permission com.android.launcher.permission.WRITE_SETTINGS in package com.android.onetimeinitializer
W/PackageManager(  991): Not granting permission android.permission.DELETE_PACKAGES to package com.svox.pico (protectionLevel=18 flags=0x8be45)
W/PackageManager(  991): Unknown permission com.amazon.device.READ_CONTROLLERS in package com.amazon.device.bluetoothdfu
W/PackageManager(  991): Unknown permission com.amazon.device.WRITE_CONTROLLERS in package com.amazon.device.bluetoothdfu
W/PackageManager(  991): Unknown permission com.amazon.permission.CONFIG_SOFTKEYS in package com.amazon.device.bluetoothdfu
W/PackageManager(  991): Unknown permission com.amazon.tv.btpair.MANAGE_DEVICES in package com.amazon.tv.oobe
W/PackageManager(  991): Unknown permission com.amazon.tv.permission.SHOW_WIFI_WPS_DIALOG in package com.amazon.tv.oobe
W/PackageManager(  991): Not granting permission android.permission.SET_ACTIVITY_WATCHER to package com.amazon.tv.launcher (protectionLevel=2 flags=0x40183e45)
W/PackageManager(  991): Unknown permission com.amazon.permission.ACTIVITY_LIFECYCLE in package com.amazon.tv.launcher
W/PackageManager(  991): Unknown permission com.amazon.tv.comrade.permission.LAUNCH_PURCHASE_OPTIONS in package com.amazon.tv.launcher
W/PackageManager(  991): Unknown permission com.amazon.permission.SET_FLAG_EXPANDED_SOFTKEYS in package com.amazon.avod
W/PackageManager(  991): Unknown permission com.amazon.permission.CONFIG_SOFTKEYS in package com.amazon.avod
W/PackageManager(  991): Unknown permission com.google.android.gallery3d.permission.GALLERY_PROVIDER in package com.android.bluetooth
W/PackageManager(  991): Unknown permission com.android.gallery3d.permission.GALLERY_PROVIDER in package com.android.bluetooth
W/PackageManager(  991): Unknown permission android.permission.MMS_SEND_OUTBOX_MSG in package com.android.bluetooth
W/PackageManager(  991): Not granting permission android.permission.DISABLE_KEYGUARD to package com.amazon.kindle (protectionLevel=146 flags=0x8be46)
W/TextServicesManagerService(  991): no available spell checker services found
I/SystemServer(  991): Network Score Service
I/SystemServer(  991): NetworkStats Service
I/SystemServer(  991): NetworkPolicy Service
I/SystemServiceManager(  991): Starting com.android.server.wifi.p2p.WifiP2pService
I/SystemServiceManager(  991): Starting com.android.server.wifi.WifiService
I/SystemServiceManager(  991): Starting com.android.server.wifi.WifiScanningService
I/SystemServiceManager(  991): Starting com.android.server.wifi.RttService
I/SystemServiceManager(  991): Starting com.android.server.ethernet.EthernetService
I/SystemServer(  991): Connectivity Service
D/ConnectivityService(  991): ConnectivityService starting up
D/ConnectivityService(  991): wifiOnly=true
E/ConnectivityService(  991): Ignoring protectedNetwork 10
E/ConnectivityService(  991): Ignoring protectedNetwork 11
E/ConnectivityService(  991): Ignoring protectedNetwork 12
E/ConnectivityService(  991): Ignoring protectedNetwork 14
E/ConnectivityService(  991): Ignoring protectedNetwork 15
I/SystemServer(  991): Network Service Discovery Service
D/NsdService(  991): Network service discovery enabled true
I/SystemServer(  991): UpdateLock Service
I/SystemServiceManager(  991): Starting com.android.server.notification.NotificationManagerService
I/SystemServiceManager(  991): Starting com.android.server.storage.DeviceStorageMonitorService
I/SystemServer(  991): Location Manager
I/SystemServer(  991): Country Detector
I/SystemServer(  991): Search Service
I/SystemServer(  991): DropBox Service
I/SystemServer(  991): Audio Service
I/SystemServiceManager(  991): Starting com.android.server.DockObserver
W/DockObserver(  991): This kernel does not have dock station support
I/SystemServer(  991): Wired Accessory Manager
W/WiredAccessoryManager(  991): This kernel does not have wired headset support
V/WiredAccessoryManager(  991): init()
V/WiredAccessoryManager(  991): newName=hdmi_audio newState=16 headsetState=16 prev headsetState=0
I/SystemServiceManager(  991): Starting com.android.server.usb.UsbService$Lifecycle
E/AmazonUsbDeviceManagerCallback(  991): AmazonMtpObserverService is unavailable
I/SystemServer(  991): Serial Service
I/SystemServiceManager(  991): Starting com.android.server.twilight.TwilightService
I/SystemServiceManager(  991): Starting com.android.server.UiModeManagerService
I/SystemServiceManager(  991): Starting com.android.server.job.JobSchedulerService
I/JobSchedulerService(  991): No RTC in this hardware!
I/SystemServiceManager(  991): Starting com.android.server.appwidget.AppWidgetService
I/SystemServer(  991): DiskStats Service
I/SystemServer(  991): SamplingProfiler Service
I/SystemServer(  991): CommonTimeManagementService
I/SystemServer(  991): CertBlacklister
I/SystemServiceManager(  991): Starting com.android.server.dreams.DreamManagerService
I/SystemServer(  991): Assets Atlas Service
I/SystemServiceManager(  991): Starting com.android.server.print.PrintManagerService
I/SystemServiceManager(  991): Starting com.android.server.restrictions.RestrictionsManagerService
I/SystemServiceManager(  991): Starting com.android.server.media.MediaSessionService
I/SystemServiceManager(  991): Starting com.android.server.tv.TvInputManagerService
I/SystemServer(  991): Media Router Service
I/SystemServiceManager(  991): Starting com.android.server.trust.TrustManagerService
I/SystemServiceManager(  991): Starting com.android.server.fingerprint.FingerprintService
I/SystemServer(  991): BackgroundDexOptService
I/SystemServiceManager(  991): Starting com.android.server.pm.LauncherAppsService
I/SystemServiceManager(  991): Starting android.display.QService
D/QService(  991): QService constructor
I/SystemServiceManager(  991): Starting com.amazon.acos.service.TimeService
D/TimeService(  991): TimeService is being created.
I/SystemServiceManager(  991): Starting com.amazon.android.crl.CRLSetManagerService
I/SystemServiceManager(  991): Starting com.amazon.android.hardware.gamecontroller.GameControllerService
I/SystemServiceManager(  991): Starting com.amazon.android.internal.library.AmazonLibraryService
I/SystemServiceManager(  991): Starting com.amazon.android.internal.packagerecency.PackageRecencyFilterConfigService
I/SystemServiceManager(  991): Starting com.amazon.android.internal.server.input.AmazonInputManagerService
I/SystemServiceManager(  991): Starting com.amazon.android.os.FileLinkerService
W/FileShareRegistry(  991): Unable to read file share list
I/SystemServiceManager(  991): Starting com.amazon.android.server.ads.identifier.AdvertisingIdManagerService
I/SystemServiceManager(  991): Starting com.amazon.android.server.am.AmazonActivityManagerService
I/SystemServiceManager(  991): Starting com.amazon.android.server.db.AmazonDropBoxManagerService
I/SystemServiceManager(  991): Starting com.amazon.android.server.devicepolicy.AmazonDevicePolicyManagerService
I/SystemServiceManager(  991): Starting com.amazon.android.server.display.AmazonDisplayManagerService
V/AmazonDisplayManagerService(  991): ctor
I/SystemServiceManager(  991): Starting com.amazon.android.server.wm.AmazonWindowManagerService
I/SystemServiceManager(  991): Starting com.amazon.android.service.ChronosService
E/ServiceConfigHelper(  991): /etc/chronos.montoya.conf: open failed: ENOENT (No such file or directory)
I/SystemServiceManager(  991): Starting com.amazon.android.service.DeviceInfoService
I/SystemServiceManager(  991): Starting com.amazon.android.service.MarketplaceService
I/SystemServiceManager(  991): Starting com.amazon.android.service.AmazonProductPolicyService
I/SystemServiceManager(  991): Starting com.amazon.android.service.AmazonWifiService
I/SystemServiceManager(  991): Starting com.amazon.android.service.hdmi.AmazonHdmiService
I/AmazonHdmiService(  991): valid IQService object
E/AmazonHdmiService(  991): Failed to retrieve accounts info
I/AmazonHdmiService(  991): AmazonHdmiService object created
I/SystemServiceManager(  991): Starting com.amazon.android.service.ledmanager.FireTvLedManagerService
D/FireTvLedManagerService(  991): FireTvLedManagerService object created
D/FireTvLedManagerService(  991): FireTvLedManagerService capri
D/FireTvLedManagerService(  991): Init thermal and led manager capri 
I/NopLedManager(  991): NopLedManager
I/FireTvStickTemperatureObserver(  991): Wifi remote paired detected on boot, switch to new thermal policy
I/FireTvStickTemperatureObserver(  991): switching to new thermal policy
I/SystemServiceManager(  991): Starting com.amazon.android.service.mtp.AmazonMtpObserverService
I/SystemServiceManager(  991): Starting com.amazon.android.service.pm.AmazonPackageManagerService
D/AmazonPackageManagerService(  991): Starting amazonpackagemanager service.
I/SystemServiceManager(  991): Starting com.amazon.android.server.pm.AmazonUserManagerService
I/LoggerMetricsFactoryImpl(  991): ThermalEvent:tmon:temp_soc_screen_on_wifi=54665.0;CT;1,temp_103_screen_on_wifi=57000.0;CT;1:NR
I/SystemServiceManager(  991): Starting com.amazon.android.service.thermal.ThermalService
I/SystemServiceManager(  991): Starting com.amazon.android.service.wifi.WifiControllerService
I/SystemServiceManager(  991): Starting com.amazon.mousemode.MouseModeService
I/SystemServiceManager(  991): Starting amazon.fireos.debug.FireOSDebugService
I/SystemServiceManager(  991): Starting com.android.server.media.projection.MediaProjectionManagerService
I/SystemServiceManager(  991): Starting com.android.server.MmsServiceBroker
E/LockSettingsStorage(  991): Cannot read file java.io.FileNotFoundException: /data/system/password.key: open failed: ENOENT (No such file or directory)
E/LockSettingsStorage(  991): Cannot read file java.io.FileNotFoundException: /data/system/gesture.key: open failed: ENOENT (No such file or directory)
I/SystemServiceManager(  991): Starting phase 480
I/SystemServiceManager(  991): Starting phase 500
I/WifiService(  991): WifiService starting up with Wi-Fi enabled
D/WifiService(  991): setWifiEnabled: true pid=991, uid=1000
E/WifiService(  991): Invoking mWifiStateMachine.setWifiEnabled
D/WifiService(  991): New client listening to asynchronous messages
D/WifiScanningService(  991): New client, channel: null messenger: null
D/ConnectivityService(  991): Got NetworkFactory Messenger for Ethernet
I/ActivityManager(  991): Config changes=200 {1.0 ?mcc?mnc en_US ?layoutDir sw540dp w960dp h515dp 320dpi lrg long land television -touch -keyb/v/h -nav/h s.4}
W/TvInputHardwareManager(  991): HdmiControlService is not available
V/AmazonDisplayManagerService(  991): systemReady
D/QService(  991): Setting overscan scaling to 1.0, 1.0
I/AmazonHdmiService(  991): System ready called.
I/AmazonHdmiService(  991): Creating the CECApiLibrary Object
D/AmazonProductPolicyService(  991): Parse Policy Files
D/AmazonProductPolicyService(  991): Parsing global_policy.xml
D/AmazonProductPolicyService(  991): common_device_policy.xml does not exist
D/AmazonProductPolicyService(  991): product_policy.xml does not exist
V/AmazonProductPolicyService(  991): No entries found in policy files
I/AmazonHdmiService(  991): Initializing CEC library.
I/AmazonHdmiService(  991): Reading the initial hdmi state
I/AmazonHdmiService(  991): /sys/class/switch/hdmi_audio/stateSwitch state: 1
I/AmazonHdmiService(  991): Starting UEvent observation
I/FireTvLedManagerService(  991): System ready called.
I/ActivityManager(  991): Config changes=60 {1.0 ?mcc?mnc en_US ?layoutDir sw540dp w960dp h515dp 320dpi lrg long land television -touch -keyb/v/h dpad/v s.5}
I/AppOps  (  991): Pruning old package media/1013: new uid=-1
I/ActivityManager(  991): System now ready
I/SystemServer(  991): Making services ready
I/SystemServiceManager(  991): Starting phase 550
I/DisplayManagerService(  991): Display device changed: DisplayDeviceInfo{"Built-in Screen": uniqueId="local:0", 1920 x 1080, 59.999996 fps, supportedRefreshRates [59.999996], density 320, 48.26 x 48.26 dpi, appVsyncOff 0, presDeadline 17666668, touch INTERNAL, rotation 0, type BUILT_IN, state ON, FLAG_DEFAULT_DISPLAY, FLAG_SECURE, FLAG_SUPPORTS_PROTECTED_BUFFERS}
W/ActivityManager(  991): Unable to start service Intent { act=com.android.ITelecomService cmp=com.android.server.telecom/.TelecomService } U=0: not found
I/SystemServer(  991): WebViewFactory preparation
D/UsbHostManager(  991): Added device UsbDevice[mName=/dev/bus/usb/001/002,mVendorId=2652,mProductId=48415,mClass=255,mSubclass=0,mProtocol=0,mManufacturerName=Broadcom,mProductName=Remote Download Wireless Adapter,mSerialNumber=000000000001,mConfigurations=[
D/UsbHostManager(  991): UsbConfiguration[mId=1,mName=null,mAttributes=160,mMaxPower=250,mInterfaces=[
D/UsbHostManager(  991): UsbInterface[mId=0,mAlternateSetting=0,mName=Remote Download Wireless Adapter,mClass=255,mSubclass=2,mProtocol=255,mEndpoints=[
D/UsbHostManager(  991): UsbEndpoint[mAddress=129,mAttributes=3,mMaxPacketSize=16,mInterval=4]
D/UsbHostManager(  991): UsbEndpoint[mAddress=130,mAttributes=2,mMaxPacketSize=512,mInterval=0]
D/UsbHostManager(  991): UsbEndpoint[mAddress=131,mAttributes=2,mMaxPacketSize=512,mInterval=0]
D/UsbHostManager(  991): UsbEndpoint[mAddress=4,mAttributes=2,mMaxPacketSize=512,mInterval=1]]]]
W/ContextImpl(  991): Calling a method in the system process without a qualified user: android.app.ContextImpl.sendBroadcast:1411 com.android.server.usb.UsbSettingsManager.deviceAttached:741 com.android.server.usb.UsbHostManager.endUsbDeviceAdded:224 com.android.server.usb.UsbHostManager.monitorUsbHostBus:-2 com.android.server.usb.UsbHostManager.access$000:42 
I/ActivityManager(  991): Start proc 1085:WebViewLoader-armeabi-v7a/1037 [android.webkit.WebViewFactory$RelroFileCreator] for 
I/ActivityManager(  991): Start proc 1091:android.process.media/u0a22025 for broadcast com.android.providers.media/.MtpReceiver
I/ActivityManager(  991): Start proc 1104:com.amazon.device.services/1000 for service com.android.systemui/.SystemUIService
D/NetworkManagementService(  991): enabling bandwidth control
D/VendorDisplayManagerGlobalCallback( 1091): callGetInstance: nil
D/VendorDisplayManagerGlobalCallback( 1104): callGetInstance: nil
I/SystemServiceManager(  991): Starting phase 600
E/InputMethodManagerService(  991): Ignoring setImeWindowStatus due to an invalid token. uid:1000 token:null
W/InputMethodManagerService(  991): Settings not found for 'safe mode' for current user
I/ActivityManager(  991): Start proc 1279:com.amazon.tv.ime/u0a22071 for service com.amazon.tv.ime/.FireTVIME
V/InputMethodManagerService(  991): Adding window token: android.os.Binder@2866047
W/LocationManagerService(  991): no network location provider found
D/ActivityManager(  991): single user service: system
D/ActivityManager(  991): app = system, has single user service, setting process record.
E/LocationManagerService(  991): no geocoder provider found
E/LocationManagerService(  991): FLP HAL not supported
D/ActivityManager(  991): single user service: system
D/ActivityManager(  991): app = system, has single user service, setting process record.
E/LocationManagerService(  991): Unable to bind FLP Geofence proxy.
E/LocationManagerService(  991): Hardware Activity-Recognition not supported.
I/location(  991): location_manager:passive:request_location_updates=1.0;CT;1:NR
I/location(  991): location_manager:passive:interval=0.0;TI;1:NR
I/location(  991): location_manager:passive:displacement=0.0;TI;1:NR
I/location(  991): location_manager:passive:request_location_updates_app=android;DV;1:NR
I/MmsServiceBroker(  991): Delay connecting to MmsService until an API is called
D/BatteryStatsExtension.VitalEmitterBatteryAndTime(  991): VitalEmitterBatteryAndTime.start(-): not runnable
I/ActivityManager(  991): Start proc 1302:com.amazon.precog/u0a22061 for added application com.amazon.precog
I/ActivityManager(  991): Start proc 1312:com.amazon.vizzini/u0a22080 for added application com.amazon.vizzini
I/ActivityManager(  991): Start proc 1340:com.amazon.device.logmanager/u0a22022 for added application com.amazon.device.logmanager
I/ActivityManager(  991): Start proc 1355:com.amazon.imp/u0a22054 for added application com.amazon.imp
I/ActivityManager(  991): Start proc 1416:com.amazon.tcomm/u0a22067 for added application com.amazon.tcomm
I/ActivityManager(  991): START u0 {act=android.intent.action.MAIN cat=[android.intent.category.HOME] flg=0x10000000 cmp=com.amazon.tv.oobe/.RegistrationActivity} from uid 0 on display 0
W/ResourcesManager(  991): Asset path '/system/framework/android.amazon.res.jar' does not exist or contains no resources.
W/ActivityManager(  991): Input dispatching paused for current ActivityRecord: ActivityRecord{243281a3 u0 com.amazon.tv.oobe/.RegistrationActivity t160}
V/WindowManager(  991): addAppToken: AppWindowToken{1db55059 token=Token{34130ca0 ActivityRecord{243281a3 u0 com.amazon.tv.oobe/.RegistrationActivity t160}}} to stack=0 task=160 at 0
I/ActivityManager(  991): Start proc 1424:com.amazon.tv.oobe/u0a22075 for activity com.amazon.tv.oobe/.RegistrationActivity
V/ActivityManager(  991): Display changed displayId=0
V/WiredAccessoryManager(  991): device hdmi_audio connected
V/ActivityManager(  991): Display changed displayId=0
I/location(  991): location_manager:passive:request_location_updates=1.0;CT;1:NR
I/location(  991): location_manager:passive:interval=0.0;TI;1:NR
I/location(  991): location_manager:passive:displacement=20000.0;TI;1:NR
I/location(  991): location_manager:passive:request_location_updates_app=android;DV;1:NR
D/BatteryStatsExtension.VitalEmitterBatteryAndTime(  991): VitalEmitterBatteryAndTime.start(-): not runnable
D/VendorDisplayManagerGlobalCallback( 1279): callGetInstance: nil
D/VendorDisplayManagerGlobalCallback( 1312): callGetInstance: nil
W/ResourcesManager( 1279): Asset path '/system/framework/android.amazon.res.jar' does not exist or contains no resources.
D/VendorDisplayManagerGlobalCallback( 1340): callGetInstance: nil
D/VendorDisplayManagerGlobalCallback( 1355): callGetInstance: nil
V/ActivityManager(  991): Display changed displayId=0
I/ValidateNoPeople(  991): skipping global notification
D/VendorDisplayManagerGlobalCallback( 1424): callGetInstance: nil
I/LoggerMetricsFactoryImpl(  991): BluetoothManagerService:power_state:state=1;DV;1:NR
W/ResourcesManager( 1424): Asset path '/system/framework/android.amazon.res.jar' does not exist or contains no resources.
D/VendorDisplayManagerGlobalCallback( 1416): callGetInstance: nil
I/ActivityManager(  991): Start proc 1475:com.android.bluetooth/1002 for service com.android.bluetooth/.btservice.AdapterService
W/ActivityManager(  991): Unable to start service Intent { cmp=com.android.printspooler/.model.PrintSpoolerService } U=0: not found
D/VendorDisplayManagerGlobalCallback( 1302): callGetInstance: nil
V/WiredAccessoryManager(  991): init()
V/WiredAccessoryManager(  991): newName=hdmi_audio newState=16 headsetState=16 prev headsetState=16
W/AppWidgetServiceImpl(  991): Failed to read state: java.io.FileNotFoundException: /data/system/users/0/appwidgets.xml: open failed: ENOENT (No such file or directory)
V/AppWidgetServiceImpl(  991): Upgrading widget database from 0 to 1
I/FrameworkJumpTable( 1279): Successfully loaded all classes
I/FrameworkJumpTable( 1279): Successfully loaded all methods
D/VendorDisplayManagerGlobalCallback( 1475): callGetInstance: nil
I/FrameworkJumpTable( 1279): Successfully loaded all fields
D/ActivityManager(  991): single user service: com.amazon.client.metrics
I/ActivityManager(  991): Start proc 1500:com.amazon.client.metrics/u0a22027 for service com.amazon.client.metrics/.AndroidMetricsServiceAdapter
D/ActivityManager(  991): app = com.amazon.client.metrics, has single user service, setting process record!
W/ActivityManager(  991): getRunningAppProcesses: caller 32061 does not hold REAL_GET_TASKS; limiting output
D/ActivityManager(  991): single user service: com.amazon.precog
D/ActivityManager(  991): app = com.amazon.precog, has single user service, setting process record.
I/ActivityManager(  991): Start proc 1516:com.amazon.device.settings/u0a22030 for content provider com.amazon.device.settings/.SettingsProvider
D/VendorDisplayManagerGlobalCallback( 1500): callGetInstance: nil
D/VendorDisplayManagerGlobalCallback( 1516): callGetInstance: nil
W/ResourcesManager( 1279): Asset path '/system/framework/android.amazon.res.jar' does not exist or contains no resources.
W/ResourcesManager( 1424): Asset path '/system/framework/android.amazon.res.jar' does not exist or contains no resources.
D/BatteryStatsExtension.VitalEmitterBatteryAndTime(  991): VitalEmitterBatteryAndTime.start(-): not runnable
D/BatteryStatsExtension.VitalEmitterBatteryAndTime(  991): VitalEmitterBatteryAndTime.start(-): not runnable
I/FrameworkJumpTable( 1424): Successfully loaded all classes
D/BatteryStatsExtension.VitalEmitterBatteryAndTime(  991): VitalEmitterBatteryAndTime.start(-): not runnable
I/FrameworkJumpTable( 1424): Successfully loaded all methods
I/FrameworkJumpTable( 1424): Successfully loaded all fields
D/BatteryStatsExtension.VitalEmitterBatteryAndTime(  991): VitalEmitterBatteryAndTime.start(-): not runnable
D/BatteryStatsExtension.VitalEmitterBatteryAndTime(  991): VitalEmitterBatteryAndTime.start(-): not runnable
D/ConnectivityService(  991): Got NetworkFactory Messenger for WIFI
D/ConnectivityService(  991): Got NetworkFactory Messenger for WIFI_UT
D/BatteryStatsExtension.VitalEmitterBatteryAndTime(  991): VitalEmitterBatteryAndTime.start(-): not runnable
V/WindowManager(  991): Based on layer: Adding window Window{1d140387 u0 com.amazon.tv.oobe/com.amazon.tv.oobe.RegistrationActivity} at 0 of 0
I/LoggerMetricsFactoryImpl(  991): PhoneWindowManager:ActivityChanged:com.amazon.tv.oobe=1.0;CT;1:NR
D/BatteryStatsExtension.VitalEmitterBatteryAndTime(  991): VitalEmitterBatteryAndTime.start(-): not runnable
I/ActivityManager(  991): Start proc 1619:com.amazon.device.controllermanager:BluetoothReceiver/u0a2 for broadcast com.amazon.device.controllermanager/.bluetooth.BluetoothReceiver
E/WifiP2pService(  991): CREATE_GROUP
D/BatteryStatsExtension.VitalEmitterBatteryAndTime(  991): VitalEmitterBatteryAndTime.start(-): not runnable
D/BatteryStatsExtension.VitalEmitterBatteryAndTime(  991): VitalEmitterBatteryAndTime.start(-): not runnable
I/AmazonHdmiService(  991): AudioManager.EXTRA_ENCODINGS=[2, 5]
I/AudioOutputFormatManager(  991): Request to get dolby device id
I/AudioOutputFormatManager(  991): enableAudioFormat with device ordinal: 3 format: 1
I/AudioOutputFormatManager(  991): KeyValuePair: spdif_format=0;hdmi_format=5;Status: 0
I/AudioOutputFormatManager(  991): Storing new dolby device with id: 3
I/AudioOutputFormatManager(  991): setDolbyPassthroughAvailability()
I/AudioOutputFormatManager(  991): Request to get dolby device id
I/AudioOutputFormatManager(  991): setDolbyPassthroughAvailability(): Value calculated for Dolby passthrough availability: 1
I/AudioOutputFormatManager(  991): setDolbyPassthroughAvailability(): Dolby passthrough availability: 1
D/VendorDisplayManagerGlobalCallback( 1619): callGetInstance: nil
W/WindowManager(  991): App freeze timeout expired.
W/WindowManager(  991): Force clearing freeze: AppWindowToken{1db55059 token=Token{34130ca0 ActivityRecord{243281a3 u0 com.amazon.tv.oobe/.RegistrationActivity t160}}}
D/QService(  991): Get supported resolutions' mask = 3
I/AmazonHdmiService(  991): Get Current HDCP Version
I/ActivityManager(  991): Start proc 1655:com.amazon.device.controllermanager/u0a2 for service com.amazon.device.controllermanager/.bluetooth.BluetoothReceiverService
I/LoggerMetricsFactoryImpl(  991): AmazonWifiService:WifiMetricsHeartbeat:heartbeat=23477.0;CT;1:NR
D/VendorDisplayManagerGlobalCallback( 1655): callGetInstance: nil
D/WifiP2pService(  991): setAndPersistDeviceName Firestick's 25th Fire TV stick
D/ActivityManager(  991): single user service: com.amazon.tcomm
D/ActivityManager(  991): app = com.amazon.tcomm, has single user service, setting process record.
E/WifiP2pService(  991): P2P_GROUP_STARTED_EVENT freq = 2437
D/BatteryStatsExtension.VitalEmitterBatteryAndTime(  991): VitalEmitterBatteryAndTime.start(-): not runnable
D/BatteryStatsExtension.VitalEmitterBatteryAndTime(  991): VitalEmitterBatteryAndTime.start(-): not runnable
D/BatteryStatsExtension.VitalEmitterBatteryAndTime(  991): VitalEmitterBatteryAndTime.start(-): not runnable
E/WifiP2pService(  991): applyAutoGOHiddenSSIDState: remote_discovery_on=false wps_pbc_on=false wfd_on=false hiddenSSID=true
I/ActivityManager(  991): Start proc 1706:com.amazon.device.bluetoothdfu/u0a22048 for broadcast com.amazon.device.bluetoothdfu/.api.VersionQueryReceiver
D/WifiP2pService(  991): Started Dhcp server on p2p-p2p0-0
D/VendorDisplayManagerGlobalCallback( 1706): callGetInstance: nil
W/ResourcesManager( 1706): Asset path '/system/framework/android.amazon.res.jar' does not exist or contains no resources.
W/InputMethodManagerService(  991): Settings not found for 'safe mode' for current user
I/ActivityManager(  991): Process com.android.bluetooth (pid 1475) has died
I/ActivityManager(  991): Start proc 1762:com.android.bluetooth/1002 for service com.android.bluetooth/.btservice.AdapterService
D/VendorDisplayManagerGlobalCallback( 1762): callGetInstance: nil
W/ActivityManager(  991): Unable to start service Intent { cmp=com.android.systemui/.keyguard.KeyguardService } U=0: not found
I/LoggerMetricsFactoryImpl(  991): ScreenTime:updateLRUListLocked:page-type=KindleFramework;CK;1,hitType=deviceAction;CK;1,team-name=KindleFramework;CK;1,site_variant=KindleApplication;CK;1,page-action=fgStart;CK;1,sub-page-type=com.amazon.tv.oobe;CK;1,RequestId=06B87BBA21432AA0EF3E;DV;1:NA
I/LoggerMetricsFactoryImpl(  991): ScreenTime:updateLRUListLocked:page-type=KindleFramework;CK;1,hitType=deviceAction;CK;1,team-name=KindleFramework;CK;1,site_variant=KindleApplication;CK;1,page-action=scrnOn;CK;1,sub-page-type=com.amazon.tv.oobe;CK;1,RequestId=B2C83E38D400C9B7C03C;DV;1:NA
D/ActivityManager(  991): single user service: com.amazon.imp
D/ActivityManager(  991): app = com.amazon.imp, has single user service, setting process record.
W/KeyguardServiceDelegate(  991): onScreenTurnedOn(): no keyguard service!
I/AmazonHdmiService(  991): Get Current HDCP Version
D/BatteryStatsExtension.VitalEmitterBatteryAndTime(  991): VitalEmitterBatteryAndTime.start(-): not runnable
D/BatteryStatsExtension.VitalEmitterBatteryAndTime(  991): VitalEmitterBatteryAndTime.start(-): not runnable
D/BatteryStatsExtension.VitalEmitterBatteryAndTime(  991): VitalEmitterBatteryAndTime.start(-): not runnable
D/ActivityManager(  991): single user service: com.amazon.tcomm
D/ActivityManager(  991): app = com.amazon.tcomm, has single user service, setting process record.
D/ActivityManager(  991): single user service: com.amazon.tcomm
D/ActivityManager(  991): app = com.amazon.tcomm, has single user service, setting process record.
I/SystemServiceManager(  991): Starting phase 1000
V/ActivityManager(  991): Display changed displayId=0
D/AmazonLibraryRegistry(  991): Could not find library com.amazon.tv.uilibrary
D/ActivityManager(  991): single user service: com.amazon.device.services
D/ActivityManager(  991): app = com.amazon.device.services, has single user service, setting process record.
W/ContextImpl( 1104): Calling a method in the system process without a qualified user: android.app.ContextImpl.startService:1776 android.content.ContextWrapper.startService:541 android.content.ContextWrapper.startService:541 com.amazon.bueller.notification.BootReceiver.onReceive:30 android.app.ActivityThread.handleReceiver:2662 
W/ContextImpl( 1104): Calling a method in the system process without a qualified user: android.app.ContextImpl.bindService:1840 android.content.ContextWrapper.bindService:564 com.amazon.client.metrics.MetricsServiceConnection.getService:76 com.amazon.client.metrics.MetricsServiceWrapper.getBoundService:47 com.amazon.client.metrics.MetricsServiceWrapper.<init>:38 
I/ActivityManager(  991): Start proc 1893:com.android.keychain/1000 for service com.android.keychain/.KeyChainService
W/ActivityManager(  991): Service attempted to set foreground with invalid notification
W/ActivityManager(  991): Service attempted to set foreground with invalid notification
D/VendorDisplayManagerGlobalCallback( 1893): callGetInstance: nil
W/DropBoxManagerService(  991): Unrecognized file: /data/system/dropbox/traces_commonlog.txt
I/BootReceiver(  991): Copying audit failures to DropBox
I/BootReceiver(  991): Copying /data/system/SYSTEM_LAST_KMSG to DropBox (SYSTEM_LAST_KMSG)
I/ActivityManager(  991): Start proc 1922:com.amazon.kindle.cms/u0a22055 for broadcast com.amazon.kindle.cms/.MaintenanceService$BootCompletedListener
I/CrashDescriptorUtil(  991): addErrorToCommonLog Hash already present in file
I/BootReceiver(  991): Checking for fsck errors
D/VendorDisplayManagerGlobalCallback( 1922): callGetInstance: nil
I/ActivityManager(  991): Start proc 1951:com.android.providers.downloads/u0a22014 for content provider com.android.providers.downloads/.DownloadProvider
D/VendorDisplayManagerGlobalCallback( 1951): callGetInstance: nil
I/syseng_board_status( 2015): syseng_board_status:boot_only:tbd_other_wifi=0;CT;1:NR 
I/syseng_board_status( 2018): syseng_board_status:vcbuild:type=release;DV;1,version=f37c056428b3511ce1530e6f5a27c453181292a8 (tainted);DV;1,branch=HEAD;DV;1,application=vmcs_android;DV;1,date=May 20 2016;DV;1,time=20 31 10;DV;1,platform=montoya;DV;1:NR 
D/ActivityManager(  991): single user service: com.amazon.kindle.cms
D/ActivityManager(  991): app = com.amazon.kindle.cms, has single user service, setting process record.
I/syseng_board_status( 2022): syseng_board_status:vchostmemuse:/system/bin/surfaceflinger=41472968;CT;1,system_server=8192000;CT;1,com.amazon.tv.oobe=35900144;CT;1,com.amazon.vizzini=708608;CT;1,/system/bin/mediaserver=8192;CT;1:NR 
I/syseng_board_status( 2025): syseng_board_status:vcrelocstats:total=519045120;CT;1,relocatable=519045120;CT;1,legacy=0;CT;1,offline=0;CT;1,small_allocs=94;CT;1,allocs=233;CT;1,alloc_fails=0;CT;1,legacy_block_fails=0;CT;1,compactions=0;CT;1,discard_compactions=0;CT;1,aggressive_compactions=0;CT;1,aggressive_compaction_waits=0;CT;1,aggressive_compaction_timeouts=0;CT;1,locks=0;CT;1,small_locks=0;CT;1,free=494927872;CT;1,freeBlocks=59;CT;1,largestFreeBlock=332398592;CT;1:NR 
I/syseng_board_status( 2029): syseng_board_status:vcwfc:stream_count=0x00000005;DV;1:NR 
I/syseng_board_status( 2032): syseng_board_status:vcrelocs2:vc_heap_count_dispmanx_txp_ch1=3;CT;1,vc_heap_size_dispmanx_txp_ch1=25067520;CT;1,vc_heap_count_mh_alloc_list=1;CT;1,vc_heap_size_mh_alloc_list=13824;CT;1,vc_heap_count_audioplus_tmp_buf=1;CT;1,vc_heap_size_audioplus_tmp_buf=16384;CT;1,vc_heap_count_dt_blob=1;CT;1,vc_heap_size_dt_blob=7592;CT;1,vc_heap_count_SLIM_IPC_STATE_T=3;CT;1,vc_heap_size_SLIM_IPC_STATE_T=1344;CT;1:NR 
I/syseng_board_status( 2035): syseng_board_status:vcrelocs2:corrupt=0;CT;1:NR 
I/syseng_board_status( 2042): syseng_board_status:vclmk:killed=0;CT;1:NR 
I/ActivityManager(  991): Start proc 2039:com.amazon.sync.service/u0a22082 for broadcast com.amazon.sync.service/com.amazon.sync.framework.receivers.DelegatedBroadcastReceiver$BootCompleteBroadcastListener
I/syseng_board_status( 2046): syseng_board_status:vmstat1:nr_free_pages=18217;CT;1,nr_inactive_anon=103;CT;1,nr_active_anon=30980;CT;1,nr_inactive_file=55227;CT;1,nr_active_file=11025;CT;1,nr_unevictable=0;CT;1,nr_mlock=0;CT;1,nr_anon_pages=30979;CT;1,nr_mapped=23857;CT;1,nr_file_pages=66380;CT;1,nr_dirty=1;CT;1,nr_writeback=1;CT;1,nr_slab_reclaimable=1434;CT;1,nr_slab_unreclaimable=2542;CT;1,nr_page_table_pages=2514;CT;1,nr_kernel_stack=560;CT;1,nr_unstable=0;CT;1,nr_bounce=0;CT;1,nr_vmscan_write=0;CT;1,nr_writeback_temp=0;CT;1,nr_isolated_anon=0;CT;1,nr_isolated_file=0;CT;1,nr_shmem=114;CT;1,nr_dirtied=867;CT;1,nr_written=866;CT;1,nr_anon_transparent_hugepages=0;CT;1,nr_dirty_threshold=23113;CT;1,nr_dirty_background_threshold=5778;CT;1:NR 
I/syseng_board_status( 2051): syseng_board_status:vmstat2:pgpgin=277581;CT;1,pgpgout=5837;CT;1,pswpin=0;CT;1,pswpout=0;CT;1,pgalloc_normal=263149;CT;1,pgalloc_movable=0;CT;1,pgfree=281441;CT;1,pgactivate=13441;CT;1,pgdeactivate=1;CT;1,pgfault=507249;CT;1,pgmajfault=2087;CT;1,pgrefill_normal=0;CT;1,pgrefill_movable=0;CT;1,pgsteal_normal=0;CT;1,pgsteal_movable=0;CT;1,pgscan_kswapd_normal=0;CT;1,pgscan_kswapd_movable=0;CT;1,pgscan_direct_normal=0;CT;1,pgscan_direct_movable=0;CT;1,pginodesteal=0;CT;1,pgrotated=1;CT;1:NR 
I/syseng_board_status( 2054): syseng_board_status:vmstat3:slabs_scanned=0;CT;1,kswapd_steal=0;CT;1,kswapd_inodesteal=0;CT;1,kswapd_low_wmark_hit_quickly=0;CT;1,kswapd_high_wmark_hit_quickly=0;CT;1,kswapd_skip_congestion_wait=0;CT;1,pageoutrun=0;CT;1,allocstall=0;CT;1,compact_blocks_moved=0;CT;1,compact_pages_moved=0;CT;1,compact_pagemigrate_failed=0;CT;1,compact_stall=0;CT;1,compact_fail=0;CT;1,compact_success=0;CT;1,unevictable_pgs_culled=0;CT;1,unevictable_pgs_scanned=0;CT;1,unevictable_pgs_rescued=0;CT;1,unevictable_pgs_mlocked=0;CT;1,unevictable_pgs_munlocked=0;CT;1,unevictable_pgs_cleared=0;CT;1,unevictable_pgs_stranded=0;CT;1,unevictable_pgs_mlockfreed=0;CT;1:NR 
I/syseng_board_status( 2059): syseng_board_status:meminfo:MemTotal=502916;CT;1,MemFree=72288;CT;1,MemAvailable=276592;CT;1,Buffers=6228;CT;1,Cached=259292;CT;1,SwapCached=0;CT;1,Active=168696;CT;1,Inactive=221320;CT;1,Active_anon=124596;CT;1,Inactive_anon=412;CT;1,Active_file=44100;CT;1,Inactive_file=220908;CT;1,Unevictable=0;CT;1,Mlocked=0;CT;1,SwapTotal=262140;CT;1:NR 
I/syseng_board_status( 2068): syseng_board_status:meminfo:SwapFree=262140;CT;1,Dirty=4;CT;1,Writeback=4;CT;1,AnonPages=124676;CT;1,Mapped=95428;CT;1,Shmem=456;CT;1,Slab=15956;CT;1,SReclaimable=5788;CT;1,SUnreclaim=10168;CT;1,KernelStack=4480;CT;1,PageTables=10132;CT;1,NFS_Unstable=0;CT;1,Bounce=0;CT;1,WritebackTmp=0;CT;1,CommitLimit=513596;CT;1,Committed_AS=13608348;CT;1:NR 
D/VendorDisplayManagerGlobalCallback( 2039): callGetInstance: nil
I/syseng_board_status( 2072): syseng_board_status:meminfo:VmallocTotal=483328;CT;1,VmallocUsed=26248;CT;1,VmallocChunk=438212;CT;1:NR 
I/syseng_board_status( 2075): syseng_board_status:netdevstats:recv_bytes_wlan0=7349;CT;1,recv_packets_wlan0=25;CT;1,recv_errs_wlan0=0;CT;1,recv_drop_wlan0=24;CT;1,recv_fifo_wlan0=0;CT;1,recv_frame_wlan0=0;CT;1,recv_compressed_wlan0=0;CT;1,recv_multicast_wlan0=0;CT;1,xmit_bytes_wlan0=274;CT;1,xmit_packets_wlan0=3;CT;1,xmit_errs_wlan0=0;CT;1,xmit_drop_wlan0=0;CT;1,xmit_fifo_wlan0=0;CT;1,xmit_colls_wlan0=0;CT;1,xmit_carrier_wlan0=0;CT;1,xmit_compressed_wlan0=0;CT;1:NR 
I/syseng_board_status( 2079): syseng_board_status:cpufreq:time_312000=0;CT;1,time_499999=0;CT;1,time_666666=0;CT;1,time_999999=2660;CT;1:NR 
I/syseng_board_status( 2083): syseng_board_status:cpuidle:time_cpu0_c0=0;CT;1,time_cpu0_c1=0;CT;1,time_cpu0_c2=0;CT;1,time_cpu0_c3=0;CT;1,time_cpu1_c0=0;CT;1,time_cpu1_c1=0;CT;1,time_cpu1_c2=0;CT;1,time_cpu1_c3=0;CT;1:NR 
D/AmazonLibraryRegistry(  991): Could not find library com.amazon.device.backup.sdk.internal
I/syseng_board_status( 2086): syseng_board_status:ksmstats:full_scans=3;CT;1,pages_shared=1;CT;1,pages_sharing=1;CT;1,pages_to_scan=100;CT;1,pages_unshared=21;CT;1,pages_volatile=4856;CT;1:NR 
I/syseng_board_status( 2090): syseng_board_status:tempstat:soc_ts0_max=68477;CT;1,soc_ts1_max=76000;CT;1,soc_ts2_max=77000;CT;1,soc_ts3_max=81000;CT;1,soc_crit_max=100522;CT;1,tmp103_sensor=58000;CT;1,soctemp=56875;CT;1,soc_tstate=0;CT;1,soc_avg=0;CT;1,soc_max=0;CT;1,soc_ts0_time=2662;CT;1,soc_ts1_time=0;CT;1,soc_ts2_time=0;CT;1,soc_ts3_time=0;CT;1,soc_ts4_time=0;CT;1,soc_ts0_trans=1;CT;1,soc_ts1_trans=0;CT;1,soc_ts2_trans=0;CT;1,soc_ts3_trans=0;CT;1,soc_ts4_trans=0;CT;1:NR 
I/syseng_board_status( 2093): syseng_board_status:zramstats:num_reads=2;CT;1,num_writes=1;CT;1,compr_data_size=52;CT;1,orig_data_size=4096;CT;1,zero_pages=0;CT;1,mem_used_total=4096;CT;1:NR 
I/syseng_board_status( 2096): syseng_board_status:df:tmp_sizekb=250512;CT;1,tmp_usedkb=0;CT;1,tmp_freekb=250512;CT;1,system_sizekb=789072;CT;1,system_usedkb=553554;CT;1,system_freekb=235518;CT;1,data_sizekb=5871992;CT;1,data_usedkb=738888;CT;1,data_freekb=5137993;CT;1,cache_sizekb=789072;CT;1,cache_usedkb=249594;CT;1,cache_freekb=539478;CT;1:NR 
I/syseng_board_status( 2101): syseng_board_status:sics:com_amazon_avod_dlcount=0;CT;1,com_amazon_avod_dlkb=0;CT;1,com_amazon_bueller_music_dlcount=0;CT;1,com_amazon_bueller_music_dlkb=0;CT;1,com_amazon_bueller_photos_dlcount=0;CT;1,com_amazon_bueller_photos_dlkb=0;CT;1,com_amazon_tv_launcher_dlcount=575;CT;1,com_amazon_tv_launcher_dlkb=34700;CT;1,com_amazon_venezia_dlcount=37;CT;1,com_amazon_venezia_dlkb=10152;CT;1:NR 
I/syseng_board_status( 2104): syseng_board_status:hdmi:state=0x2a [HDMI CEA (16) RGB lim 16 9 HDCP] 1920x1080 @ 60Hz progressive;DV;1,device=PRI-BBY_LCD_TV;DV;1:NR 
I/syseng_board_status( 2108): syseng_board_status:cputicks:cpu0_user=1047;CT;1,cpu0_userlow=69;CT;1,cpu0_system=651;CT;1,cpu0_idle=541;CT;1,cpu1_user=1012;CT;1,cpu1_userlow=61;CT;1,cpu1_system=505;CT;1,cpu1_idle=911;CT;1:NR 
I/syseng_board_status( 2111): syseng_board_status:power:st=Typical_Typical;DV;1,st_Typical_Typical_wifi=1;CT;1,usb_boot_charge_type=standard_host;DV;1,gadget_state=CONFIGURED;DV;1:NR 
I/syseng_board_status( 2114): syseng_board_status:bootstatus:uptime=28.04;CT;1,idletime=28.04;CT;1,bootid=906f56b9-5155-4897-8f89-24db672145aa;DV;1,rr=unknown;DV;1,vb=brcm-4.2.2-montoya-plus-5.13.a;DV;1,tbd=0;CT;1,br=06;CT;1:HI 
I/syseng_board_status( 2117): syseng_board_status:self:utime=17;CT;1,stime=9;CT;1,cutime=16;CT;1,cstime=15;CT;1,count=1;CT;1:NR 
E/MountService(  991): Boot-time mount failed (-1)
I/syseng_board_status( 2120): syseng_board_status:emmcstats:emmcinfo=Toshiba;DV;1,emmcmlc_avg=10;CT;1,emmcmlc_max=20;CT;1:NR 
E/MountService(  991): Boot-time mount failed (-1)
W/MountService(  991): Duplicate state transition (mounted -> mounted) for /storage/emulated/0
I/AmazonHdmiService(  991): Boot complete broadcast received
I/AmazonHdmiService(  991): applyDefaultResOnBoot called. Apply committed resolution pref if necessary
I/AmazonHdmiService(  991): Reading the initial hdmi state
I/AmazonHdmiService(  991): /sys/class/switch/hdmi_audio/stateSwitch state: 1
I/AmazonHdmiService(  991): Apply stored audio preference
I/AudioOutputFormatManager(  991): Request to get dolby device id
I/AudioOutputFormatManager(  991): applyPrefOnBootCompleted for audio on device ordinal= 3
I/AudioOutputFormatManager(  991): enableAudioFormat with device ordinal: 3 format: 1
I/FireTvLedManagerService(  991): Boot complete broadcast received
I/NopLedManager(  991): NopLedManager inactivateState
I/AudioOutputFormatManager(  991): KeyValuePair: spdif_format=0;hdmi_format=5;Status: 0
I/AudioOutputFormatManager(  991): Storing new dolby device with id: 3
I/AudioOutputFormatManager(  991): setDolbyPassthroughAvailability()
I/AudioOutputFormatManager(  991): Request to get dolby device id
I/AudioOutputFormatManager(  991): setDolbyPassthroughAvailability(): Value calculated for Dolby passthrough availability: 1
D/AmazonLibraryRegistry(  991): Could not find library com.amazon.tv.uilibrary
W/ContextImpl( 1104): Calling a method in the system process without a qualified user: android.app.ContextImpl.startService:1776 android.content.ContextWrapper.startService:541 android.content.ContextWrapper.startService:541 com.amazon.android.service.networkmonitor.AmazonNetworkMonitorService.startService:282 com.amazon.android.service.networkmonitor.AmazonNetworkMonitorService.getAmazonNetworkMonitorService:317 
D/ActivityManager(  991): single user service: com.amazon.device.services
D/ActivityManager(  991): app = com.amazon.device.services, has single user service, setting process record.
I/ActivityManager(  991): Start proc 2152:com.amazon.videoads.app/u0a22078 for service com.amazon.videoads.app/com.amazon.kindle.cms.api.CallbackService
D/VendorDisplayManagerGlobalCallback( 2152): callGetInstance: nil
