D/NetMon.PingService( 1104): Connection state has not changed: dont show the nag dialog and sticky DOWN already in place
D/NetMon.PingService( 1104): dispatchPendingIntents(internet = DOWN)
D/NetMon.PingTask( 1104): pingRequest(): started...
E/NetMon.PingTask( 1104): pingRequest(): error, timeout on hostname lookup after waiting 2ms, internet is DOWN
D/NetMon.PingService( 1104): pingResultProcessing(): internet is DOWN
W/NetMon.NetworkMonitor( 1104): The Internet connection state is DISCONNECTED
D/NetMon.PingService( 1104): removePingRequestFromQueue(): Queue now has 0 requests
D/NetMon.PingService( 1104): addPingRequestToQueue(): sending a ping request in 1000ms. Queue now has 1 requests
D/NetMon.PingService( 1104): pingResultProcessing(): internet is DOWN, continual retry ping request mode. Next ping in 1000ms
D/NetMon.PingService( 1104): sendBroadcasts(internet = DOWN)
D/NetMon.PingService( 1104): Connection state has not changed: dont show the nag dialog and sticky DOWN already in place
D/NetMon.PingService( 1104): dispatchPendingIntents(internet = DOWN)
D/NetMon.PingTask( 1104): pingRequest(): started...
E/NetMon.PingTask( 1104): pingRequest(): error, timeout on hostname lookup after waiting 1ms, internet is DOWN
D/NetMon.PingService( 1104): pingResultProcessing(): internet is DOWN
W/NetMon.NetworkMonitor( 1104): The Internet connection state is DISCONNECTED
D/NetMon.PingService( 1104): removePingRequestFromQueue(): Queue now has 0 requests
D/NetMon.PingService( 1104): addPingRequestToQueue(): sending a ping request in 1000ms. Queue now has 1 requests
D/NetMon.PingService( 1104): pingResultProcessing(): internet is DOWN, continual retry ping request mode. Next ping in 1000ms
D/NetMon.PingService( 1104): sendBroadcasts(internet = DOWN)
D/NetMon.PingService( 1104): Connection state has not changed: dont show the nag dialog and sticky DOWN already in place
D/NetMon.PingService( 1104): dispatchPendingIntents(internet = DOWN)
D/NetMon.PingTask( 1104): pingRequest(): started...
E/NetMon.PingTask( 1104): pingRequest(): error, timeout on hostname lookup after waiting 1ms, internet is DOWN
D/NetMon.PingService( 1104): pingResultProcessing(): internet is DOWN
W/NetMon.NetworkMonitor( 1104): The Internet connection state is DISCONNECTED
D/NetMon.PingService( 1104): removePingRequestFromQueue(): Queue now has 0 requests
D/NetMon.PingService( 1104): addPingRequestToQueue(): sending a ping request in 1000ms. Queue now has 1 requests
D/NetMon.PingService( 1104): pingResultProcessing(): internet is DOWN, continual retry ping request mode. Next ping in 1000ms
D/NetMon.PingService( 1104): sendBroadcasts(internet = DOWN)
D/NetMon.PingService( 1104): Connection state has not changed: dont show the nag dialog and sticky DOWN already in place
D/NetMon.PingService( 1104): dispatchPendingIntents(internet = DOWN)
D/NetMon.PingTask( 1104): pingRequest(): started...
E/NetMon.PingTask( 1104): pingRequest(): error, timeout on hostname lookup after waiting 1ms, internet is DOWN
D/NetMon.PingService( 1104): pingResultProcessing(): internet is DOWN
W/NetMon.NetworkMonitor( 1104): The Internet connection state is DISCONNECTED
D/NetMon.PingService( 1104): removePingRequestFromQueue(): Queue now has 0 requests
D/NetMon.PingService( 1104): addPingRequestToQueue(): sending a ping request in 1000ms. Queue now has 1 requests
D/NetMon.PingService( 1104): pingResultProcessing(): internet is DOWN, continual retry ping request mode. Next ping in 1000ms
D/NetMon.PingService( 1104): sendBroadcasts(internet = DOWN)
D/NetMon.PingService( 1104): Connection state has not changed: dont show the nag dialog and sticky DOWN already in place
D/NetMon.PingService( 1104): dispatchPendingIntents(internet = DOWN)
D/NetMon.PingTask( 1104): pingRequest(): started...
E/NetMon.PingTask( 1104): pingRequest(): error, timeout on hostname lookup after waiting 1ms, internet is DOWN
D/NetMon.PingService( 1104): pingResultProcessing(): internet is DOWN
W/NetMon.NetworkMonitor( 1104): The Internet connection state is DISCONNECTED
D/NetMon.PingService( 1104): removePingRequestFromQueue(): Queue now has 0 requests
D/NetMon.PingService( 1104): addPingRequestToQueue(): sending a ping request in 1000ms. Queue now has 1 requests
D/NetMon.PingService( 1104): pingResultProcessing(): internet is DOWN, continual retry ping request mode. Next ping in 1000ms
D/NetMon.PingService( 1104): sendBroadcasts(internet = DOWN)
D/NetMon.PingService( 1104): Connection state has not changed: dont show the nag dialog and sticky DOWN already in place
D/NetMon.PingService( 1104): dispatchPendingIntents(internet = DOWN)
D/NetMon.PingTask( 1104): pingRequest(): started...
E/NetMon.PingTask( 1104): pingRequest(): error, timeout on hostname lookup after waiting 1ms, internet is DOWN
D/NetMon.PingService( 1104): pingResultProcessing(): internet is DOWN
W/NetMon.NetworkMonitor( 1104): The Internet connection state is DISCONNECTED
D/NetMon.PingService( 1104): removePingRequestFromQueue(): Queue now has 0 requests
D/NetMon.PingService( 1104): addPingRequestToQueue(): sending a ping request in 1000ms. Queue now has 1 requests
D/NetMon.PingService( 1104): pingResultProcessing(): internet is DOWN, continual retry ping request mode. Next ping in 1000ms
D/NetMon.PingService( 1104): sendBroadcasts(internet = DOWN)
D/NetMon.PingService( 1104): Connection state has not changed: dont show the nag dialog and sticky DOWN already in place
D/NetMon.PingService( 1104): dispatchPendingIntents(internet = DOWN)
I/wpa_supplicant( 1386): wlan0: CTRL-EVENT-SCAN-RESULTS 
D/NetMon.PingTask( 1104): pingRequest(): started...
E/NetMon.PingTask( 1104): pingRequest(): error, timeout on hostname lookup after waiting 1ms, internet is DOWN
D/NetMon.PingService( 1104): pingResultProcessing(): internet is DOWN
W/NetMon.NetworkMonitor( 1104): The Internet connection state is DISCONNECTED
D/NetMon.PingService( 1104): removePingRequestFromQueue(): Queue now has 0 requests
D/NetMon.PingService( 1104): addPingRequestToQueue(): sending a ping request in 1000ms. Queue now has 1 requests
D/NetMon.PingService( 1104): pingResultProcessing(): internet is DOWN, continual retry ping request mode. Next ping in 1000ms
D/NetMon.PingService( 1104): sendBroadcasts(internet = DOWN)
D/NetMon.PingService( 1104): Connection state has not changed: dont show the nag dialog and sticky DOWN already in place
D/NetMon.PingService( 1104): dispatchPendingIntents(internet = DOWN)
D/NetMon.PingTask( 1104): pingRequest(): started...
E/NetMon.PingTask( 1104): pingRequest(): error, timeout on hostname lookup after waiting 1ms, internet is DOWN
D/NetMon.PingService( 1104): pingResultProcessing(): internet is DOWN
W/NetMon.NetworkMonitor( 1104): The Internet connection state is DISCONNECTED
D/NetMon.PingService( 1104): removePingRequestFromQueue(): Queue now has 0 requests
D/NetMon.PingService( 1104): addPingRequestToQueue(): sending a ping request in 1000ms. Queue now has 1 requests
D/NetMon.PingService( 1104): pingResultProcessing(): internet is DOWN, continual retry ping request mode. Next ping in 1000ms
D/NetMon.PingService( 1104): sendBroadcasts(internet = DOWN)
D/NetMon.PingService( 1104): Connection state has not changed: dont show the nag dialog and sticky DOWN already in place
D/NetMon.PingService( 1104): dispatchPendingIntents(internet = DOWN)
D/NetMon.PingTask( 1104): pingRequest(): started...
E/NetMon.PingTask( 1104): pingRequest(): error, timeout on hostname lookup after waiting 2ms, internet is DOWN
D/NetMon.PingService( 1104): pingResultProcessing(): internet is DOWN
W/NetMon.NetworkMonitor( 1104): The Internet connection state is DISCONNECTED
D/NetMon.PingService( 1104): removePingRequestFromQueue(): Queue now has 0 requests
D/NetMon.PingService( 1104): addPingRequestToQueue(): sending a ping request in 1000ms. Queue now has 1 requests
D/NetMon.PingService( 1104): pingResultProcessing(): internet is DOWN, continual retry ping request mode. Next ping in 1000ms
D/NetMon.PingService( 1104): sendBroadcasts(internet = DOWN)
D/NetMon.PingService( 1104): Connection state has not changed: dont show the nag dialog and sticky DOWN already in place
D/NetMon.PingService( 1104): dispatchPendingIntents(internet = DOWN)
D/NetMon.PingTask( 1104): pingRequest(): started...
E/NetMon.PingTask( 1104): pingRequest(): error, timeout on hostname lookup after waiting 1ms, internet is DOWN
D/NetMon.PingService( 1104): pingResultProcessing(): internet is DOWN
W/NetMon.NetworkMonitor( 1104): The Internet connection state is DISCONNECTED
D/NetMon.PingService( 1104): removePingRequestFromQueue(): Queue now has 0 requests
D/NetMon.PingService( 1104): addPingRequestToQueue(): sending a ping request in 1000ms. Queue now has 1 requests
D/NetMon.PingService( 1104): pingResultProcessing(): internet is DOWN, continual retry ping request mode. Next ping in 1000ms
D/NetMon.PingService( 1104): sendBroadcasts(internet = DOWN)
D/NetMon.PingService( 1104): Connection state has not changed: dont show the nag dialog and sticky DOWN already in place
D/NetMon.PingService( 1104): dispatchPendingIntents(internet = DOWN)
D/NetMon.PingTask( 1104): pingRequest(): started...
E/NetMon.PingTask( 1104): pingRequest(): error, timeout on hostname lookup after waiting 1ms, internet is DOWN
D/NetMon.PingService( 1104): pingResultProcessing(): internet is DOWN
W/NetMon.NetworkMonitor( 1104): The Internet connection state is DISCONNECTED
D/NetMon.PingService( 1104): removePingRequestFromQueue(): Queue now has 0 requests
D/NetMon.PingService( 1104): addPingRequestToQueue(): sending a ping request in 1000ms. Queue now has 1 requests
D/NetMon.PingService( 1104): pingResultProcessing(): internet is DOWN, continual retry ping request mode. Next ping in 1000ms
D/NetMon.PingService( 1104): sendBroadcasts(internet = DOWN)
D/NetMon.PingService( 1104): Connection state has not changed: dont show the nag dialog and sticky DOWN already in place
D/NetMon.PingService( 1104): dispatchPendingIntents(internet = DOWN)
I/LoggerMetricsFactoryImpl(  991): ThermalEvent:tmon:temp_soc_screen_on_wifi=62952.0;CT;1,temp_103_screen_on_wifi=66000.0;CT;1:NR
D/NetMon.PingTask( 1104): pingRequest(): started...
E/NetMon.PingTask( 1104): pingRequest(): error, timeout on hostname lookup after waiting 2ms, internet is DOWN
D/NetMon.PingService( 1104): pingResultProcessing(): internet is DOWN
W/NetMon.NetworkMonitor( 1104): The Internet connection state is DISCONNECTED
D/NetMon.PingService( 1104): removePingRequestFromQueue(): Queue now has 0 requests
D/NetMon.PingService( 1104): addPingRequestToQueue(): sending a ping request in 1000ms. Queue now has 1 requests
D/NetMon.PingService( 1104): pingResultProcessing(): internet is DOWN, continual retry ping request mode. Next ping in 1000ms
D/NetMon.PingService( 1104): sendBroadcasts(internet = DOWN)
D/NetMon.PingService( 1104): Connection state has not changed: dont show the nag dialog and sticky DOWN already in place
D/NetMon.PingService( 1104): dispatchPendingIntents(internet = DOWN)
D/NetMon.PingTask( 1104): pingRequest(): started...
E/NetMon.PingTask( 1104): pingRequest(): error, timeout on hostname lookup after waiting 1ms, internet is DOWN
D/NetMon.PingService( 1104): pingResultProcessing(): internet is DOWN
W/NetMon.NetworkMonitor( 1104): The Internet connection state is DISCONNECTED
D/NetMon.PingService( 1104): removePingRequestFromQueue(): Queue now has 0 requests
D/NetMon.PingService( 1104): addPingRequestToQueue(): sending a ping request in 1000ms. Queue now has 1 requests
D/NetMon.PingService( 1104): pingResultProcessing(): internet is DOWN, continual retry ping request mode. Next ping in 1000ms
D/NetMon.PingService( 1104): sendBroadcasts(internet = DOWN)
D/NetMon.PingService( 1104): Connection state has not changed: dont show the nag dialog and sticky DOWN already in place
D/NetMon.PingService( 1104): dispatchPendingIntents(internet = DOWN)
D/NetMon.PingTask( 1104): pingRequest(): started...
E/NetMon.PingTask( 1104): pingRequest(): error, timeout on hostname lookup after waiting 1ms, internet is DOWN
D/NetMon.PingService( 1104): pingResultProcessing(): internet is DOWN
W/NetMon.NetworkMonitor( 1104): The Internet connection state is DISCONNECTED
D/NetMon.PingService( 1104): removePingRequestFromQueue(): Queue now has 0 requests
D/NetMon.PingService( 1104): addPingRequestToQueue(): sending a ping request in 1000ms. Queue now has 1 requests
D/NetMon.PingService( 1104): pingResultProcessing(): internet is DOWN, continual retry ping request mode. Next ping in 1000ms
D/NetMon.PingService( 1104): sendBroadcasts(internet = DOWN)
D/NetMon.PingService( 1104): Connection state has not changed: dont show the nag dialog and sticky DOWN already in place
D/NetMon.PingService( 1104): dispatchPendingIntents(internet = DOWN)
D/NetMon.PingTask( 1104): pingRequest(): started...
E/NetMon.PingTask( 1104): pingRequest(): error, timeout on hostname lookup after waiting 2ms, internet is DOWN
D/NetMon.PingService( 1104): pingResultProcessing(): internet is DOWN
W/NetMon.NetworkMonitor( 1104): The Internet connection state is DISCONNECTED
D/NetMon.PingService( 1104): removePingRequestFromQueue(): Queue now has 0 requests
D/NetMon.PingService( 1104): addPingRequestToQueue(): sending a ping request in 1000ms. Queue now has 1 requests
D/NetMon.PingService( 1104): pingResultProcessing(): internet is DOWN, continual retry ping request mode. Next ping in 1000ms
D/NetMon.PingService( 1104): sendBroadcasts(internet = DOWN)
D/NetMon.PingService( 1104): Connection state has not changed: dont show the nag dialog and sticky DOWN already in place
D/NetMon.PingService( 1104): dispatchPendingIntents(internet = DOWN)
D/NetMon.PingTask( 1104): pingRequest(): started...
E/NetMon.PingTask( 1104): pingRequest(): error, timeout on hostname lookup after waiting 2ms, internet is DOWN
D/NetMon.PingService( 1104): pingResultProcessing(): internet is DOWN
W/NetMon.NetworkMonitor( 1104): The Internet connection state is DISCONNECTED
D/NetMon.PingService( 1104): removePingRequestFromQueue(): Queue now has 0 requests
D/NetMon.PingService( 1104): addPingRequestToQueue(): sending a ping request in 1000ms. Queue now has 1 requests
D/NetMon.PingService( 1104): pingResultProcessing(): internet is DOWN, continual retry ping request mode. Next ping in 1000ms
D/NetMon.PingService( 1104): sendBroadcasts(internet = DOWN)
D/NetMon.PingService( 1104): Connection state has not changed: dont show the nag dialog and sticky DOWN already in place
D/NetMon.PingService( 1104): dispatchPendingIntents(internet = DOWN)
I/wpa_supplicant( 1386): wlan0: CTRL-EVENT-SCAN-RESULTS 
D/NetMon.PingTask( 1104): pingRequest(): started...
E/NetMon.PingTask( 1104): pingRequest(): error, timeout on hostname lookup after waiting 1ms, internet is DOWN
D/NetMon.PingService( 1104): pingResultProcessing(): internet is DOWN
W/NetMon.NetworkMonitor( 1104): The Internet connection state is DISCONNECTED
D/NetMon.PingService( 1104): removePingRequestFromQueue(): Queue now has 0 requests
D/NetMon.PingService( 1104): addPingRequestToQueue(): sending a ping request in 1000ms. Queue now has 1 requests
D/NetMon.PingService( 1104): pingResultProcessing(): internet is DOWN, continual retry ping request mode. Next ping in 1000ms
D/NetMon.PingService( 1104): sendBroadcasts(internet = DOWN)
D/NetMon.PingService( 1104): Connection state has not changed: dont show the nag dialog and sticky DOWN already in place
D/NetMon.PingService( 1104): dispatchPendingIntents(internet = DOWN)
D/NetMon.PingTask( 1104): pingRequest(): started...
E/NetMon.PingTask( 1104): pingRequest(): error, timeout on hostname lookup after waiting 2ms, internet is DOWN
D/NetMon.PingService( 1104): pingResultProcessing(): internet is DOWN
W/NetMon.NetworkMonitor( 1104): The Internet connection state is DISCONNECTED
D/NetMon.PingService( 1104): removePingRequestFromQueue(): Queue now has 0 requests
D/NetMon.PingService( 1104): addPingRequestToQueue(): sending a ping request in 1000ms. Queue now has 1 requests
D/NetMon.PingService( 1104): pingResultProcessing(): internet is DOWN, continual retry ping request mode. Next ping in 1000ms
D/NetMon.PingService( 1104): sendBroadcasts(internet = DOWN)
D/NetMon.PingService( 1104): Connection state has not changed: dont show the nag dialog and sticky DOWN already in place
D/NetMon.PingService( 1104): dispatchPendingIntents(internet = DOWN)
D/NetMon.PingTask( 1104): pingRequest(): started...
E/NetMon.PingTask( 1104): pingRequest(): error, timeout on hostname lookup after waiting 1ms, internet is DOWN
D/NetMon.PingService( 1104): pingResultProcessing(): internet is DOWN
W/NetMon.NetworkMonitor( 1104): The Internet connection state is DISCONNECTED
D/NetMon.PingService( 1104): removePingRequestFromQueue(): Queue now has 0 requests
D/NetMon.PingService( 1104): addPingRequestToQueue(): sending a ping request in 1000ms. Queue now has 1 requests
D/NetMon.PingService( 1104): pingResultProcessing(): internet is DOWN, continual retry ping request mode. Next ping in 1000ms
D/NetMon.PingService( 1104): sendBroadcasts(internet = DOWN)
D/NetMon.PingService( 1104): Connection state has not changed: dont show the nag dialog and sticky DOWN already in place
D/NetMon.PingService( 1104): dispatchPendingIntents(internet = DOWN)
D/NetMon.PingTask( 1104): pingRequest(): started...
E/NetMon.PingTask( 1104): pingRequest(): error, timeout on hostname lookup after waiting 2ms, internet is DOWN
D/NetMon.PingService( 1104): pingResultProcessing(): internet is DOWN
W/NetMon.NetworkMonitor( 1104): The Internet connection state is DISCONNECTED
D/NetMon.PingService( 1104): removePingRequestFromQueue(): Queue now has 0 requests
D/NetMon.PingService( 1104): addPingRequestToQueue(): sending a ping request in 1000ms. Queue now has 1 requests
D/NetMon.PingService( 1104): pingResultProcessing(): internet is DOWN, continual retry ping request mode. Next ping in 1000ms
D/NetMon.PingService( 1104): sendBroadcasts(internet = DOWN)
D/NetMon.PingService( 1104): Connection state has not changed: dont show the nag dialog and sticky DOWN already in place
D/NetMon.PingService( 1104): dispatchPendingIntents(internet = DOWN)
D/NetMon.PingTask( 1104): pingRequest(): started...
E/NetMon.PingTask( 1104): pingRequest(): error, timeout on hostname lookup after waiting 1ms, internet is DOWN
D/NetMon.PingService( 1104): pingResultProcessing(): internet is DOWN
W/NetMon.NetworkMonitor( 1104): The Internet connection state is DISCONNECTED
D/NetMon.PingService( 1104): removePingRequestFromQueue(): Queue now has 0 requests
D/NetMon.PingService( 1104): addPingRequestToQueue(): sending a ping request in 1000ms. Queue now has 1 requests
D/NetMon.PingService( 1104): pingResultProcessing(): internet is DOWN, continual retry ping request mode. Next ping in 1000ms
D/NetMon.PingService( 1104): sendBroadcasts(internet = DOWN)
D/NetMon.PingService( 1104): Connection state has not changed: dont show the nag dialog and sticky DOWN already in place
D/NetMon.PingService( 1104): dispatchPendingIntents(internet = DOWN)
D/NetMon.PingTask( 1104): pingRequest(): started...
E/NetMon.PingTask( 1104): pingRequest(): error, timeout on hostname lookup after waiting 1ms, internet is DOWN
D/NetMon.PingService( 1104): pingResultProcessing(): internet is DOWN
W/NetMon.NetworkMonitor( 1104): The Internet connection state is DISCONNECTED
D/NetMon.PingService( 1104): removePingRequestFromQueue(): Queue now has 0 requests
D/NetMon.PingService( 1104): addPingRequestToQueue(): sending a ping request in 1000ms. Queue now has 1 requests
D/NetMon.PingService( 1104): pingResultProcessing(): internet is DOWN, continual retry ping request mode. Next ping in 1000ms
D/NetMon.PingService( 1104): sendBroadcasts(internet = DOWN)
D/NetMon.PingService( 1104): Connection state has not changed: dont show the nag dialog and sticky DOWN already in place
D/NetMon.PingService( 1104): dispatchPendingIntents(internet = DOWN)
D/NetMon.PingTask( 1104): pingRequest(): started...
E/NetMon.PingTask( 1104): pingRequest(): error, timeout on hostname lookup after waiting 1ms, internet is DOWN
D/NetMon.PingService( 1104): pingResultProcessing(): internet is DOWN
W/NetMon.NetworkMonitor( 1104): The Internet connection state is DISCONNECTED
D/NetMon.PingService( 1104): removePingRequestFromQueue(): Queue now has 0 requests
D/NetMon.PingService( 1104): addPingRequestToQueue(): sending a ping request in 1000ms. Queue now has 1 requests
D/NetMon.PingService( 1104): pingResultProcessing(): internet is DOWN, continual retry ping request mode. Next ping in 1000ms
D/NetMon.PingService( 1104): sendBroadcasts(internet = DOWN)
D/NetMon.PingService( 1104): Connection state has not changed: dont show the nag dialog and sticky DOWN already in place
D/NetMon.PingService( 1104): dispatchPendingIntents(internet = DOWN)
D/NetMon.PingTask( 1104): pingRequest(): started...
E/NetMon.PingTask( 1104): pingRequest(): error, timeout on hostname lookup after waiting 2ms, internet is DOWN
D/NetMon.PingService( 1104): pingResultProcessing(): internet is DOWN
W/NetMon.NetworkMonitor( 1104): The Internet connection state is DISCONNECTED
D/NetMon.PingService( 1104): removePingRequestFromQueue(): Queue now has 0 requests
D/NetMon.PingService( 1104): addPingRequestToQueue(): sending a ping request in 1000ms. Queue now has 1 requests
D/NetMon.PingService( 1104): pingResultProcessing(): internet is DOWN, continual retry ping request mode. Next ping in 1000ms
D/NetMon.PingService( 1104): sendBroadcasts(internet = DOWN)
D/NetMon.PingService( 1104): Connection state has not changed: dont show the nag dialog and sticky DOWN already in place
D/NetMon.PingService( 1104): dispatchPendingIntents(internet = DOWN)
D/NetMon.PingTask( 1104): pingRequest(): started...
E/NetMon.PingTask( 1104): pingRequest(): error, timeout on hostname lookup after waiting 1ms, internet is DOWN
D/NetMon.PingService( 1104): pingResultProcessing(): internet is DOWN
W/NetMon.NetworkMonitor( 1104): The Internet connection state is DISCONNECTED
D/NetMon.PingService( 1104): removePingRequestFromQueue(): Queue now has 0 requests
D/NetMon.PingService( 1104): addPingRequestToQueue(): sending a ping request in 1000ms. Queue now has 1 requests
D/NetMon.PingService( 1104): pingResultProcessing(): internet is DOWN, continual retry ping request mode. Next ping in 1000ms
D/NetMon.PingService( 1104): sendBroadcasts(internet = DOWN)
D/NetMon.PingService( 1104): Connection state has not changed: dont show the nag dialog and sticky DOWN already in place
D/NetMon.PingService( 1104): dispatchPendingIntents(internet = DOWN)
D/NetMon.PingTask( 1104): pingRequest(): started...
E/NetMon.PingTask( 1104): pingRequest(): error, timeout on hostname lookup after waiting 1ms, internet is DOWN
D/NetMon.PingService( 1104): pingResultProcessing(): internet is DOWN
W/NetMon.NetworkMonitor( 1104): The Internet connection state is DISCONNECTED
D/NetMon.PingService( 1104): removePingRequestFromQueue(): Queue now has 0 requests
D/NetMon.PingService( 1104): addPingRequestToQueue(): sending a ping request in 1000ms. Queue now has 1 requests
D/NetMon.PingService( 1104): pingResultProcessing(): internet is DOWN, continual retry ping request mode. Next ping in 1000ms
D/NetMon.PingService( 1104): sendBroadcasts(internet = DOWN)
D/NetMon.PingService( 1104): Connection state has not changed: dont show the nag dialog and sticky DOWN already in place
D/NetMon.PingService( 1104): dispatchPendingIntents(internet = DOWN)
I/wpa_supplicant( 1386): wlan0: CTRL-EVENT-SCAN-RESULTS 
D/NetMon.PingTask( 1104): pingRequest(): started...
E/NetMon.PingTask( 1104): pingRequest(): error, timeout on hostname lookup after waiting 2ms, internet is DOWN
D/NetMon.PingService( 1104): pingResultProcessing(): internet is DOWN
W/NetMon.NetworkMonitor( 1104): The Internet connection state is DISCONNECTED
D/NetMon.PingService( 1104): removePingRequestFromQueue(): Queue now has 0 requests
D/NetMon.PingService( 1104): addPingRequestToQueue(): sending a ping request in 1000ms. Queue now has 1 requests
D/NetMon.PingService( 1104): pingResultProcessing(): internet is DOWN, continual retry ping request mode. Next ping in 1000ms
D/NetMon.PingService( 1104): sendBroadcasts(internet = DOWN)
D/NetMon.PingService( 1104): Connection state has not changed: dont show the nag dialog and sticky DOWN already in place
D/NetMon.PingService( 1104): dispatchPendingIntents(internet = DOWN)
D/NetMon.PingTask( 1104): pingRequest(): started...
E/NetMon.PingTask( 1104): pingRequest(): error, timeout on hostname lookup after waiting 1ms, internet is DOWN
D/NetMon.PingService( 1104): pingResultProcessing(): internet is DOWN
W/NetMon.NetworkMonitor( 1104): The Internet connection state is DISCONNECTED
D/NetMon.PingService( 1104): removePingRequestFromQueue(): Queue now has 0 requests
D/NetMon.PingService( 1104): addPingRequestToQueue(): sending a ping request in 1000ms. Queue now has 1 requests
D/NetMon.PingService( 1104): pingResultProcessing(): internet is DOWN, continual retry ping request mode. Next ping in 1000ms
D/NetMon.PingService( 1104): sendBroadcasts(internet = DOWN)
D/NetMon.PingService( 1104): Connection state has not changed: dont show the nag dialog and sticky DOWN already in place
D/NetMon.PingService( 1104): dispatchPendingIntents(internet = DOWN)
D/NetMon.PingTask( 1104): pingRequest(): started...
E/NetMon.PingTask( 1104): pingRequest(): error, timeout on hostname lookup after waiting 1ms, internet is DOWN
D/NetMon.PingService( 1104): pingResultProcessing(): internet is DOWN
W/NetMon.NetworkMonitor( 1104): The Internet connection state is DISCONNECTED
D/NetMon.PingService( 1104): removePingRequestFromQueue(): Queue now has 0 requests
D/NetMon.PingService( 1104): addPingRequestToQueue(): sending a ping request in 1000ms. Queue now has 1 requests
D/NetMon.PingService( 1104): pingResultProcessing(): internet is DOWN, continual retry ping request mode. Next ping in 1000ms
D/NetMon.PingService( 1104): sendBroadcasts(internet = DOWN)
D/NetMon.PingService( 1104): Connection state has not changed: dont show the nag dialog and sticky DOWN already in place
D/NetMon.PingService( 1104): dispatchPendingIntents(internet = DOWN)
D/NetMon.PingTask( 1104): pingRequest(): started...
E/NetMon.PingTask( 1104): pingRequest(): error, timeout on hostname lookup after waiting 5ms, internet is DOWN
D/NetMon.PingService( 1104): pingResultProcessing(): internet is DOWN
W/NetMon.NetworkMonitor( 1104): The Internet connection state is DISCONNECTED
D/NetMon.PingService( 1104): removePingRequestFromQueue(): Queue now has 0 requests
D/NetMon.PingService( 1104): addPingRequestToQueue(): sending a ping request in 1000ms. Queue now has 1 requests
D/NetMon.PingService( 1104): pingResultProcessing(): internet is DOWN, continual retry ping request mode. Next ping in 1000ms
D/NetMon.PingService( 1104): sendBroadcasts(internet = DOWN)
D/NetMon.PingService( 1104): Connection state has not changed: dont show the nag dialog and sticky DOWN already in place
D/NetMon.PingService( 1104): dispatchPendingIntents(internet = DOWN)
D/NetMon.PingTask( 1104): pingRequest(): started...
E/NetMon.PingTask( 1104): pingRequest(): error, timeout on hostname lookup after waiting 1ms, internet is DOWN
D/NetMon.PingService( 1104): pingResultProcessing(): internet is DOWN
W/NetMon.NetworkMonitor( 1104): The Internet connection state is DISCONNECTED
D/NetMon.PingService( 1104): removePingRequestFromQueue(): Queue now has 0 requests
D/NetMon.PingService( 1104): addPingRequestToQueue(): sending a ping request in 1000ms. Queue now has 1 requests
D/NetMon.PingService( 1104): pingResultProcessing(): internet is DOWN, continual retry ping request mode. Next ping in 1000ms
D/NetMon.PingService( 1104): sendBroadcasts(internet = DOWN)
D/NetMon.PingService( 1104): Connection state has not changed: dont show the nag dialog and sticky DOWN already in place
D/NetMon.PingService( 1104): dispatchPendingIntents(internet = DOWN)
D/NetMon.PingTask( 1104): pingRequest(): started...
E/NetMon.PingTask( 1104): pingRequest(): error, timeout on hostname lookup after waiting 2ms, internet is DOWN
D/NetMon.PingService( 1104): pingResultProcessing(): internet is DOWN
W/NetMon.NetworkMonitor( 1104): The Internet connection state is DISCONNECTED
D/NetMon.PingService( 1104): removePingRequestFromQueue(): Queue now has 0 requests
D/NetMon.PingService( 1104): addPingRequestToQueue(): sending a ping request in 1000ms. Queue now has 1 requests
D/NetMon.PingService( 1104): pingResultProcessing(): internet is DOWN, continual retry ping request mode. Next ping in 1000ms
D/NetMon.PingService( 1104): sendBroadcasts(internet = DOWN)
D/NetMon.PingService( 1104): Connection state has not changed: dont show the nag dialog and sticky DOWN already in place
D/NetMon.PingService( 1104): dispatchPendingIntents(internet = DOWN)
D/NetMon.PingTask( 1104): pingRequest(): started...
E/NetMon.PingTask( 1104): pingRequest(): error, timeout on hostname lookup after waiting 1ms, internet is DOWN
D/NetMon.PingService( 1104): pingResultProcessing(): internet is DOWN
W/NetMon.NetworkMonitor( 1104): The Internet connection state is DISCONNECTED
D/NetMon.PingService( 1104): removePingRequestFromQueue(): Queue now has 0 requests
D/NetMon.PingService( 1104): addPingRequestToQueue(): sending a ping request in 1000ms. Queue now has 1 requests
D/NetMon.PingService( 1104): pingResultProcessing(): internet is DOWN, continual retry ping request mode. Next ping in 1000ms
D/NetMon.PingService( 1104): sendBroadcasts(internet = DOWN)
D/NetMon.PingService( 1104): Connection state has not changed: dont show the nag dialog and sticky DOWN already in place
D/NetMon.PingService( 1104): dispatchPendingIntents(internet = DOWN)
D/NetMon.PingTask( 1104): pingRequest(): started...
E/NetMon.PingTask( 1104): pingRequest(): error, timeout on hostname lookup after waiting 1ms, internet is DOWN
D/NetMon.PingService( 1104): pingResultProcessing(): internet is DOWN
W/NetMon.NetworkMonitor( 1104): The Internet connection state is DISCONNECTED
D/NetMon.PingService( 1104): removePingRequestFromQueue(): Queue now has 0 requests
D/NetMon.PingService( 1104): addPingRequestToQueue(): sending a ping request in 1000ms. Queue now has 1 requests
D/NetMon.PingService( 1104): pingResultProcessing(): internet is DOWN, continual retry ping request mode. Next ping in 1000ms
D/NetMon.PingService( 1104): sendBroadcasts(internet = DOWN)
D/NetMon.PingService( 1104): Connection state has not changed: dont show the nag dialog and sticky DOWN already in place
D/NetMon.PingService( 1104): dispatchPendingIntents(internet = DOWN)
I/Vlog    (  991): activity_manager_service:sample_pss:fgtracking=false;DV;1,key=com.amazon.kindle;DV;1,Counter=12651.0;CT;1,unit=kB;DV;1,metadata=com.amazon.kindle/T ;DV;1:HI
I/Vlog    (  991): activity_manager_service:sample_uss:fgtracking=false;DV;1,key=com.amazon.kindle;DV;1,Counter=9552.0;CT;1,unit=kB;DV;1,metadata=com.amazon.kindle/T ;DV;1:HI
D/NetMon.PingTask( 1104): pingRequest(): started...
E/NetMon.PingTask( 1104): pingRequest(): error, timeout on hostname lookup after waiting 2ms, internet is DOWN
D/NetMon.PingService( 1104): pingResultProcessing(): internet is DOWN
W/NetMon.NetworkMonitor( 1104): The Internet connection state is DISCONNECTED
D/NetMon.PingService( 1104): removePingRequestFromQueue(): Queue now has 0 requests
D/NetMon.PingService( 1104): addPingRequestToQueue(): sending a ping request in 1000ms. Queue now has 1 requests
D/NetMon.PingService( 1104): pingResultProcessing(): internet is DOWN, continual retry ping request mode. Next ping in 1000ms
D/NetMon.PingService( 1104): sendBroadcasts(internet = DOWN)
D/NetMon.PingService( 1104): Connection state has not changed: dont show the nag dialog and sticky DOWN already in place
D/NetMon.PingService( 1104): dispatchPendingIntents(internet = DOWN)
D/NetMon.PingTask( 1104): pingRequest(): started...
E/NetMon.PingTask( 1104): pingRequest(): error, timeout on hostname lookup after waiting 1ms, internet is DOWN
D/NetMon.PingService( 1104): pingResultProcessing(): internet is DOWN
W/NetMon.NetworkMonitor( 1104): The Internet connection state is DISCONNECTED
D/NetMon.PingService( 1104): removePingRequestFromQueue(): Queue now has 0 requests
D/NetMon.PingService( 1104): addPingRequestToQueue(): sending a ping request in 1000ms. Queue now has 1 requests
D/NetMon.PingService( 1104): pingResultProcessing(): internet is DOWN, continual retry ping request mode. Next ping in 1000ms
D/NetMon.PingService( 1104): sendBroadcasts(internet = DOWN)
D/NetMon.PingService( 1104): Connection state has not changed: dont show the nag dialog and sticky DOWN already in place
D/NetMon.PingService( 1104): dispatchPendingIntents(internet = DOWN)
I/wpa_supplicant( 1386): wlan0: CTRL-EVENT-SCAN-RESULTS 
D/NetMon.PingTask( 1104): pingRequest(): started...
E/NetMon.PingTask( 1104): pingRequest(): error, timeout on hostname lookup after waiting 1ms, internet is DOWN
D/NetMon.PingService( 1104): pingResultProcessing(): internet is DOWN
W/NetMon.NetworkMonitor( 1104): The Internet connection state is DISCONNECTED
D/NetMon.PingService( 1104): removePingRequestFromQueue(): Queue now has 0 requests
D/NetMon.PingService( 1104): addPingRequestToQueue(): sending a ping request in 1000ms. Queue now has 1 requests
D/NetMon.PingService( 1104): pingResultProcessing(): internet is DOWN, continual retry ping request mode. Next ping in 1000ms
D/NetMon.PingService( 1104): sendBroadcasts(internet = DOWN)
D/NetMon.PingService( 1104): Connection state has not changed: dont show the nag dialog and sticky DOWN already in place
D/NetMon.PingService( 1104): dispatchPendingIntents(internet = DOWN)
D/NetMon.PingTask( 1104): pingRequest(): started...
E/NetMon.PingTask( 1104): pingRequest(): error, timeout on hostname lookup after waiting 2ms, internet is DOWN
D/NetMon.PingService( 1104): pingResultProcessing(): internet is DOWN
W/NetMon.NetworkMonitor( 1104): The Internet connection state is DISCONNECTED
D/NetMon.PingService( 1104): removePingRequestFromQueue(): Queue now has 0 requests
D/NetMon.PingService( 1104): addPingRequestToQueue(): sending a ping request in 1000ms. Queue now has 1 requests
D/NetMon.PingService( 1104): pingResultProcessing(): internet is DOWN, continual retry ping request mode. Next ping in 1000ms
D/NetMon.PingService( 1104): sendBroadcasts(internet = DOWN)
D/NetMon.PingService( 1104): Connection state has not changed: dont show the nag dialog and sticky DOWN already in place
D/NetMon.PingService( 1104): dispatchPendingIntents(internet = DOWN)
D/NetMon.PingTask( 1104): pingRequest(): started...
E/NetMon.PingTask( 1104): pingRequest(): error, timeout on hostname lookup after waiting 1ms, internet is DOWN
D/NetMon.PingService( 1104): pingResultProcessing(): internet is DOWN
W/NetMon.NetworkMonitor( 1104): The Internet connection state is DISCONNECTED
D/NetMon.PingService( 1104): removePingRequestFromQueue(): Queue now has 0 requests
D/NetMon.PingService( 1104): addPingRequestToQueue(): sending a ping request in 1000ms. Queue now has 1 requests
D/NetMon.PingService( 1104): pingResultProcessing(): internet is DOWN, continual retry ping request mode. Next ping in 1000ms
D/NetMon.PingService( 1104): sendBroadcasts(internet = DOWN)
D/NetMon.PingService( 1104): Connection state has not changed: dont show the nag dialog and sticky DOWN already in place
D/NetMon.PingService( 1104): dispatchPendingIntents(internet = DOWN)
D/NetMon.PingTask( 1104): pingRequest(): started...
E/NetMon.PingTask( 1104): pingRequest(): error, timeout on hostname lookup after waiting 2ms, internet is DOWN
D/NetMon.PingService( 1104): pingResultProcessing(): internet is DOWN
W/NetMon.NetworkMonitor( 1104): The Internet connection state is DISCONNECTED
D/NetMon.PingService( 1104): removePingRequestFromQueue(): Queue now has 0 requests
D/NetMon.PingService( 1104): addPingRequestToQueue(): sending a ping request in 1000ms. Queue now has 1 requests
D/NetMon.PingService( 1104): pingResultProcessing(): internet is DOWN, continual retry ping request mode. Next ping in 1000ms
D/NetMon.PingService( 1104): sendBroadcasts(internet = DOWN)
D/NetMon.PingService( 1104): Connection state has not changed: dont show the nag dialog and sticky DOWN already in place
D/NetMon.PingService( 1104): dispatchPendingIntents(internet = DOWN)
D/NetMon.PingTask( 1104): pingRequest(): started...
E/NetMon.PingTask( 1104): pingRequest(): error, timeout on hostname lookup after waiting 1ms, internet is DOWN
D/NetMon.PingService( 1104): pingResultProcessing(): internet is DOWN
W/NetMon.NetworkMonitor( 1104): The Internet connection state is DISCONNECTED
D/NetMon.PingService( 1104): removePingRequestFromQueue(): Queue now has 0 requests
D/NetMon.PingService( 1104): addPingRequestToQueue(): sending a ping request in 1000ms. Queue now has 1 requests
D/NetMon.PingService( 1104): pingResultProcessing(): internet is DOWN, continual retry ping request mode. Next ping in 1000ms
D/NetMon.PingService( 1104): sendBroadcasts(internet = DOWN)
D/NetMon.PingService( 1104): Connection state has not changed: dont show the nag dialog and sticky DOWN already in place
D/NetMon.PingService( 1104): dispatchPendingIntents(internet = DOWN)
D/NetMon.PingTask( 1104): pingRequest(): started...
E/NetMon.PingTask( 1104): pingRequest(): error, timeout on hostname lookup after waiting 1ms, internet is DOWN
D/NetMon.PingService( 1104): pingResultProcessing(): internet is DOWN
W/NetMon.NetworkMonitor( 1104): The Internet connection state is DISCONNECTED
D/NetMon.PingService( 1104): removePingRequestFromQueue(): Queue now has 0 requests
D/NetMon.PingService( 1104): addPingRequestToQueue(): sending a ping request in 1000ms. Queue now has 1 requests
D/NetMon.PingService( 1104): pingResultProcessing(): internet is DOWN, continual retry ping request mode. Next ping in 1000ms
D/NetMon.PingService( 1104): sendBroadcasts(internet = DOWN)
D/NetMon.PingService( 1104): Connection state has not changed: dont show the nag dialog and sticky DOWN already in place
D/NetMon.PingService( 1104): dispatchPendingIntents(internet = DOWN)
D/NetMon.PingTask( 1104): pingRequest(): started...
E/NetMon.PingTask( 1104): pingRequest(): error, timeout on hostname lookup after waiting 2ms, internet is DOWN
D/NetMon.PingService( 1104): pingResultProcessing(): internet is DOWN
W/NetMon.NetworkMonitor( 1104): The Internet connection state is DISCONNECTED
D/NetMon.PingService( 1104): removePingRequestFromQueue(): Queue now has 0 requests
D/NetMon.PingService( 1104): addPingRequestToQueue(): sending a ping request in 1000ms. Queue now has 1 requests
D/NetMon.PingService( 1104): pingResultProcessing(): internet is DOWN, continual retry ping request mode. Next ping in 1000ms
D/NetMon.PingService( 1104): sendBroadcasts(internet = DOWN)
D/NetMon.PingService( 1104): Connection state has not changed: dont show the nag dialog and sticky DOWN already in place
D/NetMon.PingService( 1104): dispatchPendingIntents(internet = DOWN)
D/NetMon.PingTask( 1104): pingRequest(): started...
E/NetMon.PingTask( 1104): pingRequest(): error, timeout on hostname lookup after waiting 1ms, internet is DOWN
D/NetMon.PingService( 1104): pingResultProcessing(): internet is DOWN
W/NetMon.NetworkMonitor( 1104): The Internet connection state is DISCONNECTED
D/NetMon.PingService( 1104): removePingRequestFromQueue(): Queue now has 0 requests
D/NetMon.PingService( 1104): addPingRequestToQueue(): sending a ping request in 1000ms. Queue now has 1 requests
D/NetMon.PingService( 1104): pingResultProcessing(): internet is DOWN, continual retry ping request mode. Next ping in 1000ms
D/NetMon.PingService( 1104): sendBroadcasts(internet = DOWN)
D/NetMon.PingService( 1104): Connection state has not changed: dont show the nag dialog and sticky DOWN already in place
D/NetMon.PingService( 1104): dispatchPendingIntents(internet = DOWN)
D/NetMon.PingTask( 1104): pingRequest(): started...
E/NetMon.PingTask( 1104): pingRequest(): error, timeout on hostname lookup after waiting 1ms, internet is DOWN
D/NetMon.PingService( 1104): pingResultProcessing(): internet is DOWN
W/NetMon.NetworkMonitor( 1104): The Internet connection state is DISCONNECTED
D/NetMon.PingService( 1104): removePingRequestFromQueue(): Queue now has 0 requests
D/NetMon.PingService( 1104): addPingRequestToQueue(): sending a ping request in 1000ms. Queue now has 1 requests
D/NetMon.PingService( 1104): pingResultProcessing(): internet is DOWN, continual retry ping request mode. Next ping in 1000ms
D/NetMon.PingService( 1104): sendBroadcasts(internet = DOWN)
D/NetMon.PingService( 1104): Connection state has not changed: dont show the nag dialog and sticky DOWN already in place
D/NetMon.PingService( 1104): dispatchPendingIntents(internet = DOWN)
D/NetMon.PingTask( 1104): pingRequest(): started...
E/NetMon.PingTask( 1104): pingRequest(): error, timeout on hostname lookup after waiting 4ms, internet is DOWN
D/NetMon.PingService( 1104): pingResultProcessing(): internet is DOWN
W/NetMon.NetworkMonitor( 1104): The Internet connection state is DISCONNECTED
D/NetMon.PingService( 1104): removePingRequestFromQueue(): Queue now has 0 requests
D/NetMon.PingService( 1104): addPingRequestToQueue(): sending a ping request in 1000ms. Queue now has 1 requests
D/NetMon.PingService( 1104): pingResultProcessing(): internet is DOWN, continual retry ping request mode. Next ping in 1000ms
D/NetMon.PingService( 1104): sendBroadcasts(internet = DOWN)
D/NetMon.PingService( 1104): Connection state has not changed: dont show the nag dialog and sticky DOWN already in place
D/NetMon.PingService( 1104): dispatchPendingIntents(internet = DOWN)
I/wpa_supplicant( 1386): wlan0: CTRL-EVENT-SCAN-RESULTS 
D/NetMon.PingTask( 1104): pingRequest(): started...
E/NetMon.PingTask( 1104): pingRequest(): error, timeout on hostname lookup after waiting 2ms, internet is DOWN
D/NetMon.PingService( 1104): pingResultProcessing(): internet is DOWN
W/NetMon.NetworkMonitor( 1104): The Internet connection state is DISCONNECTED
D/NetMon.PingService( 1104): removePingRequestFromQueue(): Queue now has 0 requests
D/NetMon.PingService( 1104): addPingRequestToQueue(): sending a ping request in 1000ms. Queue now has 1 requests
D/NetMon.PingService( 1104): pingResultProcessing(): internet is DOWN, continual retry ping request mode. Next ping in 1000ms
D/NetMon.PingService( 1104): sendBroadcasts(internet = DOWN)
D/NetMon.PingService( 1104): Connection state has not changed: dont show the nag dialog and sticky DOWN already in place
D/NetMon.PingService( 1104): dispatchPendingIntents(internet = DOWN)
D/NetMon.PingTask( 1104): pingRequest(): started...
E/NetMon.PingTask( 1104): pingRequest(): error, timeout on hostname lookup after waiting 1ms, internet is DOWN
D/NetMon.PingService( 1104): pingResultProcessing(): internet is DOWN
W/NetMon.NetworkMonitor( 1104): The Internet connection state is DISCONNECTED
D/NetMon.PingService( 1104): removePingRequestFromQueue(): Queue now has 0 requests
D/NetMon.PingService( 1104): addPingRequestToQueue(): sending a ping request in 1000ms. Queue now has 1 requests
D/NetMon.PingService( 1104): pingResultProcessing(): internet is DOWN, continual retry ping request mode. Next ping in 1000ms
D/NetMon.PingService( 1104): sendBroadcasts(internet = DOWN)
D/NetMon.PingService( 1104): Connection state has not changed: dont show the nag dialog and sticky DOWN already in place
D/NetMon.PingService( 1104): dispatchPendingIntents(internet = DOWN)
D/NetMon.PingTask( 1104): pingRequest(): started...
E/NetMon.PingTask( 1104): pingRequest(): error, timeout on hostname lookup after waiting 1ms, internet is DOWN
D/NetMon.PingService( 1104): pingResultProcessing(): internet is DOWN
W/NetMon.NetworkMonitor( 1104): The Internet connection state is DISCONNECTED
D/NetMon.PingService( 1104): removePingRequestFromQueue(): Queue now has 0 requests
D/NetMon.PingService( 1104): addPingRequestToQueue(): sending a ping request in 1000ms. Queue now has 1 requests
D/NetMon.PingService( 1104): pingResultProcessing(): internet is DOWN, continual retry ping request mode. Next ping in 1000ms
D/NetMon.PingService( 1104): sendBroadcasts(internet = DOWN)
D/NetMon.PingService( 1104): Connection state has not changed: dont show the nag dialog and sticky DOWN already in place
D/NetMon.PingService( 1104): dispatchPendingIntents(internet = DOWN)
D/NetMon.PingTask( 1104): pingRequest(): started...
E/NetMon.PingTask( 1104): pingRequest(): error, timeout on hostname lookup after waiting 2ms, internet is DOWN
D/NetMon.PingService( 1104): pingResultProcessing(): internet is DOWN
W/NetMon.NetworkMonitor( 1104): The Internet connection state is DISCONNECTED
D/NetMon.PingService( 1104): removePingRequestFromQueue(): Queue now has 0 requests
D/NetMon.PingService( 1104): addPingRequestToQueue(): sending a ping request in 1000ms. Queue now has 1 requests
D/NetMon.PingService( 1104): pingResultProcessing(): internet is DOWN, continual retry ping request mode. Next ping in 1000ms
D/NetMon.PingService( 1104): sendBroadcasts(internet = DOWN)
D/NetMon.PingService( 1104): Connection state has not changed: dont show the nag dialog and sticky DOWN already in place
D/NetMon.PingService( 1104): dispatchPendingIntents(internet = DOWN)
D/NetMon.PingTask( 1104): pingRequest(): started...
E/NetMon.PingTask( 1104): pingRequest(): error, timeout on hostname lookup after waiting 1ms, internet is DOWN
D/NetMon.PingService( 1104): pingResultProcessing(): internet is DOWN
W/NetMon.NetworkMonitor( 1104): The Internet connection state is DISCONNECTED
D/NetMon.PingService( 1104): removePingRequestFromQueue(): Queue now has 0 requests
D/NetMon.PingService( 1104): addPingRequestToQueue(): sending a ping request in 1000ms. Queue now has 1 requests
D/NetMon.PingService( 1104): pingResultProcessing(): internet is DOWN, continual retry ping request mode. Next ping in 1000ms
D/NetMon.PingService( 1104): sendBroadcasts(internet = DOWN)
D/NetMon.PingService( 1104): Connection state has not changed: dont show the nag dialog and sticky DOWN already in place
D/NetMon.PingService( 1104): dispatchPendingIntents(internet = DOWN)
D/com.amazon.kindle.gui.MainActivity( 2726): Update Time to 1970-01-01_19-51-00-006
D/NetMon.PingTask( 1104): pingRequest(): started...
E/NetMon.PingTask( 1104): pingRequest(): error, timeout on hostname lookup after waiting 1ms, internet is DOWN
D/NetMon.PingService( 1104): pingResultProcessing(): internet is DOWN
W/NetMon.NetworkMonitor( 1104): The Internet connection state is DISCONNECTED
D/NetMon.PingService( 1104): removePingRequestFromQueue(): Queue now has 0 requests
D/NetMon.PingService( 1104): addPingRequestToQueue(): sending a ping request in 1000ms. Queue now has 1 requests
D/NetMon.PingService( 1104): pingResultProcessing(): internet is DOWN, continual retry ping request mode. Next ping in 1000ms
D/NetMon.PingService( 1104): sendBroadcasts(internet = DOWN)
D/NetMon.PingService( 1104): Connection state has not changed: dont show the nag dialog and sticky DOWN already in place
D/NetMon.PingService( 1104): dispatchPendingIntents(internet = DOWN)
D/NetMon.PingTask( 1104): pingRequest(): started...
E/NetMon.PingTask( 1104): pingRequest(): error, timeout on hostname lookup after waiting 3ms, internet is DOWN
D/NetMon.PingService( 1104): pingResultProcessing(): internet is DOWN
W/NetMon.NetworkMonitor( 1104): The Internet connection state is DISCONNECTED
D/NetMon.PingService( 1104): removePingRequestFromQueue(): Queue now has 0 requests
D/NetMon.PingService( 1104): addPingRequestToQueue(): sending a ping request in 1000ms. Queue now has 1 requests
D/NetMon.PingService( 1104): pingResultProcessing(): internet is DOWN, continual retry ping request mode. Next ping in 1000ms
D/NetMon.PingService( 1104): sendBroadcasts(internet = DOWN)
D/NetMon.PingService( 1104): Connection state has not changed: dont show the nag dialog and sticky DOWN already in place
D/NetMon.PingService( 1104): dispatchPendingIntents(internet = DOWN)
D/NetMon.PingTask( 1104): pingRequest(): started...
E/NetMon.PingTask( 1104): pingRequest(): error, timeout on hostname lookup after waiting 4ms, internet is DOWN
D/NetMon.PingService( 1104): pingResultProcessing(): internet is DOWN
W/NetMon.NetworkMonitor( 1104): The Internet connection state is DISCONNECTED
D/NetMon.PingService( 1104): removePingRequestFromQueue(): Queue now has 0 requests
D/NetMon.PingService( 1104): addPingRequestToQueue(): sending a ping request in 1000ms. Queue now has 1 requests
D/NetMon.PingService( 1104): pingResultProcessing(): internet is DOWN, continual retry ping request mode. Next ping in 1000ms
D/NetMon.PingService( 1104): sendBroadcasts(internet = DOWN)
D/NetMon.PingService( 1104): Connection state has not changed: dont show the nag dialog and sticky DOWN already in place
D/NetMon.PingService( 1104): dispatchPendingIntents(internet = DOWN)
D/NetMon.PingTask( 1104): pingRequest(): started...
E/NetMon.PingTask( 1104): pingRequest(): error, timeout on hostname lookup after waiting 1ms, internet is DOWN
D/NetMon.PingService( 1104): pingResultProcessing(): internet is DOWN
W/NetMon.NetworkMonitor( 1104): The Internet connection state is DISCONNECTED
D/NetMon.PingService( 1104): removePingRequestFromQueue(): Queue now has 0 requests
D/NetMon.PingService( 1104): addPingRequestToQueue(): sending a ping request in 1000ms. Queue now has 1 requests
D/NetMon.PingService( 1104): pingResultProcessing(): internet is DOWN, continual retry ping request mode. Next ping in 1000ms
D/NetMon.PingService( 1104): sendBroadcasts(internet = DOWN)
D/NetMon.PingService( 1104): Connection state has not changed: dont show the nag dialog and sticky DOWN already in place
D/NetMon.PingService( 1104): dispatchPendingIntents(internet = DOWN)
D/NetMon.PingTask( 1104): pingRequest(): started...
E/NetMon.PingTask( 1104): pingRequest(): error, timeout on hostname lookup after waiting 1ms, internet is DOWN
D/NetMon.PingService( 1104): pingResultProcessing(): internet is DOWN
