I/Vitals  (  157): activity_manager_service:sample_pss:KDMv3_Data=[['com.amazon.vizzini'!14962!14962!14962!1!com.amazon.vizzini/P ]];DV;1,KDMv3_Unit=kB;DV;1:HI
I/Vitals  (  157): activity_manager_service:sample_pss:KDMv3_Data=[['com.amazon.whisperlink.core.android'!10531!10531!10531!1!com.amazon.whisperlink.core.android/S ]];DV;1,KDMv3_Unit=kB;DV;1:HI
I/Vitals  (  157): activity_manager_service:sample_pss:KDMv3_Data=[['com.android.bluetooth'!8397!8397!8397!1!com.android.bluetooth/IF]];DV;1,KDMv3_Unit=kB;DV;1:HI
I/Vitals  (  157): activity_manager_service:sample_pss:KDMv3_Data=[['com.android.providers.downloads'!4358!4358!4358!1!com.android.providers.downloads/CE]];DV;1,KDMv3_Unit=kB;DV;1:HI
I/Vitals  (  157): activity_manager_service:sample_pss:KDMv3_Data=[['android'!41060!41060!41060!1!system/P ]];DV;1,KDMv3_Unit=kB;DV;1:HI
I/Vitals  (  157): activity_manager_service:sample_uss:KDMv3_Data=[['com.amazon.bueller.photos'!5368!5368!5368!1!com.amazon.bueller.photos%3Acore/CE]];DV;1,KDMv3_Unit=kB;DV;1:HI
I/Vitals  (  157): activity_manager_service:sample_uss:KDMv3_Data=[['com.amazon.bueller.photos'!6284!6284!6284!1!com.amazon.bueller.photos/CE]];DV;1,KDMv3_Unit=kB;DV;1:HI
I/Vitals  (  157): activity_manager_service:sample_uss:KDMv3_Data=[['com.amazon.client.metrics'!5976!5976!5976!1!com.amazon.client.metrics/IF]];DV;1,KDMv3_Unit=kB;DV;1:HI
I/Vitals  (  157): activity_manager_service:sample_uss:KDMv3_Data=[['com.amazon.device.controllermanager'!2232!2232!2232!1!com.amazon.device.controllermanager%3AWifiReceiver/CE]];DV;1,KDMv3_Unit=kB;DV;1:HI
I/Vitals  (  157): activity_manager_service:sample_uss:KDMv3_Data=[['com.amazon.device.controllermanager'!2808!2808!2808!1!com.amazon.device.controllermanager/S ]];DV;1,KDMv3_Unit=kB;DV;1:HI
I/Vitals  (  157): activity_manager_service:sample_uss:KDMv3_Data=[['com.amazon.device.crashmanager'!3620!3620!3620!1!com.amazon.device.crashmanager/CE]];DV;1,KDMv3_Unit=kB;DV;1:HI
I/Vitals  (  157): activity_manager_service:sample_uss:KDMv3_Data=[['com.amazon.device.logmanager'!4416!4416!4416!1!com.amazon.device.logmanager/P ]];DV;1,KDMv3_Unit=kB;DV;1:HI
I/Vitals  (  157): activity_manager_service:sample_uss:KDMv3_Data=[['com.android.systemui'!5100!5100!5100!1!com.amazon.device.services/P ]];DV;1,KDMv3_Unit=kB;DV;1:HI
I/Vitals  (  157): activity_manager_service:sample_uss:KDMv3_Data=[['com.amazon.device.settings'!3284!3284!3284!1!com.amazon.device.settings/CE]];DV;1,KDMv3_Unit=kB;DV;1:HI
I/Vitals  (  157): activity_manager_service:sample_uss:KDMv3_Data=[['com.amazon.imp'!6288!6288!6288!1!com.amazon.imp/P ]];DV;1,KDMv3_Unit=kB;DV;1:HI
I/Vitals  (  157): activity_manager_service:sample_uss:KDMv3_Data=[['com.amazon.kindle'!34088!11156!11468!3!com.amazon.kindle/T ]];DV;1,KDMv3_Unit=kB;DV;1:HI
I/Vitals  (  157): activity_manager_service:sample_uss:KDMv3_Data=[['com.amazon.kso.blackbird'!5112!5112!5112!1!com.amazon.kso.blackbird%3ABlackbirdServiceProcess/CE]];DV;1,KDMv3_Unit=kB;DV;1:HI
I/Vitals  (  157): activity_manager_service:sample_uss:KDMv3_Data=[['com.amazon.kso.blackbird'!5176!5176!5176!1!com.amazon.kso.blackbird%3ABlackbirdServiceProcess/S ]];DV;1,KDMv3_Unit=kB;DV;1:HI
I/Vitals  (  157): activity_manager_service:sample_uss:KDMv3_Data=[['com.amazon.precog'!3144!3144!3144!1!com.amazon.precog/P ]];DV;1,KDMv3_Unit=kB;DV;1:HI
I/Vitals  (  157): activity_manager_service:sample_uss:KDMv3_Data=[['com.amazon.storm.lightning.services'!6660!6660!6660!1!com.amazon.storm.lightning.services/CE]];DV;1,KDMv3_Unit=kB;DV;1:HI
I/Vitals  (  157): activity_manager_service:sample_uss:KDMv3_Data=[['com.amazon.storm.lightning.services'!6476!6476!6476!1!com.amazon.storm.lightning.services/S ]];DV;1,KDMv3_Unit=kB;DV;1:HI
I/Vitals  (  157): activity_manager_service:sample_uss:KDMv3_Data=[['com.amazon.sync.service'!3436!3436!3436!1!com.amazon.sync.service/S ]];DV;1,KDMv3_Unit=kB;DV;1:HI
I/Vitals  (  157): activity_manager_service:sample_uss:KDMv3_Data=[['com.amazon.tcomm'!8404!8404!8404!1!com.amazon.tcomm/P ]];DV;1,KDMv3_Unit=kB;DV;1:HI
I/Vitals  (  157): activity_manager_service:sample_uss:KDMv3_Data=[['com.amazon.tv.fw.metrics'!2208!2208!2208!1!com.amazon.tv.fw.metrics/CE]];DV;1,KDMv3_Unit=kB;DV;1:HI
I/Vitals  (  157): activity_manager_service:sample_uss:KDMv3_Data=[['com.amazon.tv.ime'!7696!7696!7696!1!com.amazon.tv.ime/IB]];DV;1,KDMv3_Unit=kB;DV;1:HI
I/Vitals  (  157): activity_manager_service:sample_uss:KDMv3_Data=[['com.amazon.tv.launcher'!4320!4320!4320!1!com.amazon.tv.launcher%3AMediaBrowseServiceProcess/HW]];DV;1,KDMv3_Unit=kB;DV;1:HI
I/Vitals  (  157): activity_manager_service:sample_uss:KDMv3_Data=[['com.amazon.tv.launcher'!6144!6144!6144!1!com.amazon.tv.launcher/CE]];DV;1,KDMv3_Unit=kB;DV;1:HI
I/Vitals  (  157): activity_manager_service:sample_uss:KDMv3_Data=[['com.amazon.tv.oobe'!10324!10324!10324!1!com.amazon.tv.oobe/HO]];DV;1,KDMv3_Unit=kB;DV;1:HI
I/Vitals  (  157): activity_manager_service:sample_uss:KDMv3_Data=[['com.amazon.tv.oobe'!18432!6176!12256!2!com.amazon.tv.oobe/T ]];DV;1,KDMv3_Unit=kB;DV;1:HI
I/Vitals  (  157): activity_manager_service:sample_uss:KDMv3_Data=[['com.amazon.tv.settings'!4676!4676!4676!1!com.amazon.tv.settings/CE]];DV;1,KDMv3_Unit=kB;DV;1:HI
I/Vitals  (  157): activity_manager_service:sample_uss:KDMv3_Data=[['com.amazon.venezia'!66996!16736!16756!4!com.amazon.venezia/CE]];DV;1,KDMv3_Unit=kB;DV;1:HI
I/Vitals  (  157): activity_manager_service:sample_uss:KDMv3_Data=[['com.amazon.venezia'!15940!15940!15940!1!com.amazon.venezia/S ]];DV;1,KDMv3_Unit=kB;DV;1:HI
I/Vitals  (  157): activity_manager_service:sample_uss:KDMv3_Data=[['com.amazon.vizzini'!12724!12724!12724!1!com.amazon.vizzini/P ]];DV;1,KDMv3_Unit=kB;DV;1:HI
I/Vitals  (  157): activity_manager_service:sample_uss:KDMv3_Data=[['com.amazon.whisperlink.core.android'!7936!7936!7936!1!com.amazon.whisperlink.core.android/S ]];DV;1,KDMv3_Unit=kB;DV;1:HI
I/Vitals  (  157): activity_manager_service:sample_uss:KDMv3_Data=[['com.android.bluetooth'!7260!7260!7260!1!com.android.bluetooth/IF]];DV;1,KDMv3_Unit=kB;DV;1:HI
I/Vitals  (  157): activity_manager_service:sample_uss:KDMv3_Data=[['com.android.providers.downloads'!3364!3364!3364!1!com.android.providers.downloads/CE]];DV;1,KDMv3_Unit=kB;DV;1:HI
I/Vitals  (  157): activity_manager_service:sample_uss:KDMv3_Data=[['android'!36216!36216!36216!1!system/P ]];DV;1,KDMv3_Unit=kB;DV;1:HI
I/Vitals  (  157): performance:framedrop:KDMv3_Data=[['com.amazon.tv.oobe'!4!4!4!1!]];DV;1,KDMv3_Unit=count;DV;1:HI
I/Vitals  (  157): performance:framedrop10:KDMv3_Data=[['com.amazon.tv.oobe'!2!2!2!1!]];DV;1,KDMv3_Unit=count;DV;1:HI
I/Vitals  (  157): performance:framedrop2:KDMv3_Data=[['com.amazon.tv.oobe'!4!4!4!1!]];DV;1,KDMv3_Unit=count;DV;1:HI
I/Vitals  (  157): performance:framesTotal:KDMv3_Data=[['com.amazon.tv.oobe'!14!14!14!1!]];DV;1,KDMv3_Unit=count;DV;1:HI
I/PowerManagerService(  991): Nap time (uid 1000)...
I/DreamManagerService(  991): Entering dreamland.
I/PowerManagerService(  991): Dreaming...
I/DreamController(  991): Starting dream: name=ComponentInfo{com.amazon.bueller.photos/com.amazon.bueller.photos.daydream.ScreenSaverService}, isTest=false, canDoze=false, userId=0
I/FireTvStickTemperatureObserver(  991): SCREEN ON
I/LoggerMetricsFactoryImpl(  991): ThermalEvent:tempstat:soc_ts0_time_screen_on_wifi=341209.0;CT;1:NR
W/ContextImpl(  991): Calling a method in the system process without a qualified user: android.app.ContextImpl.startService:1776 com.amazon.android.service.wifi.WifiControllerService$Receiver.onReceive:733 android.app.LoadedApk$ReceiverDispatcher$Args.run:902 android.os.Handler.handleCallback:739 android.os.Handler.dispatchMessage:95 
I/FrameworkJumpTable( 2746): Successfully loaded all classes
I/FrameworkJumpTable( 2746): Successfully loaded all methods
I/FrameworkJumpTable( 2746): Successfully loaded all fields
W/KeyguardServiceDelegate(  991): onScreenTurnedOn(): no keyguard service!
I/LoggerMetricsFactoryImpl(  991): PhoneWindowManager:ActivityChanged:com.amazon.bueller.photos=1.0;CT;1:NR
I/LoggerMetricsFactoryImpl(  991): PhoneWindowManager:ScreenTime:com.amazon.kindle=300588.0;TI;1,endTimeMs=8.674163E7;TI;1,startTimeMs=8.6441043E7;TI;1:NR
I/LoggerMetricsFactoryImpl(  991): ScreenTime:updateLRUListLocked:page-type=KindleFramework;CK;1,hitType=deviceAction;CK;1,team-name=KindleFramework;CK;1,site_variant=KindleApplication;CK;1,page-action=fgEnd;CK;1,sub-page-type=com.amazon.kindle;CK;1,RequestId=C34E2CBDABFFBE943631;DV;1:NA
I/LoggerMetricsFactoryImpl(  991): ScreenTime:updateLRUListLocked:page-type=KindleFramework;CK;1,hitType=deviceAction;CK;1,team-name=KindleFramework;CK;1,site_variant=KindleApplication;CK;1,page-action=fgStart;CK;1,sub-page-type=com.amazon.bueller.photos_dream;CK;1,RequestId=4A4153A2175CED865518;DV;1:NA
V/WindowManager(  991): Adding window Window{26a91171 u0 SurfaceView} at 2 of 3 (before Window{2106abdf u0 dream})
W/InputMethodManagerService(  991): Settings not found for 'safe mode' for current user
W/InputMethodManagerService(  991): Starting input on non-focused client com.android.internal.view.IInputMethodClient$Stub$Proxy@f3437d7 (uid=10016 pid=2726)
I/PowerManagerNotifier(  991): BroadcastedInteractiveState=1 ActualInteractiveState=1
I/ActivityManager(  991): Waited long enough for: ServiceRecord{18075d30 u0 com.amazon.venezia/.appupdates.AppUpdateNotificationService}
I/FireTvLedManagerService(  991): Device status changed: Intent { act=android.bluetooth.adapter.action.DISCOVERY_FINISHED flg=0x10 }
I/FireTvLedManagerService(  991): bluetooth discovery finished
I/NopLedManager(  991): NopLedManager inactivateState
I/FireTvLedManagerService(  991): Device status changed: Intent { act=android.bluetooth.adapter.action.DISCOVERY_STARTED flg=0x10 }
I/FireTvLedManagerService(  991): bluetooth discovery started
I/NopLedManager(  991): NopLedManager activateState
E/WifiP2pService(  991): applyAutoGOHiddenSSIDState: remote_discovery_on=false wps_pbc_on=false wfd_on=false hiddenSSID=true
I/LoggerMetricsFactoryImpl( 1655): WifiReceiverService:wifi_discovery:discovering=false;DV;1:NR
E/WifiP2pService(  991): applyAutoGOHiddenSSIDState: remote_discovery_on=true wps_pbc_on=false wfd_on=false hiddenSSID=false
I/LoggerMetricsFactoryImpl( 1655): WifiReceiverService:wifi_discovery:discovering=true;DV;1:NR
I/FireTvLedManagerService(  991): Device status changed: Intent { act=android.bluetooth.adapter.action.DISCOVERY_FINISHED flg=0x10 }
I/FireTvLedManagerService(  991): bluetooth discovery finished
I/NopLedManager(  991): NopLedManager inactivateState
E/WifiP2pService(  991): applyAutoGOHiddenSSIDState: remote_discovery_on=false wps_pbc_on=false wfd_on=false hiddenSSID=true
W/SchedPolicy(  991): Failed to set io priority for tid 3088 (No such process)
I/LoggerMetricsFactoryImpl( 1655): WifiReceiverService:wifi_discovery:discovering=false;DV;1:NR
I/LoggerMetricsFactoryImpl(  991): ThermalEvent:tmon:temp_soc_screen_on_wifi=62400.0;CT;1,temp_103_screen_on_wifi=65000.0;CT;1:NR
I/syseng_board_status( 4174): syseng_board_status:vcbuild:type=release;DV;1,version=f37c056428b3511ce1530e6f5a27c453181292a8 (tainted);DV;1,branch=HEAD;DV;1,application=vmcs_android;DV;1,date=May 20 2016;DV;1,time=20 31 10;DV;1,platform=montoya;DV;1:NR 
I/syseng_board_status( 4177): syseng_board_status:vchostmemuse:/system/bin/surfaceflinger=91239368;CT;1,com.amazon.kindle=36415240;CT;1,system_server=8192000;CT;1,com.amazon.tv.oobe=2480816;CT;1,com.amazon.vizzini=708608;CT;1,com.amazon.bueller.photos=110687504;CT;1,/system/bin/mediaserver=8192;CT;1:NR 
I/syseng_board_status( 4180): syseng_board_status:vcrelocstats:total=519045120;CT;1,relocatable=519045120;CT;1,legacy=0;CT;1,offline=0;CT;1,small_allocs=94;CT;1,allocs=392;CT;1,alloc_fails=0;CT;1,legacy_block_fails=0;CT;1,compactions=0;CT;1,discard_compactions=0;CT;1,aggressive_compactions=0;CT;1,aggressive_compaction_waits=0;CT;1,aggressive_compaction_timeouts=0;CT;1,locks=0;CT;1,small_locks=0;CT;1,free=313524224;CT;1,freeBlocks=17;CT;1,largestFreeBlock=256901120;CT;1:NR 
I/syseng_board_status( 4183): syseng_board_status:vcwfc:stream_count=0x0000000b;DV;1:NR 
I/syseng_board_status( 4186): syseng_board_status:vcrelocs2:vc_heap_count_dispmanx_txp_ch1=3;CT;1,vc_heap_size_dispmanx_txp_ch1=25067520;CT;1,vc_heap_count_mh_alloc_list=1;CT;1,vc_heap_size_mh_alloc_list=13824;CT;1,vc_heap_count_audioplus_tmp_buf=1;CT;1,vc_heap_size_audioplus_tmp_buf=16384;CT;1,vc_heap_count_dt_blob=1;CT;1,vc_heap_size_dt_blob=7592;CT;1,vc_heap_count_SLIM_IPC_STATE_T=3;CT;1,vc_heap_size_SLIM_IPC_STATE_T=1344;CT;1:NR 
I/syseng_board_status( 4189): syseng_board_status:vcrelocs2:corrupt=0;CT;1:NR 
I/syseng_board_status( 4192): syseng_board_status:vclmk:killed=0;CT;1:NR 
I/syseng_board_status( 4195): syseng_board_status:vmstat1:nr_free_pages=8773;CT;1,nr_inactive_anon=22697;CT;1,nr_active_anon=21469;CT;1,nr_inactive_file=30285;CT;1,nr_active_file=26929;CT;1,nr_unevictable=134;CT;1,nr_mlock=0;CT;1,nr_anon_pages=43878;CT;1,nr_mapped=23018;CT;1,nr_file_pages=57741;CT;1,nr_dirty=1;CT;1,nr_writeback=0;CT;1,nr_slab_reclaimable=1681;CT;1,nr_slab_unreclaimable=4236;CT;1,nr_page_table_pages=3930;CT;1,nr_kernel_stack=803;CT;1,nr_unstable=0;CT;1,nr_bounce=0;CT;1,nr_vmscan_write=4402;CT;1,nr_writeback_temp=0;CT;1,nr_isolated_anon=0;CT;1,nr_isolated_file=0;CT;1,nr_shmem=16;CT;1,nr_dirtied=2152;CT;1,nr_written=6463;CT;1,nr_anon_transparent_hugepages=0;CT;1,nr_dirty_threshold=22030;CT;1,nr_dirty_background_threshold=5507;CT;1:NR 
I/syseng_board_status( 4198): syseng_board_status:vmstat2:pgpgin=466185;CT;1,pgpgout=31837;CT;1,pswpin=228;CT;1,pswpout=4402;CT;1,pgalloc_normal=509143;CT;1,pgalloc_movable=0;CT;1,pgfree=518272;CT;1,pgactivate=32492;CT;1,pgdeactivate=32796;CT;1,pgfault=1488211;CT;1,pgmajfault=3364;CT;1,pgrefill_normal=32795;CT;1,pgrefill_movable=0;CT;1,pgsteal_normal=60349;CT;1,pgsteal_movable=0;CT;1,pgscan_kswapd_normal=92628;CT;1,pgscan_kswapd_movable=0;CT;1,pgscan_direct_normal=711;CT;1,pgscan_direct_movable=0;CT;1,pginodesteal=0;CT;1,pgrotated=5;CT;1:NR 
I/syseng_board_status( 4201): syseng_board_status:vmstat3:slabs_scanned=18304;CT;1,kswapd_steal=60101;CT;1,kswapd_inodesteal=0;CT;1,kswapd_low_wmark_hit_quickly=9;CT;1,kswapd_high_wmark_hit_quickly=31;CT;1,kswapd_skip_congestion_wait=0;CT;1,pageoutrun=1244;CT;1,allocstall=4;CT;1,compact_blocks_moved=0;CT;1,compact_pages_moved=0;CT;1,compact_pagemigrate_failed=0;CT;1,compact_stall=0;CT;1,compact_fail=0;CT;1,compact_success=0;CT;1,unevictable_pgs_culled=134;CT;1,unevictable_pgs_scanned=0;CT;1,unevictable_pgs_rescued=0;CT;1,unevictable_pgs_mlocked=0;CT;1,unevictable_pgs_munlocked=0;CT;1,unevictable_pgs_cleared=0;CT;1,unevictable_pgs_stranded=0;CT;1,unevictable_pgs_mlockfreed=0;CT;1:NR 
I/syseng_board_status( 4204): syseng_board_status:meminfo:MemTotal=502916;CT;1,MemFree=35092;CT;1,MemAvailable=203712;CT;1,Buffers=11280;CT;1,Cached=218176;CT;1,SwapCached=1508;CT;1,Active=193592;CT;1,Inactive=211928;CT;1,Active_anon=85876;CT;1,Inactive_anon=90788;CT;1,Active_file=107716;CT;1,Inactive_file=121140;CT;1,Unevictable=536;CT;1,Mlocked=0;CT;1,SwapTotal=262140;CT;1:NR 
I/syseng_board_status( 4207): syseng_board_status:meminfo:SwapFree=244032;CT;1,Dirty=4;CT;1,Writeback=0;CT;1,AnonPages=175512;CT;1,Mapped=92072;CT;1,Shmem=64;CT;1,Slab=23668;CT;1,SReclaimable=6724;CT;1,SUnreclaim=16944;CT;1,KernelStack=6424;CT;1,PageTables=15720;CT;1,NFS_Unstable=0;CT;1,Bounce=0;CT;1,WritebackTmp=0;CT;1,CommitLimit=513596;CT;1,Committed_AS=20385940;CT;1:NR 
I/syseng_board_status( 4210): syseng_board_status:meminfo:VmallocTotal=483328;CT;1,VmallocUsed=37480;CT;1,VmallocChunk=404420;CT;1:NR 
I/syseng_board_status( 4213): syseng_board_status:netdevstats:recv_bytes_wlan0=221205;CT;1,recv_packets_wlan0=605;CT;1,recv_errs_wlan0=0;CT;1,recv_drop_wlan0=604;CT;1,recv_fifo_wlan0=0;CT;1,recv_frame_wlan0=0;CT;1,recv_compressed_wlan0=0;CT;1,recv_multicast_wlan0=0;CT;1,xmit_bytes_wlan0=540;CT;1,xmit_packets_wlan0=6;CT;1,xmit_errs_wlan0=0;CT;1,xmit_drop_wlan0=0;CT;1,xmit_fifo_wlan0=0;CT;1,xmit_colls_wlan0=0;CT;1,xmit_carrier_wlan0=0;CT;1,xmit_compressed_wlan0=0;CT;1:NR 
I/syseng_board_status( 4216): syseng_board_status:cpufreq:time_312000=0;CT;1,time_499999=0;CT;1,time_666666=0;CT;1,time_999999=62945;CT;1:NR 
I/syseng_board_status( 4219): syseng_board_status:cpuidle:time_cpu0_c0=527786524;CT;1,time_cpu0_c1=0;CT;1,time_cpu0_c2=0;CT;1,time_cpu0_c3=0;CT;1,time_cpu1_c0=538500451;CT;1,time_cpu1_c1=0;CT;1,time_cpu1_c2=0;CT;1,time_cpu1_c3=0;CT;1:NR 
I/syseng_board_status( 4222): syseng_board_status:ksmstats:full_scans=5;CT;1,pages_shared=7;CT;1,pages_sharing=1660;CT;1,pages_to_scan=100;CT;1,pages_unshared=368;CT;1,pages_volatile=115278;CT;1:NR 
I/syseng_board_status( 4226): syseng_board_status:tempstat:soc_ts0_max=68477;CT;1,soc_ts1_max=76000;CT;1,soc_ts2_max=77000;CT;1,soc_ts3_max=81000;CT;1,soc_crit_max=100522;CT;1,tmp103_sensor=65000;CT;1,soctemp=64057;CT;1,soc_tstate=0;CT;1,soc_avg=0;CT;1,soc_max=0;CT;1,soc_ts0_time=62946;CT;1,soc_ts1_time=0;CT;1,soc_ts2_time=0;CT;1,soc_ts3_time=0;CT;1,soc_ts4_time=0;CT;1,soc_ts0_trans=1;CT;1,soc_ts1_trans=0;CT;1,soc_ts2_trans=0;CT;1,soc_ts3_trans=0;CT;1,soc_ts4_trans=0;CT;1:NR 
I/syseng_board_status( 4229): syseng_board_status:zramstats:num_reads=230;CT;1,num_writes=4403;CT;1,compr_data_size=5315010;CT;1,orig_data_size=16691200;CT;1,zero_pages=202;CT;1,mem_used_total=5361664;CT;1:NR 
I/syseng_board_status( 4232): syseng_board_status:df:tmp_sizekb=250512;CT;1,tmp_usedkb=0;CT;1,tmp_freekb=250512;CT;1,system_sizekb=789072;CT;1,system_usedkb=553554;CT;1,system_freekb=235518;CT;1,data_sizekb=5871992;CT;1,data_usedkb=737868;CT;1,data_freekb=5137993;CT;1,cache_sizekb=789072;CT;1,cache_usedkb=249594;CT;1,cache_freekb=539478;CT;1:NR 
I/syseng_board_status( 4235): syseng_board_status:sics:com_amazon_avod_dlcount=0;CT;1,com_amazon_avod_dlkb=0;CT;1,com_amazon_bueller_music_dlcount=0;CT;1,com_amazon_bueller_music_dlkb=0;CT;1,com_amazon_bueller_photos_dlcount=0;CT;1,com_amazon_bueller_photos_dlkb=0;CT;1,com_amazon_tv_launcher_dlcount=575;CT;1,com_amazon_tv_launcher_dlkb=34700;CT;1,com_amazon_venezia_dlcount=37;CT;1,com_amazon_venezia_dlkb=10152;CT;1:NR 
I/syseng_board_status( 4238): syseng_board_status:hdmi:state=0x2a [HDMI CEA (16) RGB lim 16 9 HDCP] 1920x1080 @ 60Hz progressive;DV;1,device=PRI-BBY_LCD_TV;DV;1:NR 
I/syseng_board_status( 4241): syseng_board_status:cputicks:cpu0_user=5411;CT;1,cpu0_userlow=203;CT;1,cpu0_system=3047;CT;1,cpu0_idle=53022;CT;1,cpu1_user=4935;CT;1,cpu1_userlow=199;CT;1,cpu1_system=2444;CT;1,cpu1_idle=54490;CT;1:NR 
I/syseng_board_status( 4244): syseng_board_status:power:st=Typical_Typical;DV;1,st_Typical_Typical_wifi=1;CT;1,usb_boot_charge_type=standard_host;DV;1,gadget_state=CONFIGURED;DV;1:NR 
I/syseng_board_status( 4247): syseng_board_status:bootstatus:uptime=630.44;CT;1,idletime=630.44;CT;1,bootid=906f56b9-5155-4897-8f89-24db672145aa;DV;1,rr=unknown;DV;1,vb=brcm-4.2.2-montoya-plus-5.13.a;DV;1,tbd=0;CT;1,br=06;CT;1:HI 
I/syseng_board_status( 4250): syseng_board_status:self:utime=48;CT;1,stime=28;CT;1,cutime=83;CT;1,cstime=68;CT;1,count=3;CT;1:NR 
I/syseng_board_status( 4253): syseng_board_status:emmcstats:emmcinfo=Toshiba;DV;1,emmcmlc_avg=10;CT;1,emmcmlc_max=20;CT;1:NR 
I/ActivityManager(  991): Start proc 4304:android.process.media/u0a22025 for broadcast com.android.providers.media/.MtpReceiver
D/VendorDisplayManagerGlobalCallback( 4304): callGetInstance: nil
W/SchedPolicy(  991): Failed to set io priority for tid 4471 (No such process)
I/LoggerMetricsFactoryImpl(  991): ThermalEvent:tmon:temp_soc_screen_on_wifi=64057.0;CT;1,temp_103_screen_on_wifi=68000.0;CT;1:NR
I/syseng_board_status( 4676): syseng_board_status:vcbuild:type=release;DV;1,version=f37c056428b3511ce1530e6f5a27c453181292a8 (tainted);DV;1,branch=HEAD;DV;1,application=vmcs_android;DV;1,date=May 20 2016;DV;1,time=20 31 10;DV;1,platform=montoya;DV;1:NR 
I/syseng_board_status( 4679): syseng_board_status:vchostmemuse:/system/bin/surfaceflinger=91239368;CT;1,com.amazon.kindle=36480776;CT;1,system_server=8192000;CT;1,com.amazon.tv.oobe=2480816;CT;1,com.amazon.vizzini=708608;CT;1,com.amazon.bueller.photos=113128720;CT;1,/system/bin/mediaserver=8192;CT;1:NR 
I/syseng_board_status( 4682): syseng_board_status:vcrelocstats:total=519045120;CT;1,relocatable=519045120;CT;1,legacy=0;CT;1,offline=0;CT;1,small_allocs=94;CT;1,allocs=468;CT;1,alloc_fails=0;CT;1,legacy_block_fails=0;CT;1,compactions=0;CT;1,discard_compactions=0;CT;1,aggressive_compactions=0;CT;1,aggressive_compaction_waits=0;CT;1,aggressive_compaction_timeouts=0;CT;1,locks=0;CT;1,small_locks=0;CT;1,free=310378496;CT;1,freeBlocks=19;CT;1,largestFreeBlock=275775488;CT;1:NR 
I/syseng_board_status( 4685): syseng_board_status:vcwfc:stream_count=0x0000000b;DV;1:NR 
I/syseng_board_status( 4688): syseng_board_status:vcrelocs2:vc_heap_count_dispmanx_txp_ch1=3;CT;1,vc_heap_size_dispmanx_txp_ch1=25067520;CT;1,vc_heap_count_mh_alloc_list=1;CT;1,vc_heap_size_mh_alloc_list=13824;CT;1,vc_heap_count_audioplus_tmp_buf=1;CT;1,vc_heap_size_audioplus_tmp_buf=16384;CT;1,vc_heap_count_dt_blob=1;CT;1,vc_heap_size_dt_blob=7592;CT;1,vc_heap_count_SLIM_IPC_STATE_T=3;CT;1,vc_heap_size_SLIM_IPC_STATE_T=1344;CT;1:NR 
I/syseng_board_status( 4691): syseng_board_status:vcrelocs2:corrupt=0;CT;1:NR 
I/syseng_board_status( 4694): syseng_board_status:vclmk:killed=0;CT;1:NR 
I/syseng_board_status( 4697): syseng_board_status:vmstat1:nr_free_pages=8309;CT;1,nr_inactive_anon=21536;CT;1,nr_active_anon=21485;CT;1,nr_inactive_file=31086;CT;1,nr_active_file=27488;CT;1,nr_unevictable=134;CT;1,nr_mlock=0;CT;1,nr_anon_pages=42729;CT;1,nr_mapped=20673;CT;1,nr_file_pages=59156;CT;1,nr_dirty=0;CT;1,nr_writeback=0;CT;1,nr_slab_reclaimable=1679;CT;1,nr_slab_unreclaimable=4410;CT;1,nr_page_table_pages=4016;CT;1,nr_kernel_stack=812;CT;1,nr_unstable=0;CT;1,nr_bounce=0;CT;1,nr_vmscan_write=4812;CT;1,nr_writeback_temp=0;CT;1,nr_isolated_anon=0;CT;1,nr_isolated_file=0;CT;1,nr_shmem=10;CT;1,nr_dirtied=2435;CT;1,nr_written=7149;CT;1,nr_anon_transparent_hugepages=0;CT;1,nr_dirty_threshold=21981;CT;1,nr_dirty_background_threshold=5495;CT;1:NR 
I/syseng_board_status( 4700): syseng_board_status:vmstat2:pgpgin=548501;CT;1,pgpgout=34993;CT;1,pswpin=308;CT;1,pswpout=4812;CT;1,pgalloc_normal=552614;CT;1,pgalloc_movable=0;CT;1,pgfree=561231;CT;1,pgactivate=33149;CT;1,pgdeactivate=33756;CT;1,pgfault=1702757;CT;1,pgmajfault=3485;CT;1,pgrefill_normal=33755;CT;1,pgrefill_movable=0;CT;1,pgsteal_normal=80006;CT;1,pgsteal_movable=0;CT;1,pgscan_kswapd_normal=114751;CT;1,pgscan_kswapd_movable=0;CT;1,pgscan_direct_normal=711;CT;1,pgscan_direct_movable=0;CT;1,pginodesteal=0;CT;1,pgrotated=5;CT;1:NR 
I/syseng_board_status( 4704): syseng_board_status:vmstat3:slabs_scanned=20736;CT;1,kswapd_steal=79758;CT;1,kswapd_inodesteal=0;CT;1,kswapd_low_wmark_hit_quickly=9;CT;1,kswapd_high_wmark_hit_quickly=85;CT;1,kswapd_skip_congestion_wait=0;CT;1,pageoutrun=1693;CT;1,allocstall=4;CT;1,compact_blocks_moved=0;CT;1,compact_pages_moved=0;CT;1,compact_pagemigrate_failed=0;CT;1,compact_stall=0;CT;1,compact_fail=0;CT;1,compact_success=0;CT;1,unevictable_pgs_culled=134;CT;1,unevictable_pgs_scanned=0;CT;1,unevictable_pgs_rescued=0;CT;1,unevictable_pgs_mlocked=0;CT;1,unevictable_pgs_munlocked=0;CT;1,unevictable_pgs_cleared=0;CT;1,unevictable_pgs_stranded=0;CT;1,unevictable_pgs_mlockfreed=0;CT;1:NR 
I/syseng_board_status( 4707): syseng_board_status:meminfo:MemTotal=502916;CT;1,MemFree=33236;CT;1,MemAvailable=207292;CT;1,Buffers=4560;CT;1,Cached=230336;CT;1,SwapCached=1728;CT;1,Active=195892;CT;1,Inactive=210488;CT;1,Active_anon=85940;CT;1,Inactive_anon=86144;CT;1,Active_file=109952;CT;1,Inactive_file=124344;CT;1,Unevictable=536;CT;1,Mlocked=0;CT;1,SwapTotal=262140;CT;1:NR 
I/syseng_board_status( 4710): syseng_board_status:meminfo:SwapFree=242552;CT;1,Dirty=0;CT;1,Writeback=0;CT;1,AnonPages=170916;CT;1,Mapped=82692;CT;1,Shmem=40;CT;1,Slab=24356;CT;1,SReclaimable=6716;CT;1,SUnreclaim=17640;CT;1,KernelStack=6496;CT;1,PageTables=16064;CT;1,NFS_Unstable=0;CT;1,Bounce=0;CT;1,WritebackTmp=0;CT;1,CommitLimit=513596;CT;1,Committed_AS=21061016;CT;1:NR 
I/syseng_board_status( 4713): syseng_board_status:meminfo:VmallocTotal=483328;CT;1,VmallocUsed=38500;CT;1,VmallocChunk=403396;CT;1:NR 
I/syseng_board_status( 4716): syseng_board_status:netdevstats:recv_bytes_wlan0=370061;CT;1,recv_packets_wlan0=1006;CT;1,recv_errs_wlan0=0;CT;1,recv_drop_wlan0=1005;CT;1,recv_fifo_wlan0=0;CT;1,recv_frame_wlan0=0;CT;1,recv_compressed_wlan0=0;CT;1,recv_multicast_wlan0=0;CT;1,xmit_bytes_wlan0=540;CT;1,xmit_packets_wlan0=6;CT;1,xmit_errs_wlan0=0;CT;1,xmit_drop_wlan0=0;CT;1,xmit_fifo_wlan0=0;CT;1,xmit_colls_wlan0=0;CT;1,xmit_carrier_wlan0=0;CT;1,xmit_compressed_wlan0=0;CT;1:NR 
I/syseng_board_status( 4719): syseng_board_status:cpufreq:time_312000=0;CT;1,time_499999=0;CT;1,time_666666=0;CT;1,time_999999=93064;CT;1:NR 
I/syseng_board_status( 4722): syseng_board_status:cpuidle:time_cpu0_c0=780106779;CT;1,time_cpu0_c1=0;CT;1,time_cpu0_c2=0;CT;1,time_cpu0_c3=0;CT;1,time_cpu1_c0=794628604;CT;1,time_cpu1_c1=0;CT;1,time_cpu1_c2=0;CT;1,time_cpu1_c3=0;CT;1:NR 
I/syseng_board_status( 4725): syseng_board_status:ksmstats:full_scans=5;CT;1,pages_shared=592;CT;1,pages_sharing=3590;CT;1,pages_to_scan=100;CT;1,pages_unshared=10740;CT;1,pages_volatile=113921;CT;1:NR 
I/syseng_board_status( 4728): syseng_board_status:tempstat:soc_ts0_max=68477;CT;1,soc_ts1_max=76000;CT;1,soc_ts2_max=77000;CT;1,soc_ts3_max=81000;CT;1,soc_crit_max=100522;CT;1,tmp103_sensor=68000;CT;1,soctemp=65715;CT;1,soc_tstate=0;CT;1,soc_avg=0;CT;1,soc_max=0;CT;1,soc_ts0_time=93065;CT;1,soc_ts1_time=0;CT;1,soc_ts2_time=0;CT;1,soc_ts3_time=0;CT;1,soc_ts4_time=0;CT;1,soc_ts0_trans=1;CT;1,soc_ts1_trans=0;CT;1,soc_ts2_trans=0;CT;1,soc_ts3_trans=0;CT;1,soc_ts4_trans=0;CT;1:NR 
I/syseng_board_status( 4731): syseng_board_status:zramstats:num_reads=310;CT;1,num_writes=4813;CT;1,compr_data_size=5417361;CT;1,orig_data_size=18206720;CT;1,zero_pages=202;CT;1,mem_used_total=5455872;CT;1:NR 
I/syseng_board_status( 4734): syseng_board_status:df:tmp_sizekb=250512;CT;1,tmp_usedkb=0;CT;1,tmp_freekb=250512;CT;1,system_sizekb=789072;CT;1,system_usedkb=553554;CT;1,system_freekb=235518;CT;1,data_sizekb=5871992;CT;1,data_usedkb=737970;CT;1,data_freekb=5137993;CT;1,cache_sizekb=789072;CT;1,cache_usedkb=249594;CT;1,cache_freekb=539478;CT;1:NR 
I/syseng_board_status( 4737): syseng_board_status:sics:com_amazon_avod_dlcount=0;CT;1,com_amazon_avod_dlkb=0;CT;1,com_amazon_bueller_music_dlcount=0;CT;1,com_amazon_bueller_music_dlkb=0;CT;1,com_amazon_bueller_photos_dlcount=0;CT;1,com_amazon_bueller_photos_dlkb=0;CT;1,com_amazon_tv_launcher_dlcount=575;CT;1,com_amazon_tv_launcher_dlkb=34700;CT;1,com_amazon_venezia_dlcount=37;CT;1,com_amazon_venezia_dlkb=10152;CT;1:NR 
I/syseng_board_status( 4740): syseng_board_status:hdmi:state=0x2a [HDMI CEA (16) RGB lim 16 9 HDCP] 1920x1080 @ 60Hz progressive;DV;1,device=PRI-BBY_LCD_TV;DV;1:NR 
I/syseng_board_status( 4743): syseng_board_status:cputicks:cpu0_user=8194;CT;1,cpu0_userlow=221;CT;1,cpu0_system=4524;CT;1,cpu0_idle=78656;CT;1,cpu1_user=7888;CT;1,cpu1_userlow=214;CT;1,cpu1_system=3472;CT;1,cpu1_idle=80546;CT;1:NR 
I/syseng_board_status( 4746): syseng_board_status:power:st=Typical_Typical;DV;1,st_Typical_Typical_wifi=1;CT;1,usb_boot_charge_type=standard_host;DV;1,gadget_state=CONFIGURED;DV;1:NR 
I/syseng_board_status( 4749): syseng_board_status:bootstatus:uptime=931.63;CT;1,idletime=931.63;CT;1,bootid=906f56b9-5155-4897-8f89-24db672145aa;DV;1,rr=unknown;DV;1,vb=brcm-4.2.2-montoya-plus-5.13.a;DV;1,tbd=0;CT;1,br=06;CT;1:HI 
I/syseng_board_status( 4752): syseng_board_status:self:utime=67;CT;1,stime=35;CT;1,cutime=122;CT;1,cstime=91;CT;1,count=4;CT;1:NR 
I/syseng_board_status( 4755): syseng_board_status:emmcstats:emmcinfo=Toshiba;DV;1,emmcmlc_avg=10;CT;1,emmcmlc_max=20;CT;1:NR 
W/SchedPolicy(  991): Failed to set io priority for tid 4891 (No such process)
I/UsageStatsService(  991): User[0] Flushing usage stats to disk
I/LoggerMetricsFactoryImpl(  991): ThermalEvent:tmon:temp_soc_screen_on_wifi=65162.0;CT;1,temp_103_screen_on_wifi=69000.0;CT;1:NR
I/syseng_board_status( 5172): syseng_board_status:vcbuild:type=release;DV;1,version=f37c056428b3511ce1530e6f5a27c453181292a8 (tainted);DV;1,branch=HEAD;DV;1,application=vmcs_android;DV;1,date=May 20 2016;DV;1,time=20 31 10;DV;1,platform=montoya;DV;1:NR 
I/syseng_board_status( 5175): syseng_board_status:vchostmemuse:/system/bin/surfaceflinger=91239368;CT;1,com.amazon.kindle=36480776;CT;1,system_server=8192000;CT;1,com.amazon.tv.oobe=2480816;CT;1,com.amazon.vizzini=708608;CT;1,com.amazon.bueller.photos=138999056;CT;1,/system/bin/mediaserver=8192;CT;1:NR 
I/syseng_board_status( 5178): syseng_board_status:vcrelocstats:total=519045120;CT;1,relocatable=519045120;CT;1,legacy=0;CT;1,offline=0;CT;1,small_allocs=94;CT;1,allocs=544;CT;1,alloc_fails=0;CT;1,legacy_block_fails=0;CT;1,compactions=0;CT;1,discard_compactions=0;CT;1,aggressive_compactions=0;CT;1,aggressive_compaction_waits=0;CT;1,aggressive_compaction_timeouts=0;CT;1,locks=0;CT;1,small_locks=0;CT;1,free=285212672;CT;1,freeBlocks=16;CT;1,largestFreeBlock=266338304;CT;1:NR 
I/syseng_board_status( 5181): syseng_board_status:vcwfc:stream_count=0x0000000b;DV;1:NR 
I/syseng_board_status( 5184): syseng_board_status:vcrelocs2:vc_heap_count_dispmanx_txp_ch1=3;CT;1,vc_heap_size_dispmanx_txp_ch1=25067520;CT;1,vc_heap_count_mh_alloc_list=1;CT;1,vc_heap_size_mh_alloc_list=13824;CT;1,vc_heap_count_audioplus_tmp_buf=1;CT;1,vc_heap_size_audioplus_tmp_buf=16384;CT;1,vc_heap_count_dt_blob=1;CT;1,vc_heap_size_dt_blob=7592;CT;1,vc_heap_count_SLIM_IPC_STATE_T=3;CT;1,vc_heap_size_SLIM_IPC_STATE_T=1344;CT;1:NR 
I/syseng_board_status( 5187): syseng_board_status:vcrelocs2:corrupt=0;CT;1:NR 
I/syseng_board_status( 5190): syseng_board_status:vclmk:killed=0;CT;1:NR 
I/syseng_board_status( 5193): syseng_board_status:vmstat1:nr_free_pages=8181;CT;1,nr_inactive_anon=20649;CT;1,nr_active_anon=19135;CT;1,nr_inactive_file=34346;CT;1,nr_active_file=27678;CT;1,nr_unevictable=134;CT;1,nr_mlock=0;CT;1,nr_anon_pages=39476;CT;1,nr_mapped=18066;CT;1,nr_file_pages=62644;CT;1,nr_dirty=3;CT;1,nr_writeback=0;CT;1,nr_slab_reclaimable=1680;CT;1,nr_slab_unreclaimable=4410;CT;1,nr_page_table_pages=4024;CT;1,nr_kernel_stack=810;CT;1,nr_unstable=0;CT;1,nr_bounce=0;CT;1,nr_vmscan_write=4812;CT;1,nr_writeback_temp=0;CT;1,nr_isolated_anon=0;CT;1,nr_isolated_file=0;CT;1,nr_shmem=10;CT;1,nr_dirtied=2741;CT;1,nr_written=7444;CT;1,nr_anon_transparent_hugepages=0;CT;1,nr_dirty_threshold=21998;CT;1,nr_dirty_background_threshold=5499;CT;1:NR 
I/syseng_board_status( 5196): syseng_board_status:vmstat2:pgpgin=627433;CT;1,pgpgout=36709;CT;1,pswpin=366;CT;1,pswpout=4812;CT;1,pgalloc_normal=594658;CT;1,pgalloc_movable=0;CT;1,pgfree=603049;CT;1,pgactivate=33561;CT;1,pgdeactivate=34044;CT;1,pgfault=1913141;CT;1,pgmajfault=3568;CT;1,pgrefill_normal=34043;CT;1,pgrefill_movable=0;CT;1,pgsteal_normal=96137;CT;1,pgsteal_movable=0;CT;1,pgscan_kswapd_normal=131275;CT;1,pgscan_kswapd_movable=0;CT;1,pgscan_direct_normal=711;CT;1,pgscan_direct_movable=0;CT;1,pginodesteal=0;CT;1,pgrotated=5;CT;1:NR 
I/syseng_board_status( 5199): syseng_board_status:vmstat3:slabs_scanned=22400;CT;1,kswapd_steal=95889;CT;1,kswapd_inodesteal=194;CT;1,kswapd_low_wmark_hit_quickly=9;CT;1,kswapd_high_wmark_hit_quickly=155;CT;1,kswapd_skip_congestion_wait=0;CT;1,pageoutrun=2036;CT;1,allocstall=4;CT;1,compact_blocks_moved=0;CT;1,compact_pages_moved=0;CT;1,compact_pagemigrate_failed=0;CT;1,compact_stall=0;CT;1,compact_fail=0;CT;1,compact_success=0;CT;1,unevictable_pgs_culled=134;CT;1,unevictable_pgs_scanned=0;CT;1,unevictable_pgs_rescued=0;CT;1,unevictable_pgs_mlocked=0;CT;1,unevictable_pgs_munlocked=0;CT;1,unevictable_pgs_cleared=0;CT;1,unevictable_pgs_stranded=0;CT;1,unevictable_pgs_mlockfreed=0;CT;1:NR 
I/syseng_board_status( 5202): syseng_board_status:meminfo:MemTotal=502916;CT;1,MemFree=32724;CT;1,MemAvailable=220580;CT;1,Buffers=4812;CT;1,Cached=243868;CT;1,SwapCached=1896;CT;1,Active=187252;CT;1,Inactive=219980;CT;1,Active_anon=76540;CT;1,Inactive_anon=82596;CT;1,Active_file=110712;CT;1,Inactive_file=137384;CT;1,Unevictable=536;CT;1,Mlocked=0;CT;1,SwapTotal=262140;CT;1:NR 
I/syseng_board_status( 5205): syseng_board_status:meminfo:SwapFree=242616;CT;1,Dirty=12;CT;1,Writeback=0;CT;1,AnonPages=157904;CT;1,Mapped=72264;CT;1,Shmem=40;CT;1,Slab=24360;CT;1,SReclaimable=6720;CT;1,SUnreclaim=17640;CT;1,KernelStack=6480;CT;1,PageTables=16096;CT;1,NFS_Unstable=0;CT;1,Bounce=0;CT;1,WritebackTmp=0;CT;1,CommitLimit=513596;CT;1,Committed_AS=21061180;CT;1:NR 
I/syseng_board_status( 5208): syseng_board_status:meminfo:VmallocTotal=483328;CT;1,VmallocUsed=38500;CT;1,VmallocChunk=403396;CT;1:NR 
I/syseng_board_status( 5211): syseng_board_status:netdevstats:recv_bytes_wlan0=519805;CT;1,recv_packets_wlan0=1407;CT;1,recv_errs_wlan0=0;CT;1,recv_drop_wlan0=1406;CT;1,recv_fifo_wlan0=0;CT;1,recv_frame_wlan0=0;CT;1,recv_compressed_wlan0=0;CT;1,recv_multicast_wlan0=0;CT;1,xmit_bytes_wlan0=540;CT;1,xmit_packets_wlan0=6;CT;1,xmit_errs_wlan0=0;CT;1,xmit_drop_wlan0=0;CT;1,xmit_fifo_wlan0=0;CT;1,xmit_colls_wlan0=0;CT;1,xmit_carrier_wlan0=0;CT;1,xmit_compressed_wlan0=0;CT;1:NR 
I/syseng_board_status( 5214): syseng_board_status:cpufreq:time_312000=0;CT;1,time_499999=0;CT;1,time_666666=0;CT;1,time_999999=123184;CT;1:NR 
I/syseng_board_status( 5217): syseng_board_status:cpuidle:time_cpu0_c0=1030697127;CT;1,time_cpu0_c1=0;CT;1,time_cpu0_c2=0;CT;1,time_cpu0_c3=0;CT;1,time_cpu1_c0=1053758911;CT;1,time_cpu1_c1=0;CT;1,time_cpu1_c2=0;CT;1,time_cpu1_c3=0;CT;1:NR 
I/syseng_board_status( 5220): syseng_board_status:ksmstats:full_scans=6;CT;1,pages_shared=1071;CT;1,pages_sharing=8018;CT;1,pages_to_scan=100;CT;1,pages_unshared=26483;CT;1,pages_volatile=77584;CT;1:NR 
I/syseng_board_status( 5223): syseng_board_status:tempstat:soc_ts0_max=68477;CT;1,soc_ts1_max=76000;CT;1,soc_ts2_max=77000;CT;1,soc_ts3_max=81000;CT;1,soc_crit_max=100522;CT;1,tmp103_sensor=69000;CT;1,soctemp=67372;CT;1,soc_tstate=0;CT;1,soc_avg=0;CT;1,soc_max=0;CT;1,soc_ts0_time=123185;CT;1,soc_ts1_time=0;CT;1,soc_ts2_time=0;CT;1,soc_ts3_time=0;CT;1,soc_ts4_time=0;CT;1,soc_ts0_trans=1;CT;1,soc_ts1_trans=0;CT;1,soc_ts2_trans=0;CT;1,soc_ts3_trans=0;CT;1,soc_ts4_trans=0;CT;1:NR 
I/syseng_board_status( 5226): syseng_board_status:zramstats:num_reads=368;CT;1,num_writes=4813;CT;1,compr_data_size=5400664;CT;1,orig_data_size=18141184;CT;1,zero_pages=202;CT;1,mem_used_total=5455872;CT;1:NR 
I/syseng_board_status( 5229): syseng_board_status:df:tmp_sizekb=250512;CT;1,tmp_usedkb=0;CT;1,tmp_freekb=250512;CT;1,system_sizekb=789072;CT;1,system_usedkb=553554;CT;1,system_freekb=235518;CT;1,data_sizekb=5871992;CT;1,data_usedkb=738072;CT;1,data_freekb=5137993;CT;1,cache_sizekb=789072;CT;1,cache_usedkb=249594;CT;1,cache_freekb=539478;CT;1:NR 
I/syseng_board_status( 5232): syseng_board_status:sics:com_amazon_avod_dlcount=0;CT;1,com_amazon_avod_dlkb=0;CT;1,com_amazon_bueller_music_dlcount=0;CT;1,com_amazon_bueller_music_dlkb=0;CT;1,com_amazon_bueller_photos_dlcount=0;CT;1,com_amazon_bueller_photos_dlkb=0;CT;1,com_amazon_tv_launcher_dlcount=575;CT;1,com_amazon_tv_launcher_dlkb=34700;CT;1,com_amazon_venezia_dlcount=37;CT;1,com_amazon_venezia_dlkb=10152;CT;1:NR 
I/syseng_board_status( 5235): syseng_board_status:hdmi:state=0x2a [HDMI CEA (16) RGB lim 16 9 HDCP] 1920x1080 @ 60Hz progressive;DV;1,device=PRI-BBY_LCD_TV;DV;1:NR 
I/syseng_board_status( 5238): syseng_board_status:cputicks:cpu0_user=11127;CT;1,cpu0_userlow=252;CT;1,cpu0_system=6046;CT;1,cpu0_idle=104210;CT;1,cpu1_user=10579;CT;1,cpu1_userlow=228;CT;1,cpu1_system=4494;CT;1,cpu1_idle=106920;CT;1:NR 
I/syseng_board_status( 5241): syseng_board_status:power:st=Typical_Typical;DV;1,st_Typical_Typical_wifi=1;CT;1,usb_boot_charge_type=standard_host;DV;1,gadget_state=CONFIGURED;DV;1:NR 
I/syseng_board_status( 5244): syseng_board_status:bootstatus:uptime=1232.83;CT;1,idletime=1232.83;CT;1,bootid=906f56b9-5155-4897-8f89-24db672145aa;DV;1,rr=unknown;DV;1,vb=brcm-4.2.2-montoya-plus-5.13.a;DV;1,tbd=0;CT;1,br=06;CT;1:HI 
I/syseng_board_status( 5247): syseng_board_status:self:utime=82;CT;1,stime=45;CT;1,cutime=155;CT;1,cstime=120;CT;1,count=5;CT;1:NR 
I/syseng_board_status( 5250): syseng_board_status:emmcstats:emmcinfo=Toshiba;DV;1,emmcmlc_avg=10;CT;1,emmcmlc_max=20;CT;1:NR 
I/PowerManagerService(  991): Going to sleep due to screen timeout (uid 1000)...
I/DreamManagerService(  991): Gently waking up from dream.
I/PowerManagerService(  991): Sleeping (uid 1000)...
I/FireTVScreenTimeoutCallback(  991): screenOff called
I/FireTvLedManagerService(  991): LED is set to indicate standby.
I/NopLedManager(  991): NopLedManager activateState
W/HurleyThunderBtDisconnector(  991): No device paired
I/FireTVScreenTimeoutCallback(  991): Screen is Off, expecting all connected BT devices to disconnect.
I/DreamManagerService(  991): Leaving dreamland.
I/DreamController(  991): Stopping dream: name=ComponentInfo{com.amazon.bueller.photos/com.amazon.bueller.photos.daydream.ScreenSaverService}, isTest=false, canDoze=false, userId=0
I/LoggerMetricsFactoryImpl(  991): PhoneWindowManager:ActivityChanged:com.amazon.kindle=1.0;CT;1:NR
I/LoggerMetricsFactoryImpl(  991): PhoneWindowManager:ScreenTime:endTimeMs=8.7641252E7;TI;1,startTimeMs=8.674163E7;TI;1,com.amazon.bueller.photos_dream=899621.0;TI;1:NR
I/LoggerMetricsFactoryImpl(  991): ScreenTime:updateLRUListLocked:page-type=KindleFramework;CK;1,hitType=deviceAction;CK;1,team-name=KindleFramework;CK;1,site_variant=KindleApplication;CK;1,page-action=fgEnd;CK;1,sub-page-type=com.amazon.bueller.photos_dream;CK;1,RequestId=D061C7491483E03C8A25;DV;1:NA
I/LoggerMetricsFactoryImpl(  991): ScreenTime:updateLRUListLocked:page-type=KindleFramework;CK;1,hitType=deviceAction;CK;1,team-name=KindleFramework;CK;1,site_variant=KindleApplication;CK;1,page-action=fgStart;CK;1,sub-page-type=com.amazon.kindle;CK;1,RequestId=2586694342B32897FA6D;DV;1:NA
I/FireTvStickTemperatureObserver(  991): SCREEN OFF
I/LoggerMetricsFactoryImpl(  991): ThermalEvent:tempstat:soc_ts0_time_screen_on_wifi=900193.0;CT;1:NR
D/WifiController(  991): CMD_SCREEN_OFF
E/WifiController(  991): auto GO case, wifi stay awake
I/ActivityManager(  991): Start proc 5266:com.amazon.kindle.cms/u0a22055 for broadcast com.amazon.kindle.cms/.MaintenanceService$ScreenOffListener
D/VendorDisplayManagerGlobalCallback( 5266): callGetInstance: nil
W/InputMethodManagerService(  991): Settings not found for 'safe mode' for current user
I/LoggerMetricsFactoryImpl(  991): PhoneWindowManager:ScreenTime:com.amazon.kindle=930.0;TI;1,endTimeMs=8.7642181E7;TI;1,startTimeMs=8.7641252E7;TI;1:NR
I/LoggerMetricsFactoryImpl(  991): ScreenTime:updateLRUListLocked:page-type=KindleFramework;CK;1,hitType=deviceAction;CK;1,team-name=KindleFramework;CK;1,site_variant=KindleApplication;CK;1,page-action=fgEnd;CK;1,sub-page-type=com.amazon.kindle;CK;1,RequestId=DD4B6EA04924BA9AEC5C;DV;1:NA
I/LoggerMetricsFactoryImpl(  991): ScreenTime:updateLRUListLocked:page-type=KindleFramework;CK;1,hitType=deviceAction;CK;1,team-name=KindleFramework;CK;1,site_variant=KindleApplication;CK;1,page-action=scrnOff;CK;1,sub-page-type=com.amazon.kindle;CK;1,RequestId=EA4F71ACBD74A2CE4027;DV;1:NA
I/DisplayManagerService(  991): Display device changed: DisplayDeviceInfo{"Built-in Screen": uniqueId="local:0", 1920 x 1080, 59.999996 fps, supportedRefreshRates [59.999996], density 320, 48.26 x 48.26 dpi, appVsyncOff 0, presDeadline 17666668, touch INTERNAL, rotation 0, type BUILT_IN, state OFF, FLAG_DEFAULT_DISPLAY, FLAG_SECURE, FLAG_SUPPORTS_PROTECTED_BUFFERS}
V/ActivityManager(  991): Display changed displayId=0
I/ActivityManager(  991): Killing 2560:com.amazon.storm.lightning.services/u0a22065 (adj 12): empty #13
I/PowerManagerNotifier(  991): BroadcastedInteractiveState=2 ActualInteractiveState=2
D/ActivityManager(  991): single user service: com.amazon.kindle.cms
D/ActivityManager(  991): app = com.amazon.kindle.cms, has single user service, setting process record.
I/ActivityManager(  991): Start proc 5320:com.amazon.sync.service/u0a22082 for content provider com.amazon.sync.service/com.amazon.sync.framework.attributes.SyncAttributeProvider
D/VendorDisplayManagerGlobalCallback( 5320): callGetInstance: nil
I/ActivityManager(  991): Killing 2653:com.amazon.tv.launcher/u0a22072 (adj 12): empty #13
I/ActivityManager(  991): Killing 2636:com.amazon.tv.settings/1000 (adj 12): empty #13
--------- beginning of vitals
I/Vlog    (  991): activity_manager_service:sample_uss:fgtracking=false;DV;1,key=com.amazon.tv.launcher;DV;1,Counter=6044.0;CT;1,unit=kB;DV;1,metadata=com.amazon.tv.launcher%3AMediaBrowseServiceProcess/HW;DV;1:HI
I/Vlog    (  991): activity_manager_service:sample_pss:fgtracking=false;DV;1,key=com.amazon.sync.service;DV;1,Counter=4126.0;CT;1,unit=kB;DV;1,metadata=com.amazon.sync.service/CE;DV;1:HI
I/Vlog    (  991): activity_manager_service:sample_uss:fgtracking=false;DV;1,key=com.amazon.sync.service;DV;1,Counter=3092.0;CT;1,unit=kB;DV;1,metadata=com.amazon.sync.service/CE;DV;1:HI
I/Vlog    (  991): activity_manager_service:sample_pss:fgtracking=false;DV;1,key=com.android.providers.downloads;DV;1,Counter=4502.0;CT;1,unit=kB;DV;1,metadata=com.android.providers.downloads/CE;DV;1:HI
I/Vlog    (  991): activity_manager_service:sample_uss:fgtracking=false;DV;1,key=com.android.providers.downloads;DV;1,Counter=3492.0;CT;1,unit=kB;DV;1,metadata=com.android.providers.downloads/CE;DV;1:HI
I/Vlog    (  991): activity_manager_service:sample_pss:fgtracking=false;DV;1,key=com.amazon.kindle.cms;DV;1,Counter=13507.0;CT;1,unit=kB;DV;1,metadata=com.amazon.kindle.cms/CE;DV;1:HI
I/Vlog    (  991): activity_manager_service:sample_uss:fgtracking=false;DV;1,key=com.amazon.kindle.cms;DV;1,Counter=11616.0;CT;1,unit=kB;DV;1,metadata=com.amazon.kindle.cms/CE;DV;1:HI
I/Vlog    (  991): activity_manager_service:sample_pss:fgtracking=false;DV;1,key=com.amazon.device.settings;DV;1,Counter=3483.0;CT;1,unit=kB;DV;1,metadata=com.amazon.device.settings/CE;DV;1:HI
I/Vlog    (  991): activity_manager_service:sample_uss:fgtracking=false;DV;1,key=com.amazon.device.settings;DV;1,Counter=2460.0;CT;1,unit=kB;DV;1,metadata=com.amazon.device.settings/CE;DV;1:HI
I/Vlog    (  991): activity_manager_service:sample_pss:fgtracking=false;DV;1,key=com.amazon.bueller.photos;DV;1,Counter=7072.0;CT;1,unit=kB;DV;1,metadata=com.amazon.bueller.photos%3Acore/CE;DV;1:HI
I/Vlog    (  991): activity_manager_service:sample_uss:fgtracking=false;DV;1,key=com.amazon.bueller.photos;DV;1,Counter=4752.0;CT;1,unit=kB;DV;1,metadata=com.amazon.bueller.photos%3Acore/CE;DV;1:HI
I/Vlog    (  991): activity_manager_service:sample_pss:fgtracking=false;DV;1,key=com.amazon.bueller.photos;DV;1,Counter=14142.0;CT;1,unit=kB;DV;1,metadata=com.amazon.bueller.photos/CE;DV;1:HI
I/Vlog    (  991): activity_manager_service:sample_uss:fgtracking=false;DV;1,key=com.amazon.bueller.photos;DV;1,Counter=10248.0;CT;1,unit=kB;DV;1,metadata=com.amazon.bueller.photos/CE;DV;1:HI
I/Vlog    (  991): activity_manager_service:sample_pss:fgtracking=false;DV;1,key=com.amazon.venezia;DV;1,Counter=17608.0;CT;1,unit=kB;DV;1,metadata=com.amazon.venezia/S ;DV;1:HI
I/Vlog    (  991): activity_manager_service:sample_uss:fgtracking=false;DV;1,key=com.amazon.venezia;DV;1,Counter=15836.0;CT;1,unit=kB;DV;1,metadata=com.amazon.venezia/S ;DV;1:HI
I/Vlog    (  991): activity_manager_service:sample_pss:fgtracking=false;DV;1,key=com.amazon.device.controllermanager;DV;1,Counter=4033.0;CT;1,unit=kB;DV;1,metadata=com.amazon.device.controllermanager/CE;DV;1:HI
I/Vlog    (  991): activity_manager_service:sample_uss:fgtracking=false;DV;1,key=com.amazon.device.controllermanager;DV;1,Counter=2868.0;CT;1,unit=kB;DV;1,metadata=com.amazon.device.controllermanager/CE;DV;1:HI
I/Vlog    (  991): activity_manager_service:sample_pss:fgtracking=false;DV;1,key=com.amazon.device.controllermanager;DV;1,Counter=3098.0;CT;1,unit=kB;DV;1,metadata=com.amazon.device.controllermanager%3AWifiReceiver/CE;DV;1:HI
I/Vlog    (  991): activity_manager_service:sample_uss:fgtracking=false;DV;1,key=com.amazon.device.controllermanager;DV;1,Counter=2288.0;CT;1,unit=kB;DV;1,metadata=com.amazon.device.controllermanager%3AWifiReceiver/CE;DV;1:HI
I/Vlog    (  991): activity_manager_service:sample_pss:fgtracking=false;DV;1,key=com.amazon.device.controllermanager;DV;1,Counter=3163.0;CT;1,unit=kB;DV;1,metadata=com.amazon.device.controllermanager%3ABluetoothReceiver/CE;DV;1:HI
I/Vlog    (  991): activity_manager_service:sample_uss:fgtracking=false;DV;1,key=com.amazon.device.controllermanager;DV;1,Counter=2348.0;CT;1,unit=kB;DV;1,metadata=com.amazon.device.controllermanager%3ABluetoothReceiver/CE;DV;1:HI
I/Vlog    (  991): activity_manager_service:sample_pss:fgtracking=false;DV;1,key=com.android.bluetooth;DV;1,Counter=8174.0;CT;1,unit=kB;DV;1,metadata=com.android.bluetooth/IF;DV;1:HI
I/Vlog    (  991): activity_manager_service:sample_uss:fgtracking=false;DV;1,key=com.android.bluetooth;DV;1,Counter=6912.0;CT;1,unit=kB;DV;1,metadata=com.android.bluetooth/IF;DV;1:HI
I/Vlog    (  991): activity_manager_service:sample_pss:fgtracking=false;DV;1,key=com.amazon.whisperlink.core.android;DV;1,Counter=8331.0;CT;1,unit=kB;DV;1,metadata=com.amazon.whisperlink.core.android/S ;DV;1:HI
I/Vlog    (  991): activity_manager_service:sample_uss:fgtracking=false;DV;1,key=com.amazon.whisperlink.core.android;DV;1,Counter=6424.0;CT;1,unit=kB;DV;1,metadata=com.amazon.whisperlink.core.android/S ;DV;1:HI
I/Vlog    (  991): activity_manager_service:sample_pss:fgtracking=false;DV;1,key=com.amazon.device.crashmanager;DV;1,Counter=3773.0;CT;1,unit=kB;DV;1,metadata=com.amazon.device.crashmanager/CE;DV;1:HI
I/Vlog    (  991): activity_manager_service:sample_uss:fgtracking=false;DV;1,key=com.amazon.device.crashmanager;DV;1,Counter=2656.0;CT;1,unit=kB;DV;1,metadata=com.amazon.device.crashmanager/CE;DV;1:HI
I/Vlog    (  991): activity_manager_service:sample_pss:fgtracking=false;DV;1,key=com.amazon.tv.fw.metrics;DV;1,Counter=2322.0;CT;1,unit=kB;DV;1,metadata=com.amazon.tv.fw.metrics/CE;DV;1:HI
I/Vlog    (  991): activity_manager_service:sample_uss:fgtracking=false;DV;1,key=com.amazon.tv.fw.metrics;DV;1,Counter=1480.0;CT;1,unit=kB;DV;1,metadata=com.amazon.tv.fw.metrics/CE;DV;1:HI
I/Vlog    (  991): activity_manager_service:sample_pss:fgtracking=false;DV;1,key=com.amazon.tv.oobe;DV;1,Counter=8719.0;CT;1,unit=kB;DV;1,metadata=com.amazon.tv.oobe/HO;DV;1:HI
I/Vlog    (  991): activity_manager_service:sample_uss:fgtracking=false;DV;1,key=com.amazon.tv.oobe;DV;1,Counter=6264.0;CT;1,unit=kB;DV;1,metadata=com.amazon.tv.oobe/HO;DV;1:HI
I/Vlog    (  991): activity_manager_service:sample_pss:fgtracking=false;DV;1,key=com.amazon.tv.ime;DV;1,Counter=6812.0;CT;1,unit=kB;DV;1,metadata=com.amazon.tv.ime/IB;DV;1:HI
I/Vlog    (  991): activity_manager_service:sample_uss:fgtracking=false;DV;1,key=com.amazon.tv.ime;DV;1,Counter=4916.0;CT;1,unit=kB;DV;1,metadata=com.amazon.tv.ime/IB;DV;1:HI
I/Vlog    (  991): activity_manager_service:sample_pss:fgtracking=false;DV;1,key=com.amazon.kindle;DV;1,Counter=10085.0;CT;1,unit=kB;DV;1,metadata=com.amazon.kindle/T ;DV;1:HI
I/Vlog    (  991): activity_manager_service:sample_uss:fgtracking=false;DV;1,key=com.amazon.kindle;DV;1,Counter=7016.0;CT;1,unit=kB;DV;1,metadata=com.amazon.kindle/T ;DV;1:HI
I/Vlog    (  991): activity_manager_service:sample_pss:fgtracking=false;DV;1,key=com.amazon.tcomm;DV;1,Counter=6957.0;CT;1,unit=kB;DV;1,metadata=com.amazon.tcomm/P ;DV;1:HI
I/Vlog    (  991): activity_manager_service:sample_uss:fgtracking=false;DV;1,key=com.amazon.tcomm;DV;1,Counter=5028.0;CT;1,unit=kB;DV;1,metadata=com.amazon.tcomm/P ;DV;1:HI
I/Vlog    (  991): activity_manager_service:sample_pss:fgtracking=false;DV;1,key=com.amazon.imp;DV;1,Counter=5616.0;CT;1,unit=kB;DV;1,metadata=com.amazon.imp/P ;DV;1:HI
I/Vlog    (  991): activity_manager_service:sample_uss:fgtracking=false;DV;1,key=com.amazon.imp;DV;1,Counter=4200.0;CT;1,unit=kB;DV;1,metadata=com.amazon.imp/P ;DV;1:HI
I/Vlog    (  991): activity_manager_service:sample_pss:fgtracking=false;DV;1,key=com.amazon.device.logmanager;DV;1,Counter=3835.0;CT;1,unit=kB;DV;1,metadata=com.amazon.device.logmanager/P ;DV;1:HI
I/Vlog    (  991): activity_manager_service:sample_uss:fgtracking=false;DV;1,key=com.amazon.device.logmanager;DV;1,Counter=2796.0;CT;1,unit=kB;DV;1,metadata=com.amazon.device.logmanager/P ;DV;1:HI
I/Vlog    (  991): activity_manager_service:sample_pss:fgtracking=false;DV;1,key=com.amazon.vizzini;DV;1,Counter=9280.0;CT;1,unit=kB;DV;1,metadata=com.amazon.vizzini/P ;DV;1:HI
I/Vlog    (  991): activity_manager_service:sample_uss:fgtracking=false;DV;1,key=com.amazon.vizzini;DV;1,Counter=6760.0;CT;1,unit=kB;DV;1,metadata=com.amazon.vizzini/P ;DV;1:HI
I/Vlog    (  991): activity_manager_service:sample_pss:fgtracking=false;DV;1,key=com.amazon.precog;DV;1,Counter=3536.0;CT;1,unit=kB;DV;1,metadata=com.amazon.precog/P ;DV;1:HI
I/Vlog    (  991): activity_manager_service:sample_uss:fgtracking=false;DV;1,key=com.amazon.precog;DV;1,Counter=2528.0;CT;1,unit=kB;DV;1,metadata=com.amazon.precog/P ;DV;1:HI
I/Vlog    (  991): activity_manager_service:sample_pss:fgtracking=false;DV;1,key=com.android.systemui;DV;1,Counter=5492.0;CT;1,unit=kB;DV;1,metadata=com.amazon.device.services/P ;DV;1:HI
I/Vlog    (  991): activity_manager_service:sample_uss:fgtracking=false;DV;1,key=com.android.systemui;DV;1,Counter=4056.0;CT;1,unit=kB;DV;1,metadata=com.amazon.device.services/P ;DV;1:HI
I/Vlog    (  991): activity_manager_service:sample_pss:fgtracking=false;DV;1,key=android;DV;1,Counter=32558.0;CT;1,unit=kB;DV;1,metadata=system/P ;DV;1:HI
I/Vlog    (  991): activity_manager_service:sample_uss:fgtracking=false;DV;1,key=android;DV;1,Counter=28432.0;CT;1,unit=kB;DV;1,metadata=system/P ;DV;1:HI
I/LoggerMetricsFactoryImpl(  991): ThermalEvent:tmon:temp_103_screen_off_wifi=59000.0;CT;1,temp_soc_screen_off_wifi=53007.0;CT;1:NR
I/Vlog    (  991): activity_manager_service:sample_pss:fgtracking=false;DV;1,key=com.amazon.kindle;DV;1,Counter=10045.0;CT;1,unit=kB;DV;1,metadata=com.amazon.kindle/T ;DV;1:HI
