I/syseng_board_status( 6274): syseng_board_status:vcrelocstats:total=519045120;CT;1,relocatable=519045120;CT;1,legacy=0;CT;1,offline=0;CT;1,small_allocs=94;CT;1,allocs=568;CT;1,alloc_fails=0;CT;1,legacy_block_fails=0;CT;1,compactions=1;CT;1,discard_compactions=0;CT;1,aggressive_compactions=0;CT;1,aggressive_compaction_waits=0;CT;1,aggressive_compaction_timeouts=0;CT;1,locks=0;CT;1,small_locks=0;CT;1,free=7548;CT;1,freeBlocks=5;CT;1,largestFreeBlock=4182;CT;1:NR 
I/syseng_board_status( 6277): syseng_board_status:vcwfc:stream_count=0x00000008;DV;1:NR 
I/syseng_board_status( 6280): syseng_board_status:vcrelocs2:vc_heap_count_dispmanx_txp_ch1=3;CT;1,vc_heap_size_dispmanx_txp_ch1=25067520;CT;1,vc_heap_count_mh_alloc_list=1;CT;1,vc_heap_size_mh_alloc_list=13824;CT;1,vc_heap_count_audioplus_tmp_buf=1;CT;1,vc_heap_size_audioplus_tmp_buf=16384;CT;1,vc_heap_count_dt_blob=1;CT;1,vc_heap_size_dt_blob=7592;CT;1,vc_heap_count_SLIM_IPC_STATE_T=3;CT;1,vc_heap_size_SLIM_IPC_STATE_T=1344;CT;1:NR 
I/syseng_board_status( 6283): syseng_board_status:vcrelocs2:corrupt=1;CT;1:NR 
I/syseng_board_status( 6286): syseng_board_status:vclmk:killed=0;CT;1:NR 
I/syseng_board_status( 6289): syseng_board_status:vmstat1:nr_free_pages=11041;CT;1,nr_inactive_anon=20124;CT;1,nr_active_anon=17876;CT;1,nr_inactive_file=33788;CT;1,nr_active_file=27534;CT;1,nr_unevictable=134;CT;1,nr_mlock=0;CT;1,nr_anon_pages=37686;CT;1,nr_mapped=19401;CT;1,nr_file_pages=61958;CT;1,nr_dirty=0;CT;1,nr_writeback=0;CT;1,nr_slab_reclaimable=1679;CT;1,nr_slab_unreclaimable=4258;CT;1,nr_page_table_pages=3795;CT;1,nr_kernel_stack=778;CT;1,nr_unstable=0;CT;1,nr_bounce=0;CT;1,nr_vmscan_write=4812;CT;1,nr_writeback_temp=0;CT;1,nr_isolated_anon=0;CT;1,nr_isolated_file=0;CT;1,nr_shmem=17;CT;1,nr_dirtied=3190;CT;1,nr_written=7879;CT;1,nr_anon_transparent_hugepages=0;CT;1,nr_dirty_threshold=22072;CT;1,nr_dirty_background_threshold=5518;CT;1:NR 
I/syseng_board_status( 6292): syseng_board_status:vmstat2:pgpgin=664633;CT;1,pgpgout=39253;CT;1,pswpin=449;CT;1,pswpout=4812;CT;1,pgalloc_normal=4093686;CT;1,pgalloc_movable=0;CT;1,pgfree=4105054;CT;1,pgactivate=33727;CT;1,pgdeactivate=35196;CT;1,pgfault=2031173;CT;1,pgmajfault=4033;CT;1,pgrefill_normal=35195;CT;1,pgrefill_movable=0;CT;1,pgsteal_normal=106015;CT;1,pgsteal_movable=0;CT;1,pgscan_kswapd_normal=141220;CT;1,pgscan_kswapd_movable=0;CT;1,pgscan_direct_normal=711;CT;1,pgscan_direct_movable=0;CT;1,pginodesteal=0;CT;1,pgrotated=5;CT;1:NR 
I/syseng_board_status( 6295): syseng_board_status:vmstat3:slabs_scanned=23296;CT;1,kswapd_steal=105767;CT;1,kswapd_inodesteal=410;CT;1,kswapd_low_wmark_hit_quickly=17;CT;1,kswapd_high_wmark_hit_quickly=168;CT;1,kswapd_skip_congestion_wait=0;CT;1,pageoutrun=2231;CT;1,allocstall=4;CT;1,compact_blocks_moved=0;CT;1,compact_pages_moved=0;CT;1,compact_pagemigrate_failed=0;CT;1,compact_stall=0;CT;1,compact_fail=0;CT;1,compact_success=0;CT;1,unevictable_pgs_culled=134;CT;1,unevictable_pgs_scanned=0;CT;1,unevictable_pgs_rescued=0;CT;1,unevictable_pgs_mlocked=0;CT;1,unevictable_pgs_munlocked=0;CT;1,unevictable_pgs_cleared=0;CT;1,unevictable_pgs_stranded=0;CT;1,unevictable_pgs_mlockfreed=0;CT;1:NR 
I/syseng_board_status( 6298): syseng_board_status:meminfo:MemTotal=502916;CT;1,MemFree=44164;CT;1,MemAvailable=229212;CT;1,Buffers=5756;CT;1,Cached=240136;CT;1,SwapCached=1940;CT;1,Active=181640;CT;1,Inactive=215648;CT;1,Active_anon=71504;CT;1,Inactive_anon=80496;CT;1,Active_file=110136;CT;1,Inactive_file=135152;CT;1,Unevictable=536;CT;1,Mlocked=0;CT;1,SwapTotal=262140;CT;1:NR 
I/syseng_board_status( 6301): syseng_board_status:meminfo:SwapFree=242904;CT;1,Dirty=0;CT;1,Writeback=0;CT;1,AnonPages=150744;CT;1,Mapped=77604;CT;1,Shmem=68;CT;1,Slab=23748;CT;1,SReclaimable=6716;CT;1,SUnreclaim=17032;CT;1,KernelStack=6224;CT;1,PageTables=15180;CT;1,NFS_Unstable=0;CT;1,Bounce=0;CT;1,WritebackTmp=0;CT;1,CommitLimit=513596;CT;1,Committed_AS=19709908;CT;1:NR 
I/syseng_board_status( 6304): syseng_board_status:meminfo:VmallocTotal=483328;CT;1,VmallocUsed=36460;CT;1,VmallocChunk=401348;CT;1:NR 
I/syseng_board_status( 6307): syseng_board_status:netdevstats:recv_bytes_wlan0=533377;CT;1,recv_packets_wlan0=1442;CT;1,recv_errs_wlan0=0;CT;1,recv_drop_wlan0=1441;CT;1,recv_fifo_wlan0=0;CT;1,recv_frame_wlan0=0;CT;1,recv_compressed_wlan0=0;CT;1,recv_multicast_wlan0=0;CT;1,xmit_bytes_wlan0=540;CT;1,xmit_packets_wlan0=6;CT;1,xmit_errs_wlan0=0;CT;1,xmit_drop_wlan0=0;CT;1,xmit_fifo_wlan0=0;CT;1,xmit_colls_wlan0=0;CT;1,xmit_carrier_wlan0=0;CT;1,xmit_compressed_wlan0=0;CT;1:NR 
I/syseng_board_status( 6310): syseng_board_status:cpufreq:time_312000=0;CT;1,time_499999=0;CT;1,time_666666=0;CT;1,time_999999=187745;CT;1:NR 
I/syseng_board_status( 6313): syseng_board_status:cpuidle:time_cpu0_c0=1648407428;CT;1,time_cpu0_c1=0;CT;1,time_cpu0_c2=0;CT;1,time_cpu0_c3=0;CT;1,time_cpu1_c0=1645156721;CT;1,time_cpu1_c1=0;CT;1,time_cpu1_c2=0;CT;1,time_cpu1_c3=0;CT;1:NR 
I/syseng_board_status( 6316): syseng_board_status:ksmstats:full_scans=7;CT;1,pages_shared=1238;CT;1,pages_sharing=10339;CT;1,pages_to_scan=100;CT;1,pages_unshared=21652;CT;1,pages_volatile=76766;CT;1:NR 
I/syseng_board_status( 6319): syseng_board_status:tempstat:soc_ts0_max=68477;CT;1,soc_ts1_max=76000;CT;1,soc_ts2_max=77000;CT;1,soc_ts3_max=81000;CT;1,soc_crit_max=100522;CT;1,tmp103_sensor=57000;CT;1,soctemp=54112;CT;1,soc_tstate=0;CT;1,soc_avg=0;CT;1,soc_max=0;CT;1,soc_ts0_time=187746;CT;1,soc_ts1_time=0;CT;1,soc_ts2_time=0;CT;1,soc_ts3_time=0;CT;1,soc_ts4_time=0;CT;1,soc_ts0_trans=1;CT;1,soc_ts1_trans=0;CT;1,soc_ts2_trans=0;CT;1,soc_ts3_trans=0;CT;1,soc_ts4_trans=0;CT;1:NR 
I/syseng_board_status( 6322): syseng_board_status:zramstats:num_reads=451;CT;1,num_writes=4813;CT;1,compr_data_size=5371034;CT;1,orig_data_size=17866752;CT;1,zero_pages=197;CT;1,mem_used_total=5455872;CT;1:NR 
I/syseng_board_status( 6326): syseng_board_status:df:tmp_sizekb=250512;CT;1,tmp_usedkb=0;CT;1,tmp_freekb=250512;CT;1,system_sizekb=789072;CT;1,system_usedkb=553554;CT;1,system_freekb=235518;CT;1,data_sizekb=5871992;CT;1,data_usedkb=738378;CT;1,data_freekb=5137993;CT;1,cache_sizekb=789072;CT;1,cache_usedkb=249594;CT;1,cache_freekb=539478;CT;1:NR 
I/syseng_board_status( 6329): syseng_board_status:sics:com_amazon_avod_dlcount=0;CT;1,com_amazon_avod_dlkb=0;CT;1,com_amazon_bueller_music_dlcount=0;CT;1,com_amazon_bueller_music_dlkb=0;CT;1,com_amazon_bueller_photos_dlcount=0;CT;1,com_amazon_bueller_photos_dlkb=0;CT;1,com_amazon_tv_launcher_dlcount=575;CT;1,com_amazon_tv_launcher_dlkb=34700;CT;1,com_amazon_venezia_dlcount=37;CT;1,com_amazon_venezia_dlkb=10152;CT;1:NR 
I/syseng_board_status( 6332): syseng_board_status:hdmi:state=0x2a [HDMI CEA (16) RGB lim 16 9 HDCP] 1920x1080 @ 60Hz progressive;DV;1,device=PRI-BBY_LCD_TV;DV;1:NR 
I/syseng_board_status( 6335): syseng_board_status:cputicks:cpu0_user=11459;CT;1,cpu0_userlow=318;CT;1,cpu0_system=6448;CT;1,cpu0_idle=167870;CT;1,cpu1_user=11883;CT;1,cpu1_userlow=322;CT;1,cpu1_system=8135;CT;1,cpu1_idle=166354;CT;1:NR 
I/syseng_board_status( 6338): syseng_board_status:power:st=Typical_Typical;DV;1,st_Typical_Typical_wifi=1;CT;1,usb_boot_charge_type=standard_host;DV;1,gadget_state=CONFIGURED;DV;1:NR 
I/syseng_board_status( 6341): syseng_board_status:bootstatus:uptime=1878.40;CT;1,idletime=1878.40;CT;1,bootid=906f56b9-5155-4897-8f89-24db672145aa;DV;1,rr=unknown;DV;1,vb=brcm-4.2.2-montoya-plus-5.13.a;DV;1,tbd=0;CT;1,br=06;CT;1:HI 
I/syseng_board_status( 6344): syseng_board_status:self:utime=105;CT;1,stime=71;CT;1,cutime=1258;CT;1,cstime=3471;CT;1,count=7;CT;1:NR 
I/syseng_board_status( 6347): syseng_board_status:emmcstats:emmcinfo=Toshiba;DV;1,emmcmlc_avg=10;CT;1,emmcmlc_max=20;CT;1:NR 
I/ActivityManager(  991): Killing 2821:com.amazon.device.crashmanager/u0a22006 (adj 12): empty for 1857s
W/SchedPolicy(  991): Failed to set io priority for tid 6509 (No such process)
I/LoggerMetricsFactoryImpl(  991): ThermalEvent:tmon:temp_103_screen_off_wifi=54000.0;CT;1,temp_soc_screen_off_wifi=48587.0;CT;1:NR
I/syseng_board_status( 6787): syseng_board_status:vcbuild:type=release;DV;1,version=f37c056428b3511ce1530e6f5a27c453181292a8 (tainted);DV;1,branch=HEAD;DV;1,application=vmcs_android;DV;1,date=May 20 2016;DV;1,time=20 31 10;DV;1,platform=montoya;DV;1:NR 
I/syseng_board_status( 6790): syseng_board_status:vchostmemuse:/system/bin/surfaceflinger=74714160;CT;1,com.amazon.kindle=36480776;CT;1,system_server=51299672;CT;1,com.amazon.tv.oobe=2480816;CT;1,com.amazon.vizzini=708608;CT;1,com.amazon.bueller.photos=23171856;CT;1,/system/bin/mediaserver=8192;CT;1:NR 
I/syseng_board_status( 6793): syseng_board_status:vcrelocstats:total=519045120;CT;1,relocatable=519045120;CT;1,legacy=0;CT;1,offline=0;CT;1,small_allocs=94;CT;1,allocs=568;CT;1,alloc_fails=0;CT;1,legacy_block_fails=0;CT;1,compactions=1;CT;1,discard_compactions=0;CT;1,aggressive_compactions=0;CT;1,aggressive_compaction_waits=0;CT;1,aggressive_compaction_timeouts=0;CT;1,locks=0;CT;1,small_locks=0;CT;1,free=7548;CT;1,freeBlocks=5;CT;1,largestFreeBlock=4182;CT;1:NR 
I/syseng_board_status( 6796): syseng_board_status:vcwfc:stream_count=0x00000008;DV;1:NR 
I/syseng_board_status( 6799): syseng_board_status:vcrelocs2:vc_heap_count_dispmanx_txp_ch1=3;CT;1,vc_heap_size_dispmanx_txp_ch1=25067520;CT;1,vc_heap_count_mh_alloc_list=1;CT;1,vc_heap_size_mh_alloc_list=13824;CT;1,vc_heap_count_audioplus_tmp_buf=1;CT;1,vc_heap_size_audioplus_tmp_buf=16384;CT;1,vc_heap_count_dt_blob=1;CT;1,vc_heap_size_dt_blob=7592;CT;1,vc_heap_count_SLIM_IPC_STATE_T=3;CT;1,vc_heap_size_SLIM_IPC_STATE_T=1344;CT;1:NR 
I/syseng_board_status( 6802): syseng_board_status:vcrelocs2:corrupt=1;CT;1:NR 
I/syseng_board_status( 6805): syseng_board_status:vclmk:killed=0;CT;1:NR 
I/syseng_board_status( 6808): syseng_board_status:vmstat1:nr_free_pages=12116;CT;1,nr_inactive_anon=20064;CT;1,nr_active_anon=16952;CT;1,nr_inactive_file=33827;CT;1,nr_active_file=27537;CT;1,nr_unevictable=134;CT;1,nr_mlock=0;CT;1,nr_anon_pages=36717;CT;1,nr_mapped=19308;CT;1,nr_file_pages=62012;CT;1,nr_dirty=4;CT;1,nr_writeback=0;CT;1,nr_slab_reclaimable=1679;CT;1,nr_slab_unreclaimable=4226;CT;1,nr_page_table_pages=3671;CT;1,nr_kernel_stack=767;CT;1,nr_unstable=0;CT;1,nr_bounce=0;CT;1,nr_vmscan_write=4812;CT;1,nr_writeback_temp=0;CT;1,nr_isolated_anon=0;CT;1,nr_isolated_file=0;CT;1,nr_shmem=11;CT;1,nr_dirtied=3240;CT;1,nr_written=7925;CT;1,nr_anon_transparent_hugepages=0;CT;1,nr_dirty_threshold=22099;CT;1,nr_dirty_background_threshold=5524;CT;1:NR 
I/syseng_board_status( 6811): syseng_board_status:vmstat2:pgpgin=664713;CT;1,pgpgout=39537;CT;1,pswpin=449;CT;1,pswpout=4812;CT;1,pgalloc_normal=5831678;CT;1,pgalloc_movable=0;CT;1,pgfree=5844103;CT;1,pgactivate=33755;CT;1,pgdeactivate=35196;CT;1,pgfault=2062302;CT;1,pgmajfault=4035;CT;1,pgrefill_normal=35195;CT;1,pgrefill_movable=0;CT;1,pgsteal_normal=106015;CT;1,pgsteal_movable=0;CT;1,pgscan_kswapd_normal=141220;CT;1,pgscan_kswapd_movable=0;CT;1,pgscan_direct_normal=711;CT;1,pgscan_direct_movable=0;CT;1,pginodesteal=0;CT;1,pgrotated=5;CT;1:NR 
I/syseng_board_status( 6814): syseng_board_status:vmstat3:slabs_scanned=23296;CT;1,kswapd_steal=105767;CT;1,kswapd_inodesteal=410;CT;1,kswapd_low_wmark_hit_quickly=17;CT;1,kswapd_high_wmark_hit_quickly=168;CT;1,kswapd_skip_congestion_wait=0;CT;1,pageoutrun=2231;CT;1,allocstall=4;CT;1,compact_blocks_moved=0;CT;1,compact_pages_moved=0;CT;1,compact_pagemigrate_failed=0;CT;1,compact_stall=0;CT;1,compact_fail=0;CT;1,compact_success=0;CT;1,unevictable_pgs_culled=134;CT;1,unevictable_pgs_scanned=0;CT;1,unevictable_pgs_rescued=0;CT;1,unevictable_pgs_mlocked=0;CT;1,unevictable_pgs_munlocked=0;CT;1,unevictable_pgs_cleared=0;CT;1,unevictable_pgs_stranded=0;CT;1,unevictable_pgs_mlockfreed=0;CT;1:NR 
I/syseng_board_status( 6817): syseng_board_status:meminfo:MemTotal=502916;CT;1,MemFree=48464;CT;1,MemAvailable=233680;CT;1,Buffers=5856;CT;1,Cached=240256;CT;1,SwapCached=1936;CT;1,Active=177956;CT;1,Inactive=215564;CT;1,Active_anon=67808;CT;1,Inactive_anon=80256;CT;1,Active_file=110148;CT;1,Inactive_file=135308;CT;1,Unevictable=536;CT;1,Mlocked=0;CT;1,SwapTotal=262140;CT;1:NR 
I/syseng_board_status( 6820): syseng_board_status:meminfo:SwapFree=242908;CT;1,Dirty=16;CT;1,Writeback=0;CT;1,AnonPages=146868;CT;1,Mapped=77232;CT;1,Shmem=44;CT;1,Slab=23620;CT;1,SReclaimable=6716;CT;1,SUnreclaim=16904;CT;1,KernelStack=6136;CT;1,PageTables=14684;CT;1,NFS_Unstable=0;CT;1,Bounce=0;CT;1,WritebackTmp=0;CT;1,CommitLimit=513596;CT;1,Committed_AS=19034544;CT;1:NR 
I/syseng_board_status( 6823): syseng_board_status:meminfo:VmallocTotal=483328;CT;1,VmallocUsed=35440;CT;1,VmallocChunk=401348;CT;1:NR 
I/syseng_board_status( 6826): syseng_board_status:netdevstats:recv_bytes_wlan0=538177;CT;1,recv_packets_wlan0=1454;CT;1,recv_errs_wlan0=0;CT;1,recv_drop_wlan0=1453;CT;1,recv_fifo_wlan0=0;CT;1,recv_frame_wlan0=0;CT;1,recv_compressed_wlan0=0;CT;1,recv_multicast_wlan0=0;CT;1,xmit_bytes_wlan0=540;CT;1,xmit_packets_wlan0=6;CT;1,xmit_errs_wlan0=0;CT;1,xmit_drop_wlan0=0;CT;1,xmit_fifo_wlan0=0;CT;1,xmit_colls_wlan0=0;CT;1,xmit_carrier_wlan0=0;CT;1,xmit_compressed_wlan0=0;CT;1:NR 
I/syseng_board_status( 6829): syseng_board_status:cpufreq:time_312000=0;CT;1,time_499999=0;CT;1,time_666666=0;CT;1,time_999999=220007;CT;1:NR 
I/syseng_board_status( 6832): syseng_board_status:cpuidle:time_cpu0_c0=1959081824;CT;1,time_cpu0_c1=0;CT;1,time_cpu0_c2=0;CT;1,time_cpu0_c3=0;CT;1,time_cpu1_c0=1942289182;CT;1,time_cpu1_c1=0;CT;1,time_cpu1_c2=0;CT;1,time_cpu1_c3=0;CT;1:NR 
I/syseng_board_status( 6835): syseng_board_status:ksmstats:full_scans=7;CT;1,pages_shared=1304;CT;1,pages_sharing=10186;CT;1,pages_to_scan=100;CT;1,pages_unshared=25961;CT;1,pages_volatile=69489;CT;1:NR 
I/syseng_board_status( 6838): syseng_board_status:tempstat:soc_ts0_max=68477;CT;1,soc_ts1_max=76000;CT;1,soc_ts2_max=77000;CT;1,soc_ts3_max=81000;CT;1,soc_crit_max=100522;CT;1,tmp103_sensor=56000;CT;1,soctemp=52455;CT;1,soc_tstate=0;CT;1,soc_avg=0;CT;1,soc_max=0;CT;1,soc_ts0_time=220008;CT;1,soc_ts1_time=0;CT;1,soc_ts2_time=0;CT;1,soc_ts3_time=0;CT;1,soc_ts4_time=0;CT;1,soc_ts0_trans=1;CT;1,soc_ts1_trans=0;CT;1,soc_ts2_trans=0;CT;1,soc_ts3_trans=0;CT;1,soc_ts4_trans=0;CT;1:NR 
I/syseng_board_status( 6841): syseng_board_status:zramstats:num_reads=451;CT;1,num_writes=4813;CT;1,compr_data_size=5369043;CT;1,orig_data_size=17862656;CT;1,zero_pages=197;CT;1,mem_used_total=5455872;CT;1:NR 
I/syseng_board_status( 6844): syseng_board_status:df:tmp_sizekb=250512;CT;1,tmp_usedkb=0;CT;1,tmp_freekb=250512;CT;1,system_sizekb=789072;CT;1,system_usedkb=553554;CT;1,system_freekb=235518;CT;1,data_sizekb=5871992;CT;1,data_usedkb=738378;CT;1,data_freekb=5137993;CT;1,cache_sizekb=789072;CT;1,cache_usedkb=249594;CT;1,cache_freekb=539478;CT;1:NR 
I/syseng_board_status( 6847): syseng_board_status:sics:com_amazon_avod_dlcount=0;CT;1,com_amazon_avod_dlkb=0;CT;1,com_amazon_bueller_music_dlcount=0;CT;1,com_amazon_bueller_music_dlkb=0;CT;1,com_amazon_bueller_photos_dlcount=0;CT;1,com_amazon_bueller_photos_dlkb=0;CT;1,com_amazon_tv_launcher_dlcount=575;CT;1,com_amazon_tv_launcher_dlkb=34700;CT;1,com_amazon_venezia_dlcount=37;CT;1,com_amazon_venezia_dlkb=10152;CT;1:NR 
I/syseng_board_status( 6850): syseng_board_status:hdmi:state=0x2a [HDMI CEA (16) RGB lim 16 9 HDCP] 1920x1080 @ 60Hz progressive;DV;1,device=PRI-BBY_LCD_TV;DV;1:NR 
I/syseng_board_status( 6853): syseng_board_status:cputicks:cpu0_user=11551;CT;1,cpu0_userlow=342;CT;1,cpu0_system=6578;CT;1,cpu0_idle=199885;CT;1,cpu1_user=12468;CT;1,cpu1_userlow=335;CT;1,cpu1_system=9911;CT;1,cpu1_idle=196242;CT;1:NR 
I/syseng_board_status( 6856): syseng_board_status:power:st=Typical_Typical;DV;1,st_Typical_Typical_wifi=1;CT;1,usb_boot_charge_type=standard_host;DV;1,gadget_state=CONFIGURED;DV;1:NR 
I/syseng_board_status( 6859): syseng_board_status:bootstatus:uptime=2201.02;CT;1,idletime=2201.02;CT;1,bootid=906f56b9-5155-4897-8f89-24db672145aa;DV;1,rr=unknown;DV;1,vb=brcm-4.2.2-montoya-plus-5.13.a;DV;1,tbd=0;CT;1,br=06;CT;1:HI 
I/syseng_board_status( 6862): syseng_board_status:self:utime=117;CT;1,stime=84;CT;1,cutime=1818;CT;1,cstime=5123;CT;1,count=8;CT;1:NR 
I/syseng_board_status( 6865): syseng_board_status:emmcstats:emmcinfo=Toshiba;DV;1,emmcmlc_avg=10;CT;1,emmcmlc_max=20;CT;1:NR 
I/ActivityManager(  991): Killing 1655:com.amazon.device.controllermanager/u0a2 (adj 12): empty for 1808s
I/ActivityManager(  991): Killing 3109:com.amazon.device.controllermanager:WifiReceiver/u0a2 (adj 12): empty for 1808s
I/ActivityManager(  991): Killing 3090:com.amazon.device.controllermanager:BluetoothReceiver/u0a2 (adj 12): empty for 1813s
D/WifiP2pService(  991): sendPeersChangedBroadcast()
D/WifiP2pService(  991): GroupCreatedState mPeers.get(deviceAddress) != null
D/WifiP2pService(  991): sendPeersChangedBroadcast()
D/WifiP2pService(  991): sendPeersChangedBroadcast()
I/LoggerMetricsFactoryImpl(  991): WifiP2pService:wifi-remote-connect-duration:duration=2296767.0;TI;1:NR
I/LoggerMetricsFactoryImpl(  991): WifiP2pService:wifi-remote-num-disconnects:disconnect=1.0;CT;1:NR
I/LoggerMetricsFactoryImpl(  991): WifiP2pService:wifi-remote-normal-disconnect:disconnect=1.0;CT;1:NR
D/WifiP2pService(  991): GroupCreatedState mPeers.get(deviceAddress) != null
D/WifiP2pService(  991): sendPeersChangedBroadcast()
I/LoggerMetricsFactoryImpl(  991): WifiP2pService:wifi-remote-connect-success:success=1.0;CT;1:NR
I/LoggerMetricsFactoryImpl(  991): WifiP2pService:wifi-remote-connect-time:duration=47.0;TI;1:NR
I/ActivityManager(  991): Start proc 6983:com.amazon.device.controllermanager:WifiReceiver/u0a2 for broadcast com.amazon.device.controllermanager/.wifi.WifiReceiver
I/FireTvLedManagerService(  991): Device status changed: Intent { act=com.amazon.android.service.wifi.CONNECTION_STATUS flg=0x10 (has extras) }
I/FireTvLedManagerService(  991): WiFi device 'Gelato P1                       ' connection state changed to 2
I/NopLedManager(  991): NopLedManager inactivateState
D/VendorDisplayManagerGlobalCallback( 6983): callGetInstance: nil
I/ActivityManager(  991): Start proc 6999:com.amazon.device.controllermanager/u0a2 for service com.amazon.device.controllermanager/.wifi.WifiReceiverService
D/VendorDisplayManagerGlobalCallback( 6999): callGetInstance: nil
I/ActivityManager(  991): Start proc 7015:com.amazon.device.bluetoothdfu/u0a22048 for broadcast com.amazon.device.bluetoothdfu/.api.VersionQueryReceiver
D/VendorDisplayManagerGlobalCallback( 7015): callGetInstance: nil
W/ResourcesManager( 7015): Asset path '/system/framework/android.amazon.res.jar' does not exist or contains no resources.
W/ContextImpl(  991): Calling a method in the system process without a qualified user: android.app.ContextImpl.sendBroadcast:1425 com.android.server.input.InputManagerService.deliverInputDevicesChanged:742 com.android.server.input.InputManagerService.access$400:115 com.android.server.input.InputManagerService$InputManagerHandler.handleMessage:1734 android.os.Handler.dispatchMessage:102 
V/ActivityManager(  991): Display changed displayId=0
I/LoggerMetricsFactoryImpl( 6999): WifiReceiverService:wifi_device:device_name=Gelato P1                       ;DV;1,connected=true;DV;1:NR
D/UsbHostManager(  991): Added device UsbDevice[mName=/dev/bus/usb/004/002,mVendorId=6473,mProductId=1031,mClass=0,mSubclass=0,mProtocol=0,mManufacturerName=Amazon,mProductName=Fire TV Remote,mSerialNumber=G0G0JA0554460LNK,mConfigurations=[
D/UsbHostManager(  991): UsbConfiguration[mId=1,mName=Normal,mAttributes=64,mMaxPower=0,mInterfaces=[
D/UsbHostManager(  991): UsbInterface[mId=0,mAlternateSetting=0,mName=Keyboard,mClass=3,mSubclass=0,mProtocol=1,mEndpoints=[
D/UsbHostManager(  991): UsbEndpoint[mAddress=129,mAttributes=3,mMaxPacketSize=32,mInterval=10]]
D/UsbHostManager(  991): UsbInterface[mId=1,mAlternateSetting=0,mName=Headset,mClass=1,mSubclass=1,mProtocol=0,mEndpoints=[]
D/UsbHostManager(  991): UsbInterface[mId=2,mAlternateSetting=0,mName=Headset,mClass=1,mSubclass=2,mProtocol=0,mEndpoints=[]
D/UsbHostManager(  991): UsbInterface[mId=2,mAlternateSetting=1,mName=Headset,mClass=1,mSubclass=2,mProtocol=0,mEndpoints=[
D/UsbHostManager(  991): UsbEndpoint[mAddress=131,mAttributes=1,mMaxPacketSize=38,mInterval=1]]]]
W/ContextImpl(  991): Calling a method in the system process without a qualified user: android.app.ContextImpl.sendBroadcast:1411 com.android.server.usb.UsbSettingsManager.deviceAttached:741 com.android.server.usb.UsbHostManager.endUsbDeviceAdded:224 com.android.server.usb.UsbHostManager.monitorUsbHostBus:-2 com.android.server.usb.UsbHostManager.access$000:42 
W/AlsaCardsParser(  991): Card 0 : serial file not found
W/AlsaCardsParser(  991): Card 0 : serial file not found
D/UsbAudioUtil(  991): found sound card 1
I/PowerManagerService(  991): Waking up from sleep (uid 1000)...
I/FireTVScreenTimeoutCallback(  991): screenOn called
I/FireTvLedManagerService(  991): LED is set to indicate out of standby.
I/NopLedManager(  991): NopLedManager inactivateState
W/ProcessCpuTracker(  991): Skipping unknown process pid 7037
W/ProcessCpuTracker(  991): Skipping unknown process pid 7039
I/DisplayPowerController(  991): Blocking screen on until initial contents have been drawn.
I/LoggerMetricsFactoryImpl(  991): ScreenTime:updateLRUListLocked:page-type=KindleFramework;CK;1,hitType=deviceAction;CK;1,team-name=KindleFramework;CK;1,site_variant=KindleApplication;CK;1,page-action=fgStart;CK;1,sub-page-type=com.amazon.kindle;CK;1,RequestId=1B359E0A64B4074BC235;DV;1:NA
I/LoggerMetricsFactoryImpl(  991): ScreenTime:updateLRUListLocked:page-type=KindleFramework;CK;1,hitType=deviceAction;CK;1,team-name=KindleFramework;CK;1,site_variant=KindleApplication;CK;1,page-action=scrnOn;CK;1,sub-page-type=com.amazon.kindle;CK;1,RequestId=53943D50482498B9CE4C;DV;1:NA
I/DisplayManagerService(  991): Display device changed: DisplayDeviceInfo{"Built-in Screen": uniqueId="local:0", 1920 x 1080, 59.999996 fps, supportedRefreshRates [59.999996], density 320, 48.26 x 48.26 dpi, appVsyncOff 0, presDeadline 17666668, touch INTERNAL, rotation 0, type BUILT_IN, state ON, FLAG_DEFAULT_DISPLAY, FLAG_SECURE, FLAG_SUPPORTS_PROTECTED_BUFFERS}
I/AmazonHdmiService(  991): cec.init oneTouchPlay: successful
V/ActivityManager(  991): Display changed displayId=0
W/SchedPolicy(  991): add_tid_to_cgroup failed to write '7012' (Invalid argument); policy=0
W/ActivityManager(  991): Failed setting process group of 6999 to 0
W/KeyguardServiceDelegate(  991): onScreenTurnedOn(): no keyguard service!
I/FireTvStickTemperatureObserver(  991): SCREEN ON
I/LoggerMetricsFactoryImpl(  991): ThermalEvent:tempstat:soc_ts0_time_screen_off_wifi=1057008.0;CT;1:NR
I/DisplayPowerController(  991): Unblocked screen on after 362 ms
W/ContextImpl(  991): Calling a method in the system process without a qualified user: android.app.ContextImpl.startService:1776 com.amazon.android.service.wifi.WifiControllerService$Receiver.onReceive:733 android.app.LoadedApk$ReceiverDispatcher$Args.run:902 android.os.Handler.handleCallback:739 android.os.Handler.dispatchMessage:95 
--------- beginning of vitals
I/Vlog    (  991): activity_manager_service:sample_uss:fgtracking=false;DV;1,key=com.amazon.device.logmanager;DV;1,Counter=2788.0;CT;1,unit=kB;DV;1,metadata=com.amazon.device.logmanager/P ;DV;1:HI
I/Vlog    (  991): activity_manager_service:sample_pss:fgtracking=false;DV;1,key=com.amazon.vizzini;DV;1,Counter=9383.0;CT;1,unit=kB;DV;1,metadata=com.amazon.vizzini/P ;DV;1:HI
I/Vlog    (  991): activity_manager_service:sample_uss:fgtracking=false;DV;1,key=com.amazon.vizzini;DV;1,Counter=6912.0;CT;1,unit=kB;DV;1,metadata=com.amazon.vizzini/P ;DV;1:HI
I/Vlog    (  991): activity_manager_service:sample_pss:fgtracking=false;DV;1,key=com.amazon.precog;DV;1,Counter=3656.0;CT;1,unit=kB;DV;1,metadata=com.amazon.precog/P ;DV;1:HI
I/Vlog    (  991): activity_manager_service:sample_uss:fgtracking=false;DV;1,key=com.amazon.precog;DV;1,Counter=2576.0;CT;1,unit=kB;DV;1,metadata=com.amazon.precog/P ;DV;1:HI
I/Vlog    (  991): activity_manager_service:sample_pss:fgtracking=false;DV;1,key=com.android.systemui;DV;1,Counter=5635.0;CT;1,unit=kB;DV;1,metadata=com.amazon.device.services/P ;DV;1:HI
I/Vlog    (  991): activity_manager_service:sample_uss:fgtracking=false;DV;1,key=com.android.systemui;DV;1,Counter=4132.0;CT;1,unit=kB;DV;1,metadata=com.amazon.device.services/P ;DV;1:HI
I/Vlog    (  991): activity_manager_service:sample_pss:fgtracking=false;DV;1,key=android;DV;1,Counter=35720.0;CT;1,unit=kB;DV;1,metadata=system/P ;DV;1:HI
I/Vlog    (  991): activity_manager_service:sample_uss:fgtracking=false;DV;1,key=android;DV;1,Counter=31508.0;CT;1,unit=kB;DV;1,metadata=system/P ;DV;1:HI
I/PowerManagerNotifier(  991): BroadcastedInteractiveState=1 ActualInteractiveState=1
I/LoggerMetricsFactoryImpl( 6999): dfu:device_firmware:error=Error: could not read version;DV;1:NR
D/WifiP2pService(  991): sendPeersChangedBroadcast()
I/FireTvLedManagerService(  991): Device status changed: Intent { act=com.amazon.android.service.wifi.CONNECTION_STATUS flg=0x10 (has extras) }
I/FireTvLedManagerService(  991): WiFi device 'Gelato P1                       ' connection state changed to 0
I/NopLedManager(  991): NopLedManager inactivateState
I/LoggerMetricsFactoryImpl(  991): WifiP2pService:wifi-remote-connect-duration:duration=2310945.0;TI;1:NR
I/LoggerMetricsFactoryImpl(  991): WifiP2pService:wifi-remote-num-disconnects:disconnect=1.0;CT;1:NR
I/LoggerMetricsFactoryImpl(  991): WifiP2pService:wifi-remote-scan-disconnect:disconnect=1.0;CT;1:NR
I/LoggerMetricsFactoryImpl( 6999): WifiReceiverService:wifi_device:device_name=Gelato P1                       ;DV;1,connected=false;DV;1:NR
D/WifiP2pService(  991): GroupCreatedState mPeers.get(deviceAddress) != null
D/WifiP2pService(  991): sendPeersChangedBroadcast()
I/LoggerMetricsFactoryImpl(  991): WifiP2pService:wifi-remote-connect-success:success=1.0;CT;1:NR
I/LoggerMetricsFactoryImpl(  991): WifiP2pService:wifi-remote-connect-time:duration=32.0;TI;1:NR
I/FireTvLedManagerService(  991): Device status changed: Intent { act=com.amazon.android.service.wifi.CONNECTION_STATUS flg=0x10 (has extras) }
I/FireTvLedManagerService(  991): WiFi device 'Gelato P1                       ' connection state changed to 2
I/NopLedManager(  991): NopLedManager inactivateState
I/LoggerMetricsFactoryImpl( 6999): WifiReceiverService:wifi_device:device_name=Gelato P1                       ;DV;1,connected=true;DV;1:NR
I/Vlog    (  991): activity_manager_service:sample_pss:fgtracking=false;DV;1,key=com.amazon.kindle;DV;1,Counter=13663.0;CT;1,unit=kB;DV;1,metadata=com.amazon.kindle/T ;DV;1:HI
I/Vlog    (  991): activity_manager_service:sample_uss:fgtracking=false;DV;1,key=com.amazon.kindle;DV;1,Counter=10552.0;CT;1,unit=kB;DV;1,metadata=com.amazon.kindle/T ;DV;1:HI
I/LoggerMetricsFactoryImpl( 6999): dfu:device_firmware:version=217;DV;1:NR
W/ContextImpl(  991): Calling a method in the system process without a qualified user: android.app.ContextImpl.sendBroadcast:1425 com.amazon.policy.keypolicymanager.FireTVKeyPolicyManager$3.run:220 android.os.Handler.handleCallback:739 android.os.Handler.dispatchMessage:95 android.os.Looper.loop:135 
I/ActivityManager(  991): Start proc 7078:com.amazon.ods.kindleconnect/u0a22060 for broadcast com.amazon.ods.kindleconnect/.service.liveassist.LiveAssistReceiver
D/VendorDisplayManagerGlobalCallback( 7078): callGetInstance: nil
W/ResourcesManager( 7078): Asset path '/system/framework/android.amazon.res.jar' does not exist or contains no resources.
I/Vlog    (  991): activity_manager_service:sample_pss:fgtracking=false;DV;1,key=com.amazon.client.metrics;DV;1,Counter=6224.0;CT;1,unit=kB;DV;1,metadata=com.amazon.client.metrics/IF;DV;1:HI
I/Vlog    (  991): activity_manager_service:sample_uss:fgtracking=false;DV;1,key=com.amazon.client.metrics;DV;1,Counter=4936.0;CT;1,unit=kB;DV;1,metadata=com.amazon.client.metrics/IF;DV;1:HI
I/Vlog    (  991): activity_manager_service:sample_pss:fgtracking=false;DV;1,key=com.amazon.venezia;DV;1,Counter=17701.0;CT;1,unit=kB;DV;1,metadata=com.amazon.venezia/S ;DV;1:HI
I/Vlog    (  991): activity_manager_service:sample_uss:fgtracking=false;DV;1,key=com.amazon.venezia;DV;1,Counter=15804.0;CT;1,unit=kB;DV;1,metadata=com.amazon.venezia/S ;DV;1:HI
I/Vlog    (  991): activity_manager_service:sample_pss:fgtracking=false;DV;1,key=com.android.bluetooth;DV;1,Counter=8153.0;CT;1,unit=kB;DV;1,metadata=com.android.bluetooth/IF;DV;1:HI
I/Vlog    (  991): activity_manager_service:sample_uss:fgtracking=false;DV;1,key=com.android.bluetooth;DV;1,Counter=6892.0;CT;1,unit=kB;DV;1,metadata=com.android.bluetooth/IF;DV;1:HI
I/Vlog    (  991): activity_manager_service:sample_pss:fgtracking=false;DV;1,key=com.amazon.kso.blackbird;DV;1,Counter=4998.0;CT;1,unit=kB;DV;1,metadata=com.amazon.kso.blackbird%3ABlackbirdServiceProcess/S ;DV;1:HI
I/Vlog    (  991): activity_manager_service:sample_uss:fgtracking=false;DV;1,key=com.amazon.kso.blackbird;DV;1,Counter=3776.0;CT;1,unit=kB;DV;1,metadata=com.amazon.kso.blackbird%3ABlackbirdServiceProcess/S ;DV;1:HI
I/Vlog    (  991): activity_manager_service:sample_pss:fgtracking=false;DV;1,key=com.amazon.tv.launcher;DV;1,Counter=7326.0;CT;1,unit=kB;DV;1,metadata=com.amazon.tv.launcher%3AMediaBrowseServiceProcess/HW;DV;1:HI
I/Vlog    (  991): activity_manager_service:sample_uss:fgtracking=false;DV;1,key=com.amazon.tv.launcher;DV;1,Counter=5992.0;CT;1,unit=kB;DV;1,metadata=com.amazon.tv.launcher%3AMediaBrowseServiceProcess/HW;DV;1:HI
I/Vlog    (  991): activity_manager_service:sample_pss:fgtracking=false;DV;1,key=com.amazon.whisperlink.core.android;DV;1,Counter=8273.0;CT;1,unit=kB;DV;1,metadata=com.amazon.whisperlink.core.android/S ;DV;1:HI
I/Vlog    (  991): activity_manager_service:sample_uss:fgtracking=false;DV;1,key=com.amazon.whisperlink.core.android;DV;1,Counter=6360.0;CT;1,unit=kB;DV;1,metadata=com.amazon.whisperlink.core.android/S ;DV;1:HI
I/Vlog    (  991): activity_manager_service:sample_pss:fgtracking=false;DV;1,key=com.amazon.tv.ime;DV;1,Counter=6874.0;CT;1,unit=kB;DV;1,metadata=com.amazon.tv.ime/IB;DV;1:HI
I/Vlog    (  991): activity_manager_service:sample_uss:fgtracking=false;DV;1,key=com.amazon.tv.ime;DV;1,Counter=4916.0;CT;1,unit=kB;DV;1,metadata=com.amazon.tv.ime/IB;DV;1:HI
I/ActivityManager(  991): Waited long enough for: ServiceRecord{1732c74e u0 com.amazon.ods.kindleconnect/.service.liveassist.LiveAssistService}
I/Vlog    (  991): activity_manager_service:sample_pss:fgtracking=false;DV;1,key=com.amazon.ods.kindleconnect;DV;1,Counter=4795.0;CT;1,unit=kB;DV;1,metadata=com.amazon.ods.kindleconnect/S ;DV;1:HI
I/Vlog    (  991): activity_manager_service:sample_uss:fgtracking=false;DV;1,key=com.amazon.ods.kindleconnect;DV;1,Counter=3880.0;CT;1,unit=kB;DV;1,metadata=com.amazon.ods.kindleconnect/S ;DV;1:HI
I/Vlog    (  991): activity_manager_service:sample_pss:fgtracking=false;DV;1,key=com.amazon.device.controllermanager;DV;1,Counter=3081.0;CT;1,unit=kB;DV;1,metadata=com.amazon.device.controllermanager%3AWifiReceiver/CE;DV;1:HI
I/Vlog    (  991): activity_manager_service:sample_uss:fgtracking=false;DV;1,key=com.amazon.device.controllermanager;DV;1,Counter=2212.0;CT;1,unit=kB;DV;1,metadata=com.amazon.device.controllermanager%3AWifiReceiver/CE;DV;1:HI
I/Vlog    (  991): activity_manager_service:sample_pss:fgtracking=false;DV;1,key=com.amazon.device.settings;DV;1,Counter=3515.0;CT;1,unit=kB;DV;1,metadata=com.amazon.device.settings/CE;DV;1:HI
I/Vlog    (  991): activity_manager_service:sample_uss:fgtracking=false;DV;1,key=com.amazon.device.settings;DV;1,Counter=2424.0;CT;1,unit=kB;DV;1,metadata=com.amazon.device.settings/CE;DV;1:HI
I/Vlog    (  991): activity_manager_service:sample_pss:fgtracking=false;DV;1,key=com.amazon.sync.service;DV;1,Counter=3433.0;CT;1,unit=kB;DV;1,metadata=com.amazon.sync.service/CE;DV;1:HI
I/Vlog    (  991): activity_manager_service:sample_uss:fgtracking=false;DV;1,key=com.amazon.sync.service;DV;1,Counter=2320.0;CT;1,unit=kB;DV;1,metadata=com.amazon.sync.service/CE;DV;1:HI
I/Vlog    (  991): activity_manager_service:sample_pss:fgtracking=false;DV;1,key=com.android.providers.downloads;DV;1,Counter=4489.0;CT;1,unit=kB;DV;1,metadata=com.android.providers.downloads/CE;DV;1:HI
I/Vlog    (  991): activity_manager_service:sample_uss:fgtracking=false;DV;1,key=com.android.providers.downloads;DV;1,Counter=3384.0;CT;1,unit=kB;DV;1,metadata=com.android.providers.downloads/CE;DV;1:HI
I/Vlog    (  991): activity_manager_service:sample_pss:fgtracking=false;DV;1,key=com.amazon.kindle.cms;DV;1,Counter=12597.0;CT;1,unit=kB;DV;1,metadata=com.amazon.kindle.cms/CE;DV;1:HI
I/Vlog    (  991): activity_manager_service:sample_uss:fgtracking=false;DV;1,key=com.amazon.kindle.cms;DV;1,Counter=10592.0;CT;1,unit=kB;DV;1,metadata=com.amazon.kindle.cms/CE;DV;1:HI
I/Vlog    (  991): activity_manager_service:sample_pss:fgtracking=false;DV;1,key=com.amazon.bueller.photos;DV;1,Counter=6934.0;CT;1,unit=kB;DV;1,metadata=com.amazon.bueller.photos%3Acore/CE;DV;1:HI
I/Vlog    (  991): activity_manager_service:sample_uss:fgtracking=false;DV;1,key=com.amazon.bueller.photos;DV;1,Counter=4464.0;CT;1,unit=kB;DV;1,metadata=com.amazon.bueller.photos%3Acore/CE;DV;1:HI
I/Vlog    (  991): activity_manager_service:sample_pss:fgtracking=false;DV;1,key=com.amazon.bueller.photos;DV;1,Counter=13856.0;CT;1,unit=kB;DV;1,metadata=com.amazon.bueller.photos/CE;DV;1:HI
I/Vlog    (  991): activity_manager_service:sample_uss:fgtracking=false;DV;1,key=com.amazon.bueller.photos;DV;1,Counter=9892.0;CT;1,unit=kB;DV;1,metadata=com.amazon.bueller.photos/CE;DV;1:HI
I/Vlog    (  991): activity_manager_service:sample_pss:fgtracking=false;DV;1,key=com.android.providers.media;DV;1,Counter=4244.0;CT;1,unit=kB;DV;1,metadata=android.process.media/CE;DV;1:HI
I/Vlog    (  991): activity_manager_service:sample_uss:fgtracking=false;DV;1,key=com.android.providers.media;DV;1,Counter=3192.0;CT;1,unit=kB;DV;1,metadata=android.process.media/CE;DV;1:HI
I/Vlog    (  991): activity_manager_service:sample_pss:fgtracking=false;DV;1,key=com.amazon.tv.oobe;DV;1,Counter=8461.0;CT;1,unit=kB;DV;1,metadata=com.amazon.tv.oobe/HO;DV;1:HI
I/Vlog    (  991): activity_manager_service:sample_uss:fgtracking=false;DV;1,key=com.amazon.tv.oobe;DV;1,Counter=5828.0;CT;1,unit=kB;DV;1,metadata=com.amazon.tv.oobe/HO;DV;1:HI
I/Vlog    (  991): activity_manager_service:sample_pss:fgtracking=false;DV;1,key=com.amazon.device.controllermanager;DV;1,Counter=4496.0;CT;1,unit=kB;DV;1,metadata=com.amazon.device.controllermanager/CE;DV;1:HI
I/Vlog    (  991): activity_manager_service:sample_uss:fgtracking=false;DV;1,key=com.amazon.device.controllermanager;DV;1,Counter=3344.0;CT;1,unit=kB;DV;1,metadata=com.amazon.device.controllermanager/CE;DV;1:HI
I/Vlog    (  991): activity_manager_service:sample_pss:fgtracking=false;DV;1,key=com.amazon.device.bluetoothdfu;DV;1,Counter=5659.0;CT;1,unit=kB;DV;1,metadata=com.amazon.device.bluetoothdfu/CE;DV;1:HI
I/Vlog    (  991): activity_manager_service:sample_uss:fgtracking=false;DV;1,key=com.amazon.device.bluetoothdfu;DV;1,Counter=4560.0;CT;1,unit=kB;DV;1,metadata=com.amazon.device.bluetoothdfu/CE;DV;1:HI
I/LoggerMetricsFactoryImpl(  991): ThermalEvent:tmon:temp_soc_screen_on_wifi=50245.0;CT;1,temp_103_screen_on_wifi=55000.0;CT;1:NR
I/Vlog    (  991): activity_manager_service:sample_pss:fgtracking=false;DV;1,key=com.amazon.kindle;DV;1,Counter=13764.0;CT;1,unit=kB;DV;1,metadata=com.amazon.kindle/T ;DV;1:HI
I/Vlog    (  991): activity_manager_service:sample_uss:fgtracking=false;DV;1,key=com.amazon.kindle;DV;1,Counter=10688.0;CT;1,unit=kB;DV;1,metadata=com.amazon.kindle/T ;DV;1:HI
I/Vlog    (  991): activity_manager_service:sample_pss:fgtracking=false;DV;1,key=com.amazon.tcomm;DV;1,Counter=7055.0;CT;1,unit=kB;DV;1,metadata=com.amazon.tcomm/P ;DV;1:HI
I/Vlog    (  991): activity_manager_service:sample_uss:fgtracking=false;DV;1,key=com.amazon.tcomm;DV;1,Counter=5080.0;CT;1,unit=kB;DV;1,metadata=com.amazon.tcomm/P ;DV;1:HI
I/Vlog    (  991): activity_manager_service:sample_pss:fgtracking=false;DV;1,key=com.amazon.imp;DV;1,Counter=5525.0;CT;1,unit=kB;DV;1,metadata=com.amazon.imp/P ;DV;1:HI
I/Vlog    (  991): activity_manager_service:sample_uss:fgtracking=false;DV;1,key=com.amazon.imp;DV;1,Counter=4068.0;CT;1,unit=kB;DV;1,metadata=com.amazon.imp/P ;DV;1:HI
I/Vlog    (  991): activity_manager_service:sample_pss:fgtracking=false;DV;1,key=com.amazon.device.logmanager;DV;1,Counter=3876.0;CT;1,unit=kB;DV;1,metadata=com.amazon.device.logmanager/P ;DV;1:HI
I/Vlog    (  991): activity_manager_service:sample_uss:fgtracking=false;DV;1,key=com.amazon.device.logmanager;DV;1,Counter=2796.0;CT;1,unit=kB;DV;1,metadata=com.amazon.device.logmanager/P ;DV;1:HI
I/Vlog    (  991): activity_manager_service:sample_pss:fgtracking=false;DV;1,key=com.amazon.vizzini;DV;1,Counter=9470.0;CT;1,unit=kB;DV;1,metadata=com.amazon.vizzini/P ;DV;1:HI
I/Vlog    (  991): activity_manager_service:sample_uss:fgtracking=false;DV;1,key=com.amazon.vizzini;DV;1,Counter=6912.0;CT;1,unit=kB;DV;1,metadata=com.amazon.vizzini/P ;DV;1:HI
I/Vlog    (  991): activity_manager_service:sample_pss:fgtracking=false;DV;1,key=com.amazon.precog;DV;1,Counter=3621.0;CT;1,unit=kB;DV;1,metadata=com.amazon.precog/P ;DV;1:HI
I/Vlog    (  991): activity_manager_service:sample_uss:fgtracking=false;DV;1,key=com.amazon.precog;DV;1,Counter=2580.0;CT;1,unit=kB;DV;1,metadata=com.amazon.precog/P ;DV;1:HI
I/Vlog    (  991): activity_manager_service:sample_pss:fgtracking=false;DV;1,key=com.android.systemui;DV;1,Counter=5413.0;CT;1,unit=kB;DV;1,metadata=com.amazon.device.services/P ;DV;1:HI
I/Vlog    (  991): activity_manager_service:sample_uss:fgtracking=false;DV;1,key=com.android.systemui;DV;1,Counter=3948.0;CT;1,unit=kB;DV;1,metadata=com.amazon.device.services/P ;DV;1:HI
I/Vlog    (  991): activity_manager_service:sample_pss:fgtracking=false;DV;1,key=android;DV;1,Counter=34969.0;CT;1,unit=kB;DV;1,metadata=system/P ;DV;1:HI
I/Vlog    (  991): activity_manager_service:sample_uss:fgtracking=false;DV;1,key=android;DV;1,Counter=30800.0;CT;1,unit=kB;DV;1,metadata=system/P ;DV;1:HI
I/UsageStatsService(  991): User[0] Flushing usage stats to disk
I/syseng_board_status( 7363): syseng_board_status:vcbuild:type=release;DV;1,version=f37c056428b3511ce1530e6f5a27c453181292a8 (tainted);DV;1,branch=HEAD;DV;1,application=vmcs_android;DV;1,date=May 20 2016;DV;1,time=20 31 10;DV;1,platform=montoya;DV;1:NR 
I/syseng_board_status( 7366): syseng_board_status:vchostmemuse:/system/bin/surfaceflinger=41475120;CT;1,com.amazon.kindle=36955912;CT;1,system_server=9766232;CT;1,com.amazon.tv.oobe=2480816;CT;1,com.amazon.vizzini=708608;CT;1,com.amazon.bueller.photos=23171856;CT;1,/system/bin/mediaserver=8192;CT;1:NR 
I/syseng_board_status( 7369): syseng_board_status:vcrelocstats:total=519045120;CT;1,relocatable=519045120;CT;1,legacy=0;CT;1,offline=0;CT;1,small_allocs=94;CT;1,allocs=570;CT;1,alloc_fails=0;CT;1,legacy_block_fails=0;CT;1,compactions=1;CT;1,discard_compactions=0;CT;1,aggressive_compactions=0;CT;1,aggressive_compaction_waits=0;CT;1,aggressive_compaction_timeouts=0;CT;1,locks=0;CT;1,small_locks=0;CT;1,free=398458880;CT;1,freeBlocks=10;CT;1,largestFreeBlock=330301440;CT;1:NR 
I/syseng_board_status( 7372): syseng_board_status:vcwfc:stream_count=0x00000005;DV;1:NR 
I/syseng_board_status( 7375): syseng_board_status:vcrelocs2:vc_heap_count_dispmanx_txp_ch1=3;CT;1,vc_heap_size_dispmanx_txp_ch1=25067520;CT;1,vc_heap_count_mh_alloc_list=1;CT;1,vc_heap_size_mh_alloc_list=13824;CT;1,vc_heap_count_audioplus_tmp_buf=1;CT;1,vc_heap_size_audioplus_tmp_buf=16384;CT;1,vc_heap_count_dt_blob=1;CT;1,vc_heap_size_dt_blob=7592;CT;1,vc_heap_count_SLIM_IPC_STATE_T=3;CT;1,vc_heap_size_SLIM_IPC_STATE_T=1344;CT;1:NR 
I/syseng_board_status( 7378): syseng_board_status:vcrelocs2:corrupt=0;CT;1:NR 
I/syseng_board_status( 7381): syseng_board_status:vclmk:killed=0;CT;1:NR 
I/syseng_board_status( 7384): syseng_board_status:vmstat1:nr_free_pages=8164;CT;1,nr_inactive_anon=19846;CT;1,nr_active_anon=19922;CT;1,nr_inactive_file=34967;CT;1,nr_active_file=27555;CT;1,nr_unevictable=134;CT;1,nr_mlock=0;CT;1,nr_anon_pages=39444;CT;1,nr_mapped=20315;CT;1,nr_file_pages=63192;CT;1,nr_dirty=0;CT;1,nr_writeback=0;CT;1,nr_slab_reclaimable=1676;CT;1,nr_slab_unreclaimable=4146;CT;1,nr_page_table_pages=3796;CT;1,nr_kernel_stack=783;CT;1,nr_unstable=0;CT;1,nr_bounce=0;CT;1,nr_vmscan_write=4812;CT;1,nr_writeback_temp=0;CT;1,nr_isolated_anon=0;CT;1,nr_isolated_file=0;CT;1,nr_shmem=10;CT;1,nr_dirtied=3629;CT;1,nr_written=8318;CT;1,nr_anon_transparent_hugepages=0;CT;1,nr_dirty_threshold=22091;CT;1,nr_dirty_background_threshold=5522;CT;1:NR 
I/syseng_board_status( 7387): syseng_board_status:vmstat2:pgpgin=678293;CT;1,pgpgout=41785;CT;1,pswpin=513;CT;1,pswpout=4812;CT;1,pgalloc_normal=5862992;CT;1,pgalloc_movable=0;CT;1,pgfree=5871441;CT;1,pgactivate=33808;CT;1,pgdeactivate=35420;CT;1,pgfault=2146400;CT;1,pgmajfault=4254;CT;1,pgrefill_normal=35419;CT;1,pgrefill_movable=0;CT;1,pgsteal_normal=108290;CT;1,pgsteal_movable=0;CT;1,pgscan_kswapd_normal=143504;CT;1,pgscan_kswapd_movable=0;CT;1,pgscan_direct_normal=711;CT;1,pgscan_direct_movable=0;CT;1,pginodesteal=0;CT;1,pgrotated=5;CT;1:NR 
I/syseng_board_status( 7391): syseng_board_status:vmstat3:slabs_scanned=23552;CT;1,kswapd_steal=108042;CT;1,kswapd_inodesteal=410;CT;1,kswapd_low_wmark_hit_quickly=19;CT;1,kswapd_high_wmark_hit_quickly=169;CT;1,kswapd_skip_congestion_wait=0;CT;1,pageoutrun=2272;CT;1,allocstall=4;CT;1,compact_blocks_moved=0;CT;1,compact_pages_moved=0;CT;1,compact_pagemigrate_failed=0;CT;1,compact_stall=0;CT;1,compact_fail=0;CT;1,compact_success=0;CT;1,unevictable_pgs_culled=134;CT;1,unevictable_pgs_scanned=0;CT;1,unevictable_pgs_rescued=0;CT;1,unevictable_pgs_mlocked=0;CT;1,unevictable_pgs_munlocked=0;CT;1,unevictable_pgs_cleared=0;CT;1,unevictable_pgs_stranded=0;CT;1,unevictable_pgs_mlockfreed=0;CT;1:NR 
I/syseng_board_status( 7394): syseng_board_status:meminfo:MemTotal=502916;CT;1,MemFree=32656;CT;1,MemAvailable=222496;CT;1,Buffers=6160;CT;1,Cached=244504;CT;1,SwapCached=2104;CT;1,Active=189908;CT;1,Inactive=219252;CT;1,Active_anon=79688;CT;1,Inactive_anon=79384;CT;1,Active_file=110220;CT;1,Inactive_file=139868;CT;1,Unevictable=536;CT;1,Mlocked=0;CT;1,SwapTotal=262140;CT;1:NR 
I/syseng_board_status( 7397): syseng_board_status:meminfo:SwapFree=242996;CT;1,Dirty=0;CT;1,Writeback=0;CT;1,AnonPages=157776;CT;1,Mapped=81260;CT;1,Shmem=40;CT;1,Slab=23288;CT;1,SReclaimable=6704;CT;1,SUnreclaim=16584;CT;1,KernelStack=6264;CT;1,PageTables=15184;CT;1,NFS_Unstable=0;CT;1,Bounce=0;CT;1,WritebackTmp=0;CT;1,CommitLimit=513596;CT;1,Committed_AS=19715680;CT;1:NR 
I/syseng_board_status( 7400): syseng_board_status:meminfo:VmallocTotal=483328;CT;1,VmallocUsed=36460;CT;1,VmallocChunk=397252;CT;1:NR 
I/syseng_board_status( 7403): syseng_board_status:netdevstats:recv_bytes_wlan0=642755;CT;1,recv_packets_wlan0=2361;CT;1,recv_errs_wlan0=0;CT;1,recv_drop_wlan0=1712;CT;1,recv_fifo_wlan0=0;CT;1,recv_frame_wlan0=0;CT;1,recv_compressed_wlan0=0;CT;1,recv_multicast_wlan0=0;CT;1,xmit_bytes_wlan0=20678;CT;1,xmit_packets_wlan0=588;CT;1,xmit_errs_wlan0=0;CT;1,xmit_drop_wlan0=0;CT;1,xmit_fifo_wlan0=0;CT;1,xmit_colls_wlan0=0;CT;1,xmit_carrier_wlan0=0;CT;1,xmit_compressed_wlan0=0;CT;1:NR 
I/syseng_board_status( 7406): syseng_board_status:cpufreq:time_312000=0;CT;1,time_499999=0;CT;1,time_666666=0;CT;1,time_999999=250116;CT;1:NR 
I/syseng_board_status( 7409): syseng_board_status:cpuidle:time_cpu0_c0=2250915189;CT;1,time_cpu0_c1=0;CT;1,time_cpu0_c2=0;CT;1,time_cpu0_c3=0;CT;1,time_cpu1_c0=2236076734;CT;1,time_cpu1_c1=0;CT;1,time_cpu1_c2=0;CT;1,time_cpu1_c3=0;CT;1:NR 
I/syseng_board_status( 7412): syseng_board_status:ksmstats:full_scans=8;CT;1,pages_shared=1260;CT;1,pages_sharing=9753;CT;1,pages_to_scan=100;CT;1,pages_unshared=28441;CT;1,pages_volatile=58059;CT;1:NR 
I/syseng_board_status( 7415): syseng_board_status:tempstat:soc_ts0_max=68477;CT;1,soc_ts1_max=76000;CT;1,soc_ts2_max=77000;CT;1,soc_ts3_max=81000;CT;1,soc_crit_max=100522;CT;1,tmp103_sensor=56000;CT;1,soctemp=51350;CT;1,soc_tstate=0;CT;1,soc_avg=0;CT;1,soc_max=0;CT;1,soc_ts0_time=250117;CT;1,soc_ts1_time=0;CT;1,soc_ts2_time=0;CT;1,soc_ts3_time=0;CT;1,soc_ts4_time=0;CT;1,soc_ts0_trans=1;CT;1,soc_ts1_trans=0;CT;1,soc_ts2_trans=0;CT;1,soc_ts3_trans=0;CT;1,soc_ts4_trans=0;CT;1:NR 
I/syseng_board_status( 7418): syseng_board_status:zramstats:num_reads=515;CT;1,num_writes=4813;CT;1,compr_data_size=5351702;CT;1,orig_data_size=17772544;CT;1,zero_pages=197;CT;1,mem_used_total=5455872;CT;1:NR 
I/syseng_board_status( 7421): syseng_board_status:df:tmp_sizekb=250512;CT;1,tmp_usedkb=0;CT;1,tmp_freekb=250512;CT;1,system_sizekb=789072;CT;1,system_usedkb=553554;CT;1,system_freekb=235518;CT;1,data_sizekb=5871992;CT;1,data_usedkb=738582;CT;1,data_freekb=5137993;CT;1,cache_sizekb=789072;CT;1,cache_usedkb=249594;CT;1,cache_freekb=539478;CT;1:NR 
I/syseng_board_status( 7424): syseng_board_status:sics:com_amazon_avod_dlcount=0;CT;1,com_amazon_avod_dlkb=0;CT;1,com_amazon_bueller_music_dlcount=0;CT;1,com_amazon_bueller_music_dlkb=0;CT;1,com_amazon_bueller_photos_dlcount=0;CT;1,com_amazon_bueller_photos_dlkb=0;CT;1,com_amazon_tv_launcher_dlcount=575;CT;1,com_amazon_tv_launcher_dlkb=34700;CT;1,com_amazon_venezia_dlcount=37;CT;1,com_amazon_venezia_dlkb=10152;CT;1:NR 
I/syseng_board_status( 7427): syseng_board_status:hdmi:state=0x2a [HDMI CEA (16) RGB lim 16 9 HDCP] 1920x1080 @ 60Hz progressive;DV;1,device=PRI-BBY_LCD_TV;DV;1:NR 
I/syseng_board_status( 7430): syseng_board_status:cputicks:cpu0_user=11766;CT;1,cpu0_userlow=416;CT;1,cpu0_system=6951;CT;1,cpu0_idle=229292;CT;1,cpu1_user=12642;CT;1,cpu1_userlow=367;CT;1,cpu1_system=10180;CT;1,cpu1_idle=225843;CT;1:NR 
I/syseng_board_status( 7433): syseng_board_status:power:st=Typical_Typical;DV;1,st_Typical_Typical_wifi=1;CT;1,usb_boot_charge_type=standard_host;DV;1,gadget_state=CONFIGURED;DV;1:NR 
I/syseng_board_status( 7436): syseng_board_status:bootstatus:uptime=2502.11;CT;1,idletime=2502.11;CT;1,bootid=906f56b9-5155-4897-8f89-24db672145aa;DV;1,rr=unknown;DV;1,vb=brcm-4.2.2-montoya-plus-5.13.a;DV;1,tbd=0;CT;1,br=06;CT;1:HI 
I/syseng_board_status( 7439): syseng_board_status:self:utime=126;CT;1,stime=99;CT;1,cutime=1857;CT;1,cstime=5145;CT;1,count=9;CT;1:NR 
I/syseng_board_status( 7442): syseng_board_status:emmcstats:emmcinfo=Toshiba;DV;1,emmcmlc_avg=10;CT;1,emmcmlc_max=20;CT;1:NR 
I/Vlog    (  991): activity_manager_service:sample_pss:fgtracking=false;DV;1,key=com.amazon.kindle;DV;1,Counter=13800.0;CT;1,unit=kB;DV;1,metadata=com.amazon.kindle/T ;DV;1:HI
I/Vlog    (  991): activity_manager_service:sample_uss:fgtracking=false;DV;1,key=com.amazon.kindle;DV;1,Counter=10724.0;CT;1,unit=kB;DV;1,metadata=com.amazon.kindle/T ;DV;1:HI
I/PowerManagerService(  991): Nap time (uid 1000)...
I/DreamManagerService(  991): Entering dreamland.
I/PowerManagerService(  991): Dreaming...
I/DreamController(  991): Starting dream: name=ComponentInfo{com.amazon.bueller.photos/com.amazon.bueller.photos.daydream.ScreenSaverService}, isTest=false, canDoze=false, userId=0
I/LoggerMetricsFactoryImpl(  991): PhoneWindowManager:ActivityChanged:com.amazon.bueller.photos=1.0;CT;1:NR
I/LoggerMetricsFactoryImpl(  991): PhoneWindowManager:ScreenTime:com.amazon.kindle=338569.0;TI;1,endTimeMs=8.9036648E7;TI;1,startTimeMs=8.869808E7;TI;1:NR
I/LoggerMetricsFactoryImpl(  991): ScreenTime:updateLRUListLocked:page-type=KindleFramework;CK;1,hitType=deviceAction;CK;1,team-name=KindleFramework;CK;1,site_variant=KindleApplication;CK;1,page-action=fgEnd;CK;1,sub-page-type=com.amazon.kindle;CK;1,RequestId=A75886F4D28BDECD6BDF;DV;1:NA
I/LoggerMetricsFactoryImpl(  991): ScreenTime:updateLRUListLocked:page-type=KindleFramework;CK;1,hitType=deviceAction;CK;1,team-name=KindleFramework;CK;1,site_variant=KindleApplication;CK;1,page-action=fgStart;CK;1,sub-page-type=com.amazon.bueller.photos_dream;CK;1,RequestId=D4CA15A4E40B820A02AD;DV;1:NA
I/Vlog    (  991): ScreenTime:PackageScreenTime:fgtracking=false;DV;1,key=com.amazon.kindle;DV;1,Timer=0.09404694444444445;TI;1,unit=hours;DV;1:HI
I/Vlog    (  991): Thermal:Screen_On_Thermal_Throttling:fgtracking=false;DV;1,key=0;DV;1,Timer=0.09404694444444445;TI;1,unit=hours;DV;1,metadata=com.amazon.kindle;DV;1:HI
V/WindowManager(  991): Adding window Window{89b460c u0 SurfaceView} at 2 of 3 (before Window{30104a12 u0 dream})
W/InputMethodManagerService(  991): Settings not found for 'safe mode' for current user
W/InputMethodManagerService(  991): Starting input on non-focused client com.android.internal.view.IInputMethodClient$Stub$Proxy@f3437d7 (uid=10016 pid=2726)
I/Vlog    (  991): activity_manager_service:sample_pss:fgtracking=false;DV;1,key=com.amazon.kindle;DV;1,Counter=13829.0;CT;1,unit=kB;DV;1,metadata=com.amazon.kindle/T ;DV;1:HI
I/Vlog    (  991): activity_manager_service:sample_uss:fgtracking=false;DV;1,key=com.amazon.kindle;DV;1,Counter=10752.0;CT;1,unit=kB;DV;1,metadata=com.amazon.kindle/T ;DV;1:HI
I/Vlog    (  991): activity_manager_service:sample_pss:fgtracking=false;DV;1,key=com.amazon.bueller.photos;DV;1,Counter=17995.0;CT;1,unit=kB;DV;1,metadata=com.amazon.bueller.photos/IF;DV;1:HI
I/Vlog    (  991): activity_manager_service:sample_uss:fgtracking=false;DV;1,key=com.amazon.bueller.photos;DV;1,Counter=13996.0;CT;1,unit=kB;DV;1,metadata=com.amazon.bueller.photos/IF;DV;1:HI
I/Vlog    (  991): activity_manager_service:sample_pss:fgtracking=false;DV;1,key=com.amazon.bueller.photos;DV;1,Counter=7132.0;CT;1,unit=kB;DV;1,metadata=com.amazon.bueller.photos%3Acore/IF;DV;1:HI
I/Vlog    (  991): activity_manager_service:sample_uss:fgtracking=false;DV;1,key=com.amazon.bueller.photos;DV;1,Counter=4628.0;CT;1,unit=kB;DV;1,metadata=com.amazon.bueller.photos%3Acore/IF;DV;1:HI
I/LoggerMetricsFactoryImpl(  991): ThermalEvent:tmon:temp_soc_screen_on_wifi=56875.0;CT;1,temp_103_screen_on_wifi=60000.0;CT;1:NR
I/Vlog    (  991): activity_manager_service:sample_pss:fgtracking=false;DV;1,key=com.amazon.kindle;DV;1,Counter=12546.0;CT;1,unit=kB;DV;1,metadata=com.amazon.kindle/T ;DV;1:HI
