D/NetMon.PingService( 1104): addPingRequestToQueue(): sending a ping request in 1000ms. Queue now has 1 requests
D/NetMon.PingService( 1104): pingResultProcessing(): internet is DOWN, continual retry ping request mode. Next ping in 1000ms
D/NetMon.PingService( 1104): sendBroadcasts(internet = DOWN)
D/NetMon.PingService( 1104): Connection state has not changed: dont show the nag dialog and sticky DOWN already in place
D/NetMon.PingService( 1104): dispatchPendingIntents(internet = DOWN)
I/main.wifi_log_levels( 6967): wifi_log_levels:noise=0;rssi=0;channel=0;phy_tempsense=47 (0x2f);phy_rssi_ant=rssi[0] -75 rssi[1] -74 ;btcparam27=0x6;txframe=4;txbyte=332;txretrans=4;txerror=2;rxframe=0;rxbyte=0;rxerror=1;rxbadfcs=19910;rxbadplcp=7622;rxcrsglitch=627953;rxstrt=173872;rxdfrmucastmbss=0;txburst=0;txphyerror=0; 
D/NetMon.PingTask( 1104): pingRequest(): started...
E/NetMon.PingTask( 1104): pingRequest(): error, timeout on hostname lookup after waiting 1ms, internet is DOWN
D/NetMon.PingService( 1104): pingResultProcessing(): internet is DOWN
W/NetMon.NetworkMonitor( 1104): The Internet connection state is DISCONNECTED
D/NetMon.PingService( 1104): removePingRequestFromQueue(): Queue now has 0 requests
D/NetMon.PingService( 1104): addPingRequestToQueue(): sending a ping request in 1000ms. Queue now has 1 requests
D/NetMon.PingService( 1104): pingResultProcessing(): internet is DOWN, continual retry ping request mode. Next ping in 1000ms
D/NetMon.PingService( 1104): sendBroadcasts(internet = DOWN)
D/NetMon.PingService( 1104): Connection state has not changed: dont show the nag dialog and sticky DOWN already in place
D/NetMon.PingService( 1104): dispatchPendingIntents(internet = DOWN)
D/NetMon.PingTask( 1104): pingRequest(): started...
E/NetMon.PingTask( 1104): pingRequest(): error, timeout on hostname lookup after waiting 1ms, internet is DOWN
D/NetMon.PingService( 1104): pingResultProcessing(): internet is DOWN
W/NetMon.NetworkMonitor( 1104): The Internet connection state is DISCONNECTED
D/NetMon.PingService( 1104): removePingRequestFromQueue(): Queue now has 0 requests
D/NetMon.PingService( 1104): addPingRequestToQueue(): sending a ping request in 1000ms. Queue now has 1 requests
D/NetMon.PingService( 1104): pingResultProcessing(): internet is DOWN, continual retry ping request mode. Next ping in 1000ms
D/NetMon.PingService( 1104): sendBroadcasts(internet = DOWN)
D/NetMon.PingService( 1104): Connection state has not changed: dont show the nag dialog and sticky DOWN already in place
D/NetMon.PingService( 1104): dispatchPendingIntents(internet = DOWN)
D/NetMon.PingTask( 1104): pingRequest(): started...
E/NetMon.PingTask( 1104): pingRequest(): error, timeout on hostname lookup after waiting 1ms, internet is DOWN
D/NetMon.PingService( 1104): pingResultProcessing(): internet is DOWN
W/NetMon.NetworkMonitor( 1104): The Internet connection state is DISCONNECTED
D/NetMon.PingService( 1104): removePingRequestFromQueue(): Queue now has 0 requests
D/NetMon.PingService( 1104): addPingRequestToQueue(): sending a ping request in 1000ms. Queue now has 1 requests
D/NetMon.PingService( 1104): pingResultProcessing(): internet is DOWN, continual retry ping request mode. Next ping in 1000ms
D/NetMon.PingService( 1104): sendBroadcasts(internet = DOWN)
D/NetMon.PingService( 1104): Connection state has not changed: dont show the nag dialog and sticky DOWN already in place
D/NetMon.PingService( 1104): dispatchPendingIntents(internet = DOWN)
D/NetMon.PingTask( 1104): pingRequest(): started...
E/NetMon.PingTask( 1104): pingRequest(): error, timeout on hostname lookup after waiting 1ms, internet is DOWN
D/NetMon.PingService( 1104): pingResultProcessing(): internet is DOWN
W/NetMon.NetworkMonitor( 1104): The Internet connection state is DISCONNECTED
D/NetMon.PingService( 1104): removePingRequestFromQueue(): Queue now has 0 requests
D/NetMon.PingService( 1104): addPingRequestToQueue(): sending a ping request in 1000ms. Queue now has 1 requests
D/NetMon.PingService( 1104): pingResultProcessing(): internet is DOWN, continual retry ping request mode. Next ping in 1000ms
D/NetMon.PingService( 1104): sendBroadcasts(internet = DOWN)
D/NetMon.PingService( 1104): Connection state has not changed: dont show the nag dialog and sticky DOWN already in place
D/NetMon.PingService( 1104): dispatchPendingIntents(internet = DOWN)
D/NetMon.PingTask( 1104): pingRequest(): started...
E/NetMon.PingTask( 1104): pingRequest(): error, timeout on hostname lookup after waiting 1ms, internet is DOWN
D/NetMon.PingService( 1104): pingResultProcessing(): internet is DOWN
W/NetMon.NetworkMonitor( 1104): The Internet connection state is DISCONNECTED
D/NetMon.PingService( 1104): removePingRequestFromQueue(): Queue now has 0 requests
D/NetMon.PingService( 1104): addPingRequestToQueue(): sending a ping request in 1000ms. Queue now has 1 requests
D/NetMon.PingService( 1104): pingResultProcessing(): internet is DOWN, continual retry ping request mode. Next ping in 1000ms
D/NetMon.PingService( 1104): sendBroadcasts(internet = DOWN)
D/NetMon.PingService( 1104): Connection state has not changed: dont show the nag dialog and sticky DOWN already in place
D/NetMon.PingService( 1104): dispatchPendingIntents(internet = DOWN)
D/NetMon.PingTask( 1104): pingRequest(): started...
E/NetMon.PingTask( 1104): pingRequest(): error, timeout on hostname lookup after waiting 2ms, internet is DOWN
D/NetMon.PingService( 1104): pingResultProcessing(): internet is DOWN
W/NetMon.NetworkMonitor( 1104): The Internet connection state is DISCONNECTED
D/NetMon.PingService( 1104): removePingRequestFromQueue(): Queue now has 0 requests
D/NetMon.PingService( 1104): addPingRequestToQueue(): sending a ping request in 1000ms. Queue now has 1 requests
D/NetMon.PingService( 1104): pingResultProcessing(): internet is DOWN, continual retry ping request mode. Next ping in 1000ms
D/NetMon.PingService( 1104): sendBroadcasts(internet = DOWN)
D/NetMon.PingService( 1104): Connection state has not changed: dont show the nag dialog and sticky DOWN already in place
D/NetMon.PingService( 1104): dispatchPendingIntents(internet = DOWN)
D/NetMon.PingTask( 1104): pingRequest(): started...
E/NetMon.PingTask( 1104): pingRequest(): error, timeout on hostname lookup after waiting 1ms, internet is DOWN
D/NetMon.PingService( 1104): pingResultProcessing(): internet is DOWN
W/NetMon.NetworkMonitor( 1104): The Internet connection state is DISCONNECTED
D/NetMon.PingService( 1104): removePingRequestFromQueue(): Queue now has 0 requests
D/NetMon.PingService( 1104): addPingRequestToQueue(): sending a ping request in 1000ms. Queue now has 1 requests
D/NetMon.PingService( 1104): pingResultProcessing(): internet is DOWN, continual retry ping request mode. Next ping in 1000ms
D/NetMon.PingService( 1104): sendBroadcasts(internet = DOWN)
D/NetMon.PingService( 1104): Connection state has not changed: dont show the nag dialog and sticky DOWN already in place
D/NetMon.PingService( 1104): dispatchPendingIntents(internet = DOWN)
D/NetMon.PingTask( 1104): pingRequest(): started...
E/NetMon.PingTask( 1104): pingRequest(): error, timeout on hostname lookup after waiting 2ms, internet is DOWN
D/NetMon.PingService( 1104): pingResultProcessing(): internet is DOWN
W/NetMon.NetworkMonitor( 1104): The Internet connection state is DISCONNECTED
D/NetMon.PingService( 1104): removePingRequestFromQueue(): Queue now has 0 requests
D/NetMon.PingService( 1104): addPingRequestToQueue(): sending a ping request in 1000ms. Queue now has 1 requests
D/NetMon.PingService( 1104): pingResultProcessing(): internet is DOWN, continual retry ping request mode. Next ping in 1000ms
D/NetMon.PingService( 1104): sendBroadcasts(internet = DOWN)
D/NetMon.PingService( 1104): Connection state has not changed: dont show the nag dialog and sticky DOWN already in place
D/NetMon.PingService( 1104): dispatchPendingIntents(internet = DOWN)
D/NetMon.PingTask( 1104): pingRequest(): started...
E/NetMon.PingTask( 1104): pingRequest(): error, timeout on hostname lookup after waiting 1ms, internet is DOWN
D/NetMon.PingService( 1104): pingResultProcessing(): internet is DOWN
W/NetMon.NetworkMonitor( 1104): The Internet connection state is DISCONNECTED
D/NetMon.PingService( 1104): removePingRequestFromQueue(): Queue now has 0 requests
D/NetMon.PingService( 1104): addPingRequestToQueue(): sending a ping request in 1000ms. Queue now has 1 requests
D/NetMon.PingService( 1104): pingResultProcessing(): internet is DOWN, continual retry ping request mode. Next ping in 1000ms
D/NetMon.PingService( 1104): sendBroadcasts(internet = DOWN)
D/NetMon.PingService( 1104): Connection state has not changed: dont show the nag dialog and sticky DOWN already in place
D/NetMon.PingService( 1104): dispatchPendingIntents(internet = DOWN)
D/NetMon.PingTask( 1104): pingRequest(): started...
E/NetMon.PingTask( 1104): pingRequest(): error, timeout on hostname lookup after waiting 1ms, internet is DOWN
D/NetMon.PingService( 1104): pingResultProcessing(): internet is DOWN
W/NetMon.NetworkMonitor( 1104): The Internet connection state is DISCONNECTED
D/NetMon.PingService( 1104): removePingRequestFromQueue(): Queue now has 0 requests
D/NetMon.PingService( 1104): addPingRequestToQueue(): sending a ping request in 1000ms. Queue now has 1 requests
D/NetMon.PingService( 1104): pingResultProcessing(): internet is DOWN, continual retry ping request mode. Next ping in 1000ms
D/NetMon.PingService( 1104): sendBroadcasts(internet = DOWN)
D/NetMon.PingService( 1104): Connection state has not changed: dont show the nag dialog and sticky DOWN already in place
D/NetMon.PingService( 1104): dispatchPendingIntents(internet = DOWN)
D/NetMon.PingTask( 1104): pingRequest(): started...
E/NetMon.PingTask( 1104): pingRequest(): error, timeout on hostname lookup after waiting 1ms, internet is DOWN
D/NetMon.PingService( 1104): pingResultProcessing(): internet is DOWN
W/NetMon.NetworkMonitor( 1104): The Internet connection state is DISCONNECTED
D/NetMon.PingService( 1104): removePingRequestFromQueue(): Queue now has 0 requests
D/NetMon.PingService( 1104): addPingRequestToQueue(): sending a ping request in 1000ms. Queue now has 1 requests
D/NetMon.PingService( 1104): pingResultProcessing(): internet is DOWN, continual retry ping request mode. Next ping in 1000ms
D/NetMon.PingService( 1104): sendBroadcasts(internet = DOWN)
D/NetMon.PingService( 1104): Connection state has not changed: dont show the nag dialog and sticky DOWN already in place
D/NetMon.PingService( 1104): dispatchPendingIntents(internet = DOWN)
I/wpa_supplicant( 1386): hostapd_logger: STA 74:75:48:be:de:f8 - associated
I/wpa_supplicant( 1386): hostapd_logger: STA 74:75:48:be:de:f8 - event 1 notification
I/wpa_supplicant( 1386): hostapd_logger: STA 74:75:48:be:de:f8 - start authentication
I/wpa_supplicant( 1386): hostapd_logger: STA 74:75:48:be:de:f8 - sending 1/4 msg of 4-Way Handshake
I/wpa_supplicant( 1386): P2P-DEVICE-FOUND 27fff04ee5d4f10f7 p2p_dev_addr=27fff04ee5d4f10f7 pri_dev_type=2-0050F204-2 name='1e3620250b119a062faa19c4ccf717f9' config_methods=0x480 dev_capab=0x20 group_capab=0x0
I/wpa_supplicant( 1386): hostapd_logger: STA 74:75:48:be:de:f8 - received EAPOL-Key frame (2/4 Pairwise)
D/WifiP2pService(  991): sendPeersChangedBroadcast()
I/wpa_supplicant( 1386): hostapd_logger: STA 74:75:48:be:de:f8 - sending 3/4 msg of 4-Way Handshake
D/WifiControllerService(  991): WifiServiceRx android.net.wifi.p2p.PEERS_CHANGED
E/WifiControllerService(  991): Ignoring WIFI_P2P_PEERS_CHANGED_ACTION while not discovering
I/wpa_supplicant( 1386): hostapd_logger: STA 74:75:48:be:de:f8 - received EAPOL-Key frame (4/4 Pairwise)
I/wpa_supplicant( 1386): p2p-p2p0-0: AP-STA-CONNECTED 27fff04ee5d4f10f7 p2p_dev_addr=27fff04ee5d4f10f7
I/wpa_supplicant( 1386): AP-STA-CONNECTED 27fff04ee5d4f10f7 p2p_dev_addr=27fff04ee5d4f10f7
I/wpa_supplicant( 1386): hostapd_logger: STA 74:75:48:be:de:f8 - pairwise key handshake completed (RSN)
I/wpa_supplicant( 1386): hostapd_logger: STA 74:75:48:be:de:f8 - disassociated
I/wpa_supplicant( 1386): p2p-p2p0-0: Disassociation notification for 27fff04ee5d4f10f7
I/wpa_supplicant( 1386): p2p-p2p0-0: AP-STA-DISCONNECTED 27fff04ee5d4f10f7 p2p_dev_addr=27fff04ee5d4f10f7
I/wpa_supplicant( 1386): AP-STA-DISCONNECTED 27fff04ee5d4f10f7 p2p_dev_addr=27fff04ee5d4f10f7
I/wpa_supplicant( 1386): hostapd_logger: STA 74:75:48:be:de:f8 - event 2 notification
I/wpa_supplicant( 1386): No need for hostapd_drv_sta_remove
D/WifiP2pService(  991): GroupCreatedState mPeers.get(deviceAddress) != null
W/WifiP2pService(  991): startWhisperCastConnect, NOT a wifi display device.
D/WifiP2pService(  991): sendPeersChangedBroadcast()
D/WifiP2pService(  991): sendPeersChangedBroadcast()
I/LoggerMetricsFactoryImpl(  991): WifiP2pService:wifi-remote-connect-duration:duration=2296767.0;TI;1:NR
I/LoggerMetricsFactoryImpl(  991): WifiP2pService:wifi-remote-num-disconnects:disconnect=1.0;CT;1:NR
I/LoggerMetricsFactoryImpl(  991): WifiP2pService:wifi-remote-normal-disconnect:disconnect=1.0;CT;1:NR
D/WifiControllerService(  991): WifiServiceRx android.net.wifi.p2p.PEERS_CHANGED
E/WifiControllerService(  991): Ignoring WIFI_P2P_PEERS_CHANGED_ACTION while not discovering
D/WifiControllerService(  991): WifiServiceRx android.net.wifi.p2p.CONNECTION_STATE_CHANGE
D/WifiControllerService(  991): New Group: network: DIRECT-u2-FireTV_cc22
D/WifiControllerService(  991):  isGO: true
D/WifiControllerService(  991):  GO: Device: 
D/WifiControllerService(  991):  deviceAddress: 46:65:0d:9d:01:a9
D/WifiControllerService(  991):  deviceAddressEx: 
D/WifiControllerService(  991):  primary type: null
D/WifiControllerService(  991):  secondary type: null
D/WifiControllerService(  991):  wps: 0
D/WifiControllerService(  991):  grpcapab: 0
D/WifiControllerService(  991):  devcapab: 0
D/WifiControllerService(  991):  status: 4
D/WifiControllerService(  991):  deviceType: 0
D/WifiControllerService(  991):  wfdInfo: WFD enabled: false
D/WifiControllerService(  991):  WFD DeviceInfo: 0
D/WifiControllerService(  991):  WFD CtrlPort: 0
D/WifiControllerService(  991):  WFD MaxThroughput: 0
D/WifiControllerService(  991):  WFD Extended Capability: 0
D/WifiControllerService(  991):  deviceIP: null
D/WifiControllerService(  991):  interface: p2p-p2p0-0
D/WifiControllerService(  991):  networkId: 0
D/WifiControllerService(  991):  freq: 2437
I/WifiControllerService(  991): Group should be active because a device was once paired
D/WifiControllerService(  991): WifiServiceRx android.net.wifi.p2p.PEERS_CHANGED
E/WifiControllerService(  991): Ignoring WIFI_P2P_PEERS_CHANGED_ACTION while not discovering
I/wpa_supplicant( 1386): hostapd_logger: STA 74:75:48:be:de:f8 - associated
I/wpa_supplicant( 1386): hostapd_logger: STA 74:75:48:be:de:f8 - event 1 notification
I/wpa_supplicant( 1386): hostapd_logger: STA 74:75:48:be:de:f8 - start authentication
I/wpa_supplicant( 1386): hostapd_logger: STA 74:75:48:be:de:f8 - sending 1/4 msg of 4-Way Handshake
I/wpa_supplicant( 1386): hostapd_logger: STA 74:75:48:be:de:f8 - received EAPOL-Key frame (2/4 Pairwise)
I/wpa_supplicant( 1386): hostapd_logger: STA 74:75:48:be:de:f8 - sending 3/4 msg of 4-Way Handshake
I/wpa_supplicant( 1386): hostapd_logger: STA 74:75:48:be:de:f8 - received EAPOL-Key frame (4/4 Pairwise)
I/wpa_supplicant( 1386): p2p-p2p0-0: AP-STA-CONNECTED 27fff04ee5d4f10f7 p2p_dev_addr=27fff04ee5d4f10f7
I/wpa_supplicant( 1386): AP-STA-CONNECTED 27fff04ee5d4f10f7 p2p_dev_addr=27fff04ee5d4f10f7
I/wpa_supplicant( 1386): hostapd_logger: STA 74:75:48:be:de:f8 - pairwise key handshake completed (RSN)
D/WifiP2pService(  991): GroupCreatedState mPeers.get(deviceAddress) != null
W/WifiP2pService(  991): startWhisperCastConnect, NOT a wifi display device.
I/LoggerMetricsFactoryImpl(  991): WifiP2pService:wifi-remote-connect-success:success=1.0;CT;1:NR
D/WifiP2pService(  991): sendPeersChangedBroadcast()
I/LoggerMetricsFactoryImpl(  991): WifiP2pService:wifi-remote-connect-time:duration=47.0;TI;1:NR
D/WifiControllerService(  991): WifiServiceRx android.net.wifi.p2p.PEERS_CHANGED
E/WifiControllerService(  991): Ignoring WIFI_P2P_PEERS_CHANGED_ACTION while not discovering
D/WifiControllerService(  991): WifiServiceRx android.net.wifi.p2p.CONNECTION_STATE_CHANGE
D/WifiControllerService(  991): New Group: network: DIRECT-u2-FireTV_cc22
D/WifiControllerService(  991):  isGO: true
D/WifiControllerService(  991):  GO: Device: 
D/WifiControllerService(  991):  deviceAddress: 46:65:0d:9d:01:a9
D/WifiControllerService(  991):  deviceAddressEx: 
D/WifiControllerService(  991):  primary type: null
D/WifiControllerService(  991):  secondary type: null
D/WifiControllerService(  991):  wps: 0
D/WifiControllerService(  991):  grpcapab: 0
D/WifiControllerService(  991):  devcapab: 0
D/WifiControllerService(  991):  status: 4
D/WifiControllerService(  991):  deviceType: 0
D/WifiControllerService(  991):  wfdInfo: WFD enabled: false
D/WifiControllerService(  991):  WFD DeviceInfo: 0
D/WifiControllerService(  991):  WFD CtrlPort: 0
D/WifiControllerService(  991):  WFD MaxThroughput: 0
D/WifiControllerService(  991):  WFD Extended Capability: 0
D/WifiControllerService(  991):  deviceIP: null
D/WifiControllerService(  991):  Client: Device: Gelato P1                       
D/WifiControllerService(  991):  deviceAddress: 74:75:48:be:de:f8
D/WifiControllerService(  991):  deviceAddressEx: 74:75:48:be:de:f8
D/WifiControllerService(  991):  primary type: 2-0050F204-2
D/WifiControllerService(  991):  secondary type: null
D/WifiControllerService(  991):  wps: 1152
D/WifiControllerService(  991):  grpcapab: 0
D/WifiControllerService(  991):  devcapab: 32
D/WifiControllerService(  991):  status: 0
D/WifiControllerService(  991):  deviceType: 1
D/WifiControllerService(  991):  wfdInfo: null
D/WifiControllerService(  991):  deviceIP: null
D/WifiControllerService(  991):  interface: p2p-p2p0-0
D/WifiControllerService(  991):  networkId: 0
D/WifiControllerService(  991):  freq: 2437
D/WifiControllerService(  991): Bond state of [74:75:48:be:de:f8] now 0
W/art     (  170): PreZygoteFork called when we already have a zygote space.
I/ActivityManager(  991): Start proc 6983:com.amazon.device.controllermanager:WifiReceiver/u0a2 for broadcast com.amazon.device.controllermanager/.wifi.WifiReceiver
D/WifiControllerService(  991): Connection state of [74:75:48:be:de:f8] now 2
I/FireTvLedManagerService(  991): Device status changed: Intent { act=com.amazon.android.service.wifi.CONNECTION_STATUS flg=0x10 (has extras) }
I/FireTvLedManagerService(  991): WiFi device 'Gelato P1                       ' connection state changed to 2
I/NopLedManager(  991): NopLedManager inactivateState
I/WifiControllerService(  991): Group should be active because a device is paired and a device was once paired
D/NetMon.PingTask( 1104): pingRequest(): started...
E/NetMon.PingTask( 1104): pingRequest(): error, timeout on hostname lookup after waiting 2ms, internet is DOWN
D/NetMon.PingService( 1104): pingResultProcessing(): internet is DOWN
W/NetMon.NetworkMonitor( 1104): The Internet connection state is DISCONNECTED
D/NetMon.PingService( 1104): removePingRequestFromQueue(): Queue now has 0 requests
D/NetMon.PingService( 1104): addPingRequestToQueue(): sending a ping request in 1000ms. Queue now has 1 requests
D/NetMon.PingService( 1104): pingResultProcessing(): internet is DOWN, continual retry ping request mode. Next ping in 1000ms
D/NetMon.PingService( 1104): sendBroadcasts(internet = DOWN)
D/NetMon.PingService( 1104): Connection state has not changed: dont show the nag dialog and sticky DOWN already in place
D/NetMon.PingService( 1104): dispatchPendingIntents(internet = DOWN)
I/art     ( 6983): Turning on check_jni_no_abort for targetSdkVersion 17
D/ActivityManager( 6983): default service binder = android.os.BinderProxy@29786fe4
D/ActivityManager( 6983): default service = android.app.ActivityManagerProxy@8b74c4d
D/VendorDisplayManagerGlobalCallback( 6983): callGetInstance: nil
I/ContextImpl( 6983): com.amazon.client.metrics.api registered service at i = 70
D/ProfileManager( 6983): Create ProfileManager instance
W/art     (  170): PreZygoteFork called when we already have a zygote space.
I/ActivityManager(  991): Start proc 6999:com.amazon.device.controllermanager/u0a2 for service com.amazon.device.controllermanager/.wifi.WifiReceiverService
I/art     ( 6999): Turning on check_jni_no_abort for targetSdkVersion 17
D/ActivityManager( 6999): default service binder = android.os.BinderProxy@29786fe4
D/ActivityManager( 6999): default service = android.app.ActivityManagerProxy@8b74c4d
D/VendorDisplayManagerGlobalCallback( 6999): callGetInstance: nil
I/ContextImpl( 6999): com.amazon.client.metrics.api registered service at i = 70
D/ProfileManager( 6999): Create ProfileManager instance
D/DeviceDatabaseHelper( 6999): Initializing DB version: 6
W/AmazonGidPackageManagerCallback(  991): Launching com.amazon.device.bluetoothdfu (32048) with AMZ_APP_GID
W/art     (  170): PreZygoteFork called when we already have a zygote space.
I/ActivityManager(  991): Start proc 7015:com.amazon.device.bluetoothdfu/u0a22048 for broadcast com.amazon.device.bluetoothdfu/.api.VersionQueryReceiver
D/WifiReceiverService( 6999): WifiReceiverRx com.amazon.android.service.wifi.DEVICE_ONLINE
D/VendorDisplayManagerGlobalCallback( 7015): callGetInstance: nil
W/ResourcesManager( 7015): Asset path '/system/framework/android.amazon.res.jar' does not exist or contains no resources.
D/EventHub(  991): No input device configuration file found for device 'Amazon Fire TV Remote'.
I/EventHub(  991): New device: id=4, fd=214, path='/dev/input/event3', name='Amazon Fire TV Remote', classes=0x80000021, configuration='', keyLayout='/system/usr/keylayout/Vendor_1949_Product_0407.kl', keyCharacterMap='/system/usr/keychars/Generic.kcm', builtinKeyboard=false, wakeMechanism=EVIOCSSUSPENDBLOCK, usingClockIoctl=false
I/InputReader(  991): Device added: id=4, name='Amazon Fire TV Remote', sources=0x00000301
D/WifiControllerService(  991): Serial for 74:75:48:be:de:f8 is G0G0JA0554460LNK
W/ContextImpl(  991): Calling a method in the system process without a qualified user: android.app.ContextImpl.sendBroadcast:1425 com.android.server.input.InputManagerService.deliverInputDevicesChanged:742 com.android.server.input.InputManagerService.access$400:115 com.android.server.input.InputManagerService$InputManagerHandler.handleMessage:1734 android.os.Handler.dispatchMessage:102 
V/ActivityManager(  991): Display changed displayId=0
I/LoggerMetricsFactoryImpl( 6999): WifiReceiverService:wifi_device:device_name=Gelato P1                       ;DV;1,connected=true;DV;1:NR
D/WifiReceiverService( 6999): Connected to WiFi Device["Gelato P1                       " 74:75:48:be:de:f8 type:0x10 ver:null offline notifications: true not-synced] WifiP2pDevice["Gelato P1                       " 74:75:48:be:de:f8 primaryDeviceType:2-0050F204-2 secondaryDeviceType:null status:0]
D/ControllerProvider( 6999): << insert(vals: insert=insertInternal address=74:75:48:be:de:f8 name=Gelato P1                        serial=G0G0JA0554460LNK type=16)
D/ControllerProvider( 6999):    Uri content://com.amazon.device.controller.provider/device
D/ControllerProvider( 6999):    called from com.amazon.device.controllermanager.wifi.WifiReceiverService.handleDeviceConnected(WifiReceiverService.java:244)
D/ControllerProvider( 6999):    called from com.amazon.device.controllermanager.wifi.WifiReceiverService.onHandleIntent(WifiReceiverService.java:122)
D/ControllerProvider( 6999):    called from android.app.IntentService$ServiceHandler.handleMessage(IntentService.java:65)
D/ControllerProvider( 6999):    called from android.os.Handler.dispatchMessage(Handler.java:102)
D/ControllerProvider( 6999): >> called from android.os.Looper.loop(Looper.java:135)
D/ControllerProvider( 6999): Reconciling devices with framework
D/BluetoothManagerService(  991): Message: 20
D/BluetoothManagerService(  991): Added callback: android.bluetooth.IBluetoothManagerCallback$Stub$Proxy@1916d4c:true
D/DeviceDatabaseHelper( 6999): Getting all devices
D/ControllerProvider( 6999): Skipping device from DB: Device["<Masked User Device Name>" 7D5C896BD2B3DDFE type:0x4 ver:1.0.10.02 offline notifications: true not-synced]
D/ControllerProvider( 6999): Skipping device from DB: Device["<Masked User Device Name>" c8c989efdb5048f0 type:0x4 ver:1.0.10.02 offline notifications: true not-synced]
D/ControllerProvider( 6999): Paired with device I didn't know about: Device["Gelato P1                       " 74:75:48:be:de:f8 type:0x10 ver:null offline notifications: true not-synced] WifiP2pDevice["Gelato P1                       " 74:75:48:be:de:f8 primaryDeviceType:2-0050F204-2 secondaryDeviceType:null status:0]
D/ControllerProvider( 6999): Adding Device["Gelato P1                       " 74:75:48:be:de:f8 type:0x10 ver:null offline notifications: true not-synced] WifiP2pDevice["Gelato P1                       " 74:75:48:be:de:f8 primaryDeviceType:2-0050F204-2 secondaryDeviceType:null status:0]
E/ControllerProvider( 6999): addPairedDevice: already in DB: Device["Gelato P1                       " 74:75:48:be:de:f8 type:0x10 ver:null offline notifications: true not-synced]
D/ControllerProvider( 6999): << update(null vals: name=Gelato P1                        address=74:75:48:be:de:f8 versionSynced=false showLowBatteryNotification=true online=true)
D/ControllerProvider( 6999):    Uri content://com.amazon.device.controller.provider/device
D/ControllerProvider( 6999):    called from com.amazon.device.controllermanager.Utility.updateOnlineState(Utility.java:173)
D/ControllerProvider( 6999):    called from com.amazon.device.controllermanager.wifi.WifiUtility.updateOnlineState(WifiUtility.java:41)
D/ControllerProvider( 6999):    called from com.amazon.device.controllermanager.wifi.WifiReceiverService.handleDeviceConnected(WifiReceiverService.java:272)
D/ControllerProvider( 6999):    called from com.amazon.device.controllermanager.wifi.WifiReceiverService.onHandleIntent(WifiReceiverService.java:122)
D/ControllerProvider( 6999): >> called from android.app.IntentService$ServiceHandler.handleMessage(IntentService.java:65)
E/WifiStateMachine(  991): WifiP2P received com.amazon.device.controllermanager.DEVICE_ONLINE
D/Utility ( 6999): Querying device for version: Device["Gelato P1                       " 74:75:48:be:de:f8 type:0x10 ver:null online notifications: true not-synced] WifiP2pDevice["Gelato P1                       " 74:75:48:be:de:f8 primaryDeviceType:2-0050F204-2 secondaryDeviceType:null status:0]
I/ControllerProvider( 6999): versionQueried set to true
D/UsbHostManager(  991): Added device UsbDevice[mName=/dev/bus/usb/004/002,mVendorId=6473,mProductId=1031,mClass=0,mSubclass=0,mProtocol=0,mManufacturerName=Amazon,mProductName=Fire TV Remote,mSerialNumber=G0G0JA0554460LNK,mConfigurations=[
D/UsbHostManager(  991): UsbConfiguration[mId=1,mName=Normal,mAttributes=64,mMaxPower=0,mInterfaces=[
D/UsbHostManager(  991): UsbInterface[mId=0,mAlternateSetting=0,mName=Keyboard,mClass=3,mSubclass=0,mProtocol=1,mEndpoints=[
D/UsbHostManager(  991): UsbEndpoint[mAddress=129,mAttributes=3,mMaxPacketSize=32,mInterval=10]]
D/UsbHostManager(  991): UsbInterface[mId=1,mAlternateSetting=0,mName=Headset,mClass=1,mSubclass=1,mProtocol=0,mEndpoints=[]
D/UsbHostManager(  991): UsbInterface[mId=2,mAlternateSetting=0,mName=Headset,mClass=1,mSubclass=2,mProtocol=0,mEndpoints=[]
D/UsbHostManager(  991): UsbInterface[mId=2,mAlternateSetting=1,mName=Headset,mClass=1,mSubclass=2,mProtocol=0,mEndpoints=[
D/UsbHostManager(  991): UsbEndpoint[mAddress=131,mAttributes=1,mMaxPacketSize=38,mInterval=1]]]]
W/ContextImpl(  991): Calling a method in the system process without a qualified user: android.app.ContextImpl.sendBroadcast:1411 com.android.server.usb.UsbSettingsManager.deviceAttached:741 com.android.server.usb.UsbHostManager.endUsbDeviceAdded:224 com.android.server.usb.UsbHostManager.monitorUsbHostBus:-2 com.android.server.usb.UsbHostManager.access$000:42 
W/AlsaCardsParser(  991): Card 0 : serial file not found
W/AlsaCardsParser(  991): Card 0 : serial file not found
D/UsbAudioUtil(  991): found sound card 1
D/WifiControllerService(  991): Got new battery level for 74:75:48:be:de:f8 : 67
D/FireTVKeyPolicyManager(  991): Service is bound
I/PowerManagerService(  991): Waking up from sleep (uid 1000)...
I/FireTVScreenTimeoutCallback(  991): screenOn called
I/FireTvLedManagerService(  991): LED is set to indicate out of standby.
I/NopLedManager(  991): NopLedManager inactivateState
W/MouseModeService(  991): Switched to same activity:com.amazon.kindle.gui.MainActivity
D/BuellerDeviceService( 1104): onBind() called from com.amazon.bueller.notification, messenger=android.os.Messenger@9abb7f3
D/NetMon.PingTask( 1104): pingRequest(): started...
E/NetMon.PingTask( 1104): pingRequest(): error, timeout on hostname lookup after waiting 2ms, internet is DOWN
D/NetMon.PingService( 1104): pingResultProcessing(): internet is DOWN
W/NetMon.NetworkMonitor( 1104): The Internet connection state is DISCONNECTED
D/NetMon.PingService( 1104): removePingRequestFromQueue(): Queue now has 0 requests
D/NetMon.PingService( 1104): addPingRequestToQueue(): sending a ping request in 1000ms. Queue now has 1 requests
D/NetMon.PingService( 1104): pingResultProcessing(): internet is DOWN, continual retry ping request mode. Next ping in 1000ms
D/NetMon.PingService( 1104): sendBroadcasts(internet = DOWN)
D/NetMon.PingService( 1104): Connection state has not changed: dont show the nag dialog and sticky DOWN already in place
D/NetMon.PingService( 1104): dispatchPendingIntents(internet = DOWN)
W/ProcessCpuTracker(  991): Skipping unknown process pid 7037
W/ProcessCpuTracker(  991): Skipping unknown process pid 7039
D/com.amazon.kindle.gui.MainActivity( 2726): Set locale again in onResume
D/com.amazon.kindle.gui.MainActivity( 2726): Update Time to 1970-01-01_19-38-17-997
D/com.amazon.kindle.gui.MainActivity( 2726): Update Time started
D/com.amazon.kindle.gui.MainActivity( 2726): Reloading Order.
I/DisplayPowerController(  991): Blocking screen on until initial contents have been drawn.
I/CECAPILibraryJni(  991): CECAPILibrary_doOneTouchPlay h haa haa view 4.
I/LoggerMetricsFactoryImpl(  991): record : No valid data points in metrics event. Program: PhoneWindowManager Soruce: ActivityChanged
I/LoggerMetricsFactoryImpl(  991): ScreenTime:updateLRUListLocked:page-type=KindleFramework;CK;1,hitType=deviceAction;CK;1,team-name=KindleFramework;CK;1,site_variant=KindleApplication;CK;1,page-action=fgStart;CK;1,sub-page-type=com.amazon.kindle;CK;1,RequestId=1B359E0A64B4074BC235;DV;1:NA
I/Vlog    (  991): ScreenTime:VitalsSignal:fgtracking=false;DV;1,key=screenState;DV;1,Counter=2298087.0;CT;1,unit=on;DV;1:HI
I/LoggerMetricsFactoryImpl(  991): ScreenTime:updateLRUListLocked:page-type=KindleFramework;CK;1,hitType=deviceAction;CK;1,team-name=KindleFramework;CK;1,site_variant=KindleApplication;CK;1,page-action=scrnOn;CK;1,sub-page-type=com.amazon.kindle;CK;1,RequestId=53943D50482498B9CE4C;DV;1:NA
I/CEC     (  991): CECReqAndWait: polling done
I/CECAPILibraryJni(  991): jint CECAPILibrary_doOneTouchPlay(JNIEnv*, jobject, jint): CEC_Send call
I/CEC     (  991): CEC_Send: Msg->opcode=0x4
D/SurfaceFlinger(  144): Set power mode=2, type=0 flinger=0x4176a5a8
D/brcm-tv-svc(  161): [listenerUser]: listenerUser(1) 0x401152c8, tid 967, calling tid 144
I/brcm-tv-hlp(  161): [HandleTVMsg]: processing message: TVMSG_BLANK_STATE, 0
D/brcm-tv-svc(  161): [notifyListeners]: mNotificationListeners (3 clients)
D/audio_hw_hdmi(  160): [notify]: notify received: msg=2, ext1=433, ext2=0
I/brcm-tv-hlp(  161): setResolution()[vendor/broadcom/capri/videocore/android/tvservice/binder/TVHelper.cpp,2780]: 0x1 mode 0x10
I/CEC     (  991): CECReqAndWait: polling done
I/DisplayManagerService(  991): Display device changed: DisplayDeviceInfo{"Built-in Screen": uniqueId="local:0", 1920 x 1080, 59.999996 fps, supportedRefreshRates [59.999996], density 320, 48.26 x 48.26 dpi, appVsyncOff 0, presDeadline 17666668, touch INTERNAL, rotation 0, type BUILT_IN, state ON, FLAG_DEFAULT_DISPLAY, FLAG_SECURE, FLAG_SUPPORTS_PROTECTED_BUFFERS}
I/CECAPILibraryJni(  991): jint CECAPILibrary_doOneTouchPlay(JNIEnv*, jobject, jint): CEC_Send call
I/AmazonHdmiService(  991): cec.init oneTouchPlay: successful
I/CEC     (  991): CEC_Send: Msg->opcode=0x82
I/CEC     (  991): CECReqAndWait: polling done
I/CECAPILibraryJava(  991): doOneTouchPlay: 0
D/brcm-tv-hlp(  161): [setResolution]: requested resolution (group CEA code 16) - already used, skip.
I/audio_hw_hdmi(  160): adev_query_capabilities: Multi-channel PCM not supported ret=0x2
W/brcm-hwc(  144): get_external_attributes: primary display m_size_in_context 1920x1080
I/audio_hw_hdmi(  160): adev_query_capabilities: Device supports DD/AC3 ret=0x0
I/audio_hw_hdmi(  160): adev_query_capabilities: Device does not support DDP/eAC3 ret=0x1
D/audio_hw_hdmi(  160): [notify]: enabling audio over hdmi capability...
D/ComposerSupport(  991): started ComposerSupport::notifyClients(1075) threadId 112
D/ComposerSupport(  991): ComposerSupport::notifyClients(1075) in clients mutex threadId 112
D/FireTVKeyPolicyManager(  991): Service com.amazon.bueller.notification/com.amazon.bueller.notification.BuellerDeviceService successfully connected
D/BuellerDeviceService( 1104): Received message MSG_REGISTER_CLIENT
V/ActivityManager(  991): Display changed displayId=0
I/art     (  991): Background sticky concurrent mark sweep GC freed 27743(1600KB) AllocSpace objects, 5(80KB) LOS objects, 11% free, 13MB/15MB, paused 2.019ms total 188.712ms
D/ControllerProvider( 6999): Got Firmware:
D/ControllerProvider( 6999): Inigo Version: 165
D/ControllerProvider( 6999): Hurley Version: 352
D/ControllerProvider( 6999): Nefario Version: 427
D/ControllerProvider( 6999): Gelato Version: 217
D/ControllerProvider( 6999): Thunder Version: 0
E/CECDAEMON(  168): HandleTxResponse: Transmit failed for opcode 4 <Image View On> to follower 0, reason: 1
D/RemoteBatteryLevelReceiver( 6999): Battery Level Update for 74:75:48:be:de:f8: 67
D/ControllerProvider( 6999): << query(74:75:48:be:de:f8)
D/ControllerProvider( 6999):    Uri content://com.amazon.device.controller.provider/device
D/ControllerProvider( 6999):    called from android.content.ContentResolver.query(ContentResolver.java:478)
D/ControllerProvider( 6999):    called from android.content.ContentResolver.query(ContentResolver.java:422)
D/ControllerProvider( 6999):    called from com.amazon.device.controllermanager.RemoteBatteryLevelReceiver.showWarningIfNecessary(RemoteBatteryLevelReceiver.java:119)
D/ControllerProvider( 6999):    called from com.amazon.device.controllermanager.RemoteBatteryLevelReceiver.onReceive(RemoteBatteryLevelReceiver.java:60)
I/Vlog    ( 1302): PfxPrecog:WarmvCold:fgtracking=false;DV;1,key=warm;DV;1,Counter=1.000000;CT;1,unit=null;DV;1,metadata=version%231%7Cmode%23active%7Cpkg%23com.amazon.kindle%7C;DV;1:HI
I/Vlog    ( 1302): PfxPrecog:AppTransition:fgtracking=false;DV;1,key=AppTransition;DV;1,Counter=0.000000;CT;1,unit=null;DV;1,metadata=version%231%7Cprevious_package%23com.amazon.kindle%7Cnew_package%23com.amazon.kindle%7C;DV;1:HI
D/ControllerProvider( 6999): >> called from android.app.ActivityThread.handleReceiver(ActivityThread.java:2662)
W/Device  ( 6999): isUpdatable() got invalid image versions
E/WifiStateMachine(  991): cancelDelayedScan -> 136
E/native  (  991): do suspend false
W/audio_hw_hdmi(  160): [adev_set_parameters] kvpairs=screen_state=on
W/System.err(  991): java.lang.IllegalArgumentException
W/SchedPolicy(  991): add_tid_to_cgroup failed to write '7012' (Invalid argument); policy=0
W/ActivityManager(  991): Failed setting process group of 6999 to 0
D/ControllerProvider( 6999): << query()
D/ControllerProvider( 6999):    Uri content://com.amazon.device.controller.provider/device
D/ControllerProvider( 6999): >> remote call from com.amazon.device.bluetoothdfu
D/ControllerProvider( 6999): Paired devices:
V/KeyguardServiceDelegate(  991): onScreenTurnedOn:(mKeyguardState.systemIsReady = true)
W/KeyguardServiceDelegate(  991): onScreenTurnedOn(): no keyguard service!
D/ControllerProvider( 6999):   Device["Gelato P1                       " 74:75:48:be:de:f8 type:0x10 ver:null online notifications: true not-synced] WifiP2pDevice["Gelato P1                       " 74:75:48:be:de:f8 primaryDeviceType:2-0050F204-2 secondaryDeviceType:null status:0]
W/Device  ( 6999): isUpdatable() got invalid image versions
W/System.err(  991): 	at android.os.Process.setProcessGroup(Native Method)
W/System.err(  991): 	at com.android.server.am.ActivityManagerService.applyOomAdjLocked(ActivityManagerService.java:19114)
W/System.err(  991): 	at com.android.server.am.ActivityManagerService.updateOomAdjLocked(ActivityManagerService.java:19499)
W/System.err(  991): 	at com.android.server.am.ActiveServices.realStartServiceLocked(ActiveServices.java:1532)
W/System.err(  991): 	at com.android.server.am.ActiveServices.bringUpServiceLocked(ActiveServices.java:1445)
W/System.err(  991): 	at com.android.server.am.ActiveServices.startServiceInnerLocked(ActiveServices.java:445)
W/System.err(  991): 	at com.android.server.am.ActiveServices.startServiceLocked(ActiveServices.java:432)
W/System.err(  991): 	at com.android.server.am.ActivityManagerService.startService(ActivityManagerService.java:16142)
W/System.err(  991): 	at android.app.ActivityManagerNative.onTransact(ActivityManagerNative.java:901)
W/System.err(  991): 	at com.android.server.am.ActivityManagerService.onTransact(ActivityManagerService.java:2411)
W/System.err(  991): 	at android.os.Binder.execTransact(Binder.java:446)
D/BluetoothReceiverService( 6999): BluetoothReceiverRx com.amazon.device.controllermanager.bluetooth.UPDATE_DEVICE
D/ControllerProvider( 6999): << update(updateDontAdd vals: address=74:75:48:be:de:f8 battery=67)
D/ControllerProvider( 6999):    Uri content://com.amazon.device.controller.provider/device
D/ControllerProvider( 6999):    called from com.amazon.device.controllermanager.bluetooth.BluetoothReceiverService.onHandleIntent(BluetoothReceiverService.java:96)
D/ControllerProvider( 6999):    called from android.app.IntentService$ServiceHandler.handleMessage(IntentService.java:65)
D/ControllerProvider( 6999):    called from android.os.Handler.dispatchMessage(Handler.java:102)
D/ControllerProvider( 6999):    called from android.os.Looper.loop(Looper.java:135)
D/ControllerProvider( 6999): >> called from android.os.HandlerThread.run(HandlerThread.java:61)
I/FireTvStickTemperatureObserver(  991): SCREEN ON
I/LoggerMetricsFactoryImpl(  991): ThermalEvent:tempstat:soc_ts0_time_screen_off_wifi=1057008.0;CT;1:NR
I/Vlog    (  991): Fluidity:warm_launch_time:fgtracking=false;DV;1,key=com.amazon.kindle/.gui.MainActivity;DV;1,Timer=519.0;TI;1,unit=ms;DV;1:HI
I/ActivityManager(  991): Displayed com.amazon.kindle/.gui.MainActivity: +519ms
I/DisplayPowerController(  991): Unblocked screen on after 362 ms
E/libEGL  (  991): call to OpenGL ES API with no current context (logged once per thread)
D/WifiControllerService(  991): WifiServiceRx android.intent.action.SCREEN_ON
W/ContextImpl(  991): Calling a method in the system process without a qualified user: android.app.ContextImpl.startService:1776 com.amazon.android.service.wifi.WifiControllerService$Receiver.onReceive:733 android.app.LoadedApk$ReceiverDispatcher$Args.run:902 android.os.Handler.handleCallback:739 android.os.Handler.dispatchMessage:95 
D/RadioPowerPolicy(  991): Screen turning on
I/RadioPowerPolicy(  991): Enabling mobile radio only if user preference is enabled(enabled) and airplane mode state is off(off)
D/ControllerProvider( 6999): << query()
D/ControllerProvider( 6999):    Uri content://com.amazon.device.controller.provider/device/update
D/ControllerProvider( 6999):    called from android.content.ContentResolver.query(ContentResolver.java:478)
D/ControllerProvider( 6999):    called from android.content.ContentResolver.query(ContentResolver.java:422)
D/ControllerProvider( 6999):    called from com.amazon.device.controllermanager.Utility.getUpdatableDevices(Utility.java:90)
D/ControllerProvider( 6999):    called from com.amazon.device.controllermanager.SilentDFUService.onHandleIntent(SilentDFUService.java:24)
D/ControllerProvider( 6999): >> called from android.app.IntentService$ServiceHandler.handleMessage(IntentService.java:65)
W/Device  ( 6999): isUpdatable() got invalid image versions
D/SilentDFUService( 6999): Updatable devices:
I/RadioPowerPolicy(  991): TELEPHONY_SERVICE is not ready
D/BluetoothManagerService(  991): Message: 30
D/BluetoothInputDevice( 6999): Proxy object connected
I/Vlog    (  991): activity_manager_service:sample_pss:fgtracking=false;DV;1,key=com.amazon.kindle;DV;1,Counter=13524.0;CT;1,unit=kB;DV;1,metadata=com.amazon.kindle/T ;DV;1:HI
I/Vlog    (  991): activity_manager_service:sample_uss:fgtracking=false;DV;1,key=com.amazon.kindle;DV;1,Counter=10548.0;CT;1,unit=kB;DV;1,metadata=com.amazon.kindle/T ;DV;1:HI
D/BluetoothManagerService(  991): Message: 31
D/SilentDFUService( 6999): Awake devices:
D/SilentDFUService( 6999): Device["Gelato P1                       " 74:75:48:be:de:f8 type:0x10 ver:null offline notifications: true not-synced] WifiP2pDevice["Gelato P1                       " 74:75:48:be:de:f8 primaryDeviceType:2-0050F204-2 secondaryDeviceType:null status:0]
D/ControllerProvider( 6999): << update(updateDontAdd vals: showLowBatteryNotification=true)
D/ControllerProvider( 6999):    Uri content://com.amazon.device.controller.provider/device
D/ControllerProvider( 6999):    called from com.amazon.device.controllermanager.SilentDFUService.onHandleIntent(SilentDFUService.java:45)
D/ControllerProvider( 6999):    called from android.app.IntentService$ServiceHandler.handleMessage(IntentService.java:65)
D/ControllerProvider( 6999):    called from android.os.Handler.dispatchMessage(Handler.java:102)
D/ControllerProvider( 6999):    called from android.os.Looper.loop(Looper.java:135)
D/ControllerProvider( 6999): >> called from android.os.HandlerThread.run(HandlerThread.java:61)
I/Vlog    (  991): activity_manager_service:sample_pss:fgtracking=false;DV;1,key=com.amazon.client.metrics;DV;1,Counter=6250.0;CT;1,unit=kB;DV;1,metadata=com.amazon.client.metrics/IF;DV;1:HI
I/Vlog    (  991): activity_manager_service:sample_uss:fgtracking=false;DV;1,key=com.amazon.client.metrics;DV;1,Counter=4916.0;CT;1,unit=kB;DV;1,metadata=com.amazon.client.metrics/IF;DV;1:HI
I/Vlog    (  991): activity_manager_service:sample_pss:fgtracking=false;DV;1,key=com.amazon.venezia;DV;1,Counter=17725.0;CT;1,unit=kB;DV;1,metadata=com.amazon.venezia/S ;DV;1:HI
I/Vlog    (  991): activity_manager_service:sample_uss:fgtracking=false;DV;1,key=com.amazon.venezia;DV;1,Counter=15788.0;CT;1,unit=kB;DV;1,metadata=com.amazon.venezia/S ;DV;1:HI
D/ControllerProvider( 6999): << query(74:75:48:be:de:f8)
D/ControllerProvider( 6999):    Uri content://com.amazon.device.controller.provider/device
D/ControllerProvider( 6999):    called from android.content.ContentResolver.query(ContentResolver.java:478)
D/ControllerProvider( 6999):    called from android.content.ContentResolver.query(ContentResolver.java:422)
D/ControllerProvider( 6999):    called from com.amazon.device.controllermanager.RemoteBatteryLevelReceiver.showWarningIfNecessary(RemoteBatteryLevelReceiver.java:119)
D/ControllerProvider( 6999):    called from com.amazon.device.controllermanager.RemoteBatteryLevelReceiver.showWarningIfNecessary(RemoteBatteryLevelReceiver.java:104)
D/ControllerProvider( 6999): >> called from com.amazon.device.controllermanager.SilentDFUService.onHandleIntent(SilentDFUService.java:49)
W/Device  ( 6999): isUpdatable() got invalid image versions
D/RemoteBatteryLevelReceiver( 6999): Cached battery level for 74:75:48:be:de:f8: 67
D/SilentDFUService( 6999): Silent DFU candidates:
I/SilentDFUService( 6999): No connected devices to update
I/Vlog    (  991): activity_manager_service:sample_pss:fgtracking=false;DV;1,key=com.amazon.kso.blackbird;DV;1,Counter=5052.0;CT;1,unit=kB;DV;1,metadata=com.amazon.kso.blackbird%3ABlackbirdServiceProcess/S ;DV;1:HI
I/Vlog    (  991): activity_manager_service:sample_uss:fgtracking=false;DV;1,key=com.amazon.kso.blackbird;DV;1,Counter=3800.0;CT;1,unit=kB;DV;1,metadata=com.amazon.kso.blackbird%3ABlackbirdServiceProcess/S ;DV;1:HI
I/Vlog    (  991): activity_manager_service:sample_pss:fgtracking=false;DV;1,key=com.amazon.tv.launcher;DV;1,Counter=7360.0;CT;1,unit=kB;DV;1,metadata=com.amazon.tv.launcher%3AMediaBrowseServiceProcess/HW;DV;1:HI
I/Vlog    (  991): activity_manager_service:sample_uss:fgtracking=false;DV;1,key=com.amazon.tv.launcher;DV;1,Counter=5984.0;CT;1,unit=kB;DV;1,metadata=com.amazon.tv.launcher%3AMediaBrowseServiceProcess/HW;DV;1:HI
I/Vlog    (  991): activity_manager_service:sample_pss:fgtracking=false;DV;1,key=com.amazon.sync.service;DV;1,Counter=3483.0;CT;1,unit=kB;DV;1,metadata=com.amazon.sync.service/CE;DV;1:HI
I/Vlog    (  991): activity_manager_service:sample_uss:fgtracking=false;DV;1,key=com.amazon.sync.service;DV;1,Counter=2340.0;CT;1,unit=kB;DV;1,metadata=com.amazon.sync.service/CE;DV;1:HI
I/Vlog    (  991): activity_manager_service:sample_pss:fgtracking=false;DV;1,key=com.android.providers.downloads;DV;1,Counter=4529.0;CT;1,unit=kB;DV;1,metadata=com.android.providers.downloads/CE;DV;1:HI
I/Vlog    (  991): activity_manager_service:sample_uss:fgtracking=false;DV;1,key=com.android.providers.downloads;DV;1,Counter=3384.0;CT;1,unit=kB;DV;1,metadata=com.android.providers.downloads/CE;DV;1:HI
I/Vlog    (  991): activity_manager_service:sample_pss:fgtracking=false;DV;1,key=com.amazon.kindle.cms;DV;1,Counter=12678.0;CT;1,unit=kB;DV;1,metadata=com.amazon.kindle.cms/CE;DV;1:HI
I/Vlog    (  991): activity_manager_service:sample_uss:fgtracking=false;DV;1,key=com.amazon.kindle.cms;DV;1,Counter=10668.0;CT;1,unit=kB;DV;1,metadata=com.amazon.kindle.cms/CE;DV;1:HI
I/Vlog    (  991): activity_manager_service:sample_pss:fgtracking=false;DV;1,key=com.amazon.bueller.photos;DV;1,Counter=6942.0;CT;1,unit=kB;DV;1,metadata=com.amazon.bueller.photos%3Acore/CE;DV;1:HI
I/Vlog    (  991): activity_manager_service:sample_uss:fgtracking=false;DV;1,key=com.amazon.bueller.photos;DV;1,Counter=4428.0;CT;1,unit=kB;DV;1,metadata=com.amazon.bueller.photos%3Acore/CE;DV;1:HI
I/Vlog    (  991): activity_manager_service:sample_pss:fgtracking=false;DV;1,key=com.amazon.bueller.photos;DV;1,Counter=13866.0;CT;1,unit=kB;DV;1,metadata=com.amazon.bueller.photos/CE;DV;1:HI
I/Vlog    (  991): activity_manager_service:sample_uss:fgtracking=false;DV;1,key=com.amazon.bueller.photos;DV;1,Counter=9860.0;CT;1,unit=kB;DV;1,metadata=com.amazon.bueller.photos/CE;DV;1:HI
I/Vlog    (  991): activity_manager_service:sample_pss:fgtracking=false;DV;1,key=com.android.providers.media;DV;1,Counter=4288.0;CT;1,unit=kB;DV;1,metadata=android.process.media/CE;DV;1:HI
I/Vlog    (  991): activity_manager_service:sample_uss:fgtracking=false;DV;1,key=com.android.providers.media;DV;1,Counter=3204.0;CT;1,unit=kB;DV;1,metadata=android.process.media/CE;DV;1:HI
D/NetMon.PingTask( 1104): pingRequest(): started...
I/Vlog    (  991): activity_manager_service:sample_pss:fgtracking=false;DV;1,key=com.android.bluetooth;DV;1,Counter=8048.0;CT;1,unit=kB;DV;1,metadata=com.android.bluetooth/IF;DV;1:HI
E/NetMon.PingTask( 1104): pingRequest(): error, timeout on hostname lookup after waiting 1ms, internet is DOWN
I/Vlog    (  991): activity_manager_service:sample_uss:fgtracking=false;DV;1,key=com.android.bluetooth;DV;1,Counter=6888.0;CT;1,unit=kB;DV;1,metadata=com.android.bluetooth/IF;DV;1:HI
D/NetMon.PingService( 1104): pingResultProcessing(): internet is DOWN
W/NetMon.NetworkMonitor( 1104): The Internet connection state is DISCONNECTED
D/NetMon.PingService( 1104): removePingRequestFromQueue(): Queue now has 0 requests
D/NetMon.PingService( 1104): addPingRequestToQueue(): sending a ping request in 1000ms. Queue now has 1 requests
D/NetMon.PingService( 1104): pingResultProcessing(): internet is DOWN, continual retry ping request mode. Next ping in 1000ms
D/NetMon.PingService( 1104): sendBroadcasts(internet = DOWN)
D/NetMon.PingService( 1104): Connection state has not changed: dont show the nag dialog and sticky DOWN already in place
D/NetMon.PingService( 1104): dispatchPendingIntents(internet = DOWN)
I/Vlog    (  991): activity_manager_service:sample_pss:fgtracking=false;DV;1,key=com.amazon.whisperlink.core.android;DV;1,Counter=8303.0;CT;1,unit=kB;DV;1,metadata=com.amazon.whisperlink.core.android/S ;DV;1:HI
I/Vlog    (  991): activity_manager_service:sample_uss:fgtracking=false;DV;1,key=com.amazon.whisperlink.core.android;DV;1,Counter=6348.0;CT;1,unit=kB;DV;1,metadata=com.amazon.whisperlink.core.android/S ;DV;1:HI
I/Vlog    (  991): activity_manager_service:sample_pss:fgtracking=false;DV;1,key=com.amazon.tv.oobe;DV;1,Counter=8501.0;CT;1,unit=kB;DV;1,metadata=com.amazon.tv.oobe/HO;DV;1:HI
I/Vlog    (  991): activity_manager_service:sample_uss:fgtracking=false;DV;1,key=com.amazon.tv.oobe;DV;1,Counter=5828.0;CT;1,unit=kB;DV;1,metadata=com.amazon.tv.oobe/HO;DV;1:HI
I/Vlog    (  991): activity_manager_service:sample_pss:fgtracking=false;DV;1,key=com.amazon.tv.ime;DV;1,Counter=6883.0;CT;1,unit=kB;DV;1,metadata=com.amazon.tv.ime/IB;DV;1:HI
I/Vlog    (  991): activity_manager_service:sample_uss:fgtracking=false;DV;1,key=com.amazon.tv.ime;DV;1,Counter=4888.0;CT;1,unit=kB;DV;1,metadata=com.amazon.tv.ime/IB;DV;1:HI
I/Vlog    (  991): activity_manager_service:sample_pss:fgtracking=false;DV;1,key=com.amazon.tcomm;DV;1,Counter=7001.0;CT;1,unit=kB;DV;1,metadata=com.amazon.tcomm/P ;DV;1:HI
I/Vlog    (  991): activity_manager_service:sample_uss:fgtracking=false;DV;1,key=com.amazon.tcomm;DV;1,Counter=4976.0;CT;1,unit=kB;DV;1,metadata=com.amazon.tcomm/P ;DV;1:HI
