06-04 05:58:06.007 4464-4464/? I/dfu.DFUNode: onEvent:running:
06-04 05:58:06.008 4464-4464/? V/dfu.service.SilentDFU: 021033 Prog=72%
06-04 05:58:06.341 4464-4464/? I/dfu.DFUNode: onEvent:running:
06-04 05:58:06.341 4464-4464/? V/dfu.service.SilentDFU: 021367 Prog=72%
06-04 05:58:06.444 2122-2343/? E/bt-l2cap: Connection request from known device
    L2CAP - Forcing re-connection with HCI_ROLE_MASTER
06-04 05:58:06.635 2122-2343/? W/bt-btm: btm_sec_connected handle:11
06-04 05:58:06.636 2122-2343/? W/bt-btif: info:x10
06-04 05:58:06.636 2122-2241/? D/empty: remote version info [38:f7:3d:8e:47:1f]: 8, 46, 0
06-04 05:58:06.636 2122-2241/? D/BluetoothDevice: mAddress: 0C:47:C9:02:5C:4A
    mAddress: 38:F7:3D:8E:47:1F
06-04 05:58:06.676 4464-4464/? I/dfu.DFUNode: onEvent:running:
06-04 05:58:06.676 4464-4464/? V/dfu.service.SilentDFU: 021702 Prog=73%
06-04 05:58:06.677 4464-8423/? V/dfu.api: Update 73%
06-04 05:58:06.688 2292-8452/? D/BluetoothReceiverService: BluetoothReceiverRx android.bluetooth.device.action.ACL_CONNECTED
06-04 05:58:06.703 2122-4514/? D/BluetoothDevice: mAddress: 38:F7:3D:8E:47:1F
06-04 05:58:06.703 2292-8452/? D/BluetoothDevice: mAddress: 38:F7:3D:8E:47:1F
06-04 05:58:06.704 2122-2146/? D/BluetoothDevice: mAddress: 38:F7:3D:8E:47:1F
    mAddress: 38:F7:3D:8E:47:1F
06-04 05:58:06.704 2122-2146/? I/BluetoothAdapterService:  getAmzRemoteVid() device address=38:F7:3D:8E:47:1F
06-04 05:58:06.705 2122-4513/? D/BluetoothDevice: mAddress: 38:F7:3D:8E:47:1F
    mAddress: 38:F7:3D:8E:47:1F
06-04 05:58:06.705 2122-4513/? I/BluetoothAdapterService:  getAmzRemotePid() device address=38:F7:3D:8E:47:1F
06-04 05:58:06.705 2292-8452/? D/Device: getType(BluetoothDevice): VID:PID 6473:1040
06-04 05:58:06.706 2122-2141/? D/BluetoothDevice: mAddress: 38:F7:3D:8E:47:1F
    mAddress: 38:F7:3D:8E:47:1F
06-04 05:58:06.706 2122-2141/? I/BluetoothAdapterService:  getAmzRemoteVid() device address=38:F7:3D:8E:47:1F
06-04 05:58:06.707 2122-4514/? D/BluetoothDevice: mAddress: 38:F7:3D:8E:47:1F
    mAddress: 38:F7:3D:8E:47:1F
06-04 05:58:06.707 2122-4514/? I/BluetoothAdapterService:  getAmzRemotePid() device address=38:F7:3D:8E:47:1F
06-04 05:58:06.708 2122-2146/? D/BluetoothDevice: mAddress: 38:F7:3D:8E:47:1F
    mAddress: 38:F7:3D:8E:47:1F
06-04 05:58:06.708 2122-2146/? I/BluetoothAdapterService:  getAmzRemoteVid() device address=38:F7:3D:8E:47:1F
06-04 05:58:06.709 2122-4513/? D/BluetoothDevice: mAddress: 38:F7:3D:8E:47:1F
    mAddress: 38:F7:3D:8E:47:1F
06-04 05:58:06.709 2122-4513/? I/BluetoothAdapterService:  getAmzRemotePid() device address=38:F7:3D:8E:47:1F
06-04 05:58:06.709 2292-8452/? D/Device: getType(BluetoothDevice): VID:PID 6473:1040
06-04 05:58:06.710 2122-2141/? D/BluetoothDevice: mAddress: 38:F7:3D:8E:47:1F
    mAddress: 38:F7:3D:8E:47:1F
06-04 05:58:06.710 2122-2141/? I/BluetoothAdapterService:  getAmzRemoteVid() device address=38:F7:3D:8E:47:1F
06-04 05:58:06.711 2122-4514/? D/BluetoothDevice: mAddress: 38:F7:3D:8E:47:1F
    mAddress: 38:F7:3D:8E:47:1F
06-04 05:58:06.711 2122-4514/? I/BluetoothAdapterService:  getAmzRemotePid() device address=38:F7:3D:8E:47:1F
06-04 05:58:06.711 2292-8452/? D/BluetoothReceiverService: ACL Connected Device["Amazon Fire TV Remote" xx:xx:3D:xx:xx:1F type:0x100 ver:null offline notifications: true not-synced]
06-04 05:58:06.712 2122-2146/? D/BluetoothDevice: mAddress: 38:F7:3D:8E:47:1F
06-04 05:58:06.713 2292-8452/? I/LoggerMetricsFactoryImpl: BluetoothReceiverService:bluetooth_device:device_name=Amazon Fire TV Remote;DV;1,connected=true;DV;1:NR
06-04 05:58:06.898 2122-2343/? W/bt-btif: bta_hh_co_open: Found an existing device with the same handle dev_status = 2
    bta_hh_co_open:     bd_addr = [38:F7:3D:8E:47:1F]
    bta_hh_co_open:     attr_mask = 0x8005, sub_class = 0x80, app_id = 1
    new conn_srvc id:23, app_id:1
    bta_dm_pm_ssr conn_srvc id:23, app_id:1
    bta_dm_pm_ssr:1, lat:3200
06-04 05:58:06.898 2122-2241/? W/bt-btif: btif_hh_upstreams_evt: BTA_HH_OPN_EVT: handle=1, status =0
06-04 05:58:06.899 2122-2241/? W/bt-btif: BTA_HH_OPEN_EVT: Found device...Getting dscp info for handle ... 1
06-04 05:58:06.899 2122-2241/? E/bt-btif: check_cod: remote_cod = 0x600508
    check_cod: remote_cod = 0x600508
06-04 05:58:06.899 2122-2241/? W/bt-btif: btif_hh_upstreams_evt: name = Amazon Fire TV Remote
    bta_hh_co_send_hid_info: fd = 46, name = [Amazon Fire TV Remote], dscp_len = 124
    bta_hh_co_send_hid_info: vendor_id = 0x1949, product_id = 0x0410, version= 0x0304,ctry_code=0x00
06-04 05:58:06.899 2122-2122/? D/BluetoothDevice: mAddress: 38:F7:3D:8E:47:1F
06-04 05:58:06.899 2122-2122/? D/BluetoothAdapterService: getAdapterService() - returning com.android.bluetooth.btservice.AdapterService@2fa5b96d
06-04 05:58:06.900 2122-2241/? W/bt-btif: bta_hh_co_send_hid_info: fd = 46, dscp_len = 124, result = 0
     Device 38:F7:3D:8E:47:1F already added
06-04 05:58:06.901 179-373/? D/hdmi_u_event: handle hdmi uevents: s=add@/devices/virtual/misc/uhid/0003:1949:0410.0004, len=283
    change_hdmi=0, change_hdmi_res=0
    handle hdmi uevents: s=add@/devices/virtual/misc/uhid/input7, len=377
    change_hdmi=0, change_hdmi_res=0
    handle hdmi uevents: s=add@/devices/virtual/misc/uhid/input7/event5, len=172
    change_hdmi=0, change_hdmi_res=0
06-04 05:58:06.902 2122-2122/? D/BluetoothDevice: mAddress: 38:F7:3D:8E:47:1F
06-04 05:58:06.904 2122-2122/? D/BluetoothDevice: mAddress: 38:F7:3D:8E:47:1F
    mAddress: 38:F7:3D:8E:47:1F
    mAddress: 38:F7:3D:8E:47:1F
06-04 05:58:06.904 2122-2122/? D/HidService: Connection state 38:F7:3D:8E:47:1F: 0->2
06-04 05:58:06.889 2122-2241/? I/Kernel: [ 5309.677809].(3)[2241:BT Service Call]hid-generic 0003:1949:0410.0004: unknown main item tag 0x0
    [ 5309.678079].(3)[2241:BT Service Call]power_supply hid-38:F7:3D:8E:47:1F-battery: driver failed to report `capacity' property: -22
    [ 5309.678596].(3)[2241:BT Service Call][probe] drv:hid-generic dev:(null)
    [ 5309.678618].(3)[2241:BT Service Call]  s:5309677434845 e:5309678589076 d:1154231
06-04 05:58:06.889 79-79/? I/Kernel: [ 5309.681851].(3)[79:kworker/3:1]power_supply hid-38:F7:3D:8E:47:1F-battery: driver failed to report `capacity' property: -22
06-04 05:58:06.904 975-1028/? D/EventHub: No input device configuration file found for device 'Amazon Fire TV Remote'.
06-04 05:58:06.906 4464-4464/? D/BluetoothDevice: mAddress: 38:F7:3D:8E:47:1F
    mAddress: 38:F7:3D:8E:47:1F
06-04 05:58:06.907 4464-4464/? D/BluetoothDevice: mAddress: 38:F7:3D:8E:47:1F
06-04 05:58:06.907 4464-4464/? I/dfu.api: Received reconnection event from our device xx:xx:3D:xx:xx:1F, we can pursue
06-04 05:58:06.907 4464-4464/? I/dfu.DFUNode: onEvent:running:
06-04 05:58:06.907 4464-4464/? V/dfu.service.SilentDFU: 021933 Dbg=Received reconnection event from our device xx:xx:3D:xx:xx:1F, we can pursue
06-04 05:58:06.907 4464-4464/? I/dfu.DFUNode: onEvent:running:
06-04 05:58:06.908 4464-4464/? V/dfu.service.SilentDFU: 021933 Prog=73%
06-04 05:58:06.915 975-1028/? I/EventHub: New device: id=8, fd=257, path='/dev/input/event5', name='Amazon Fire TV Remote', classes=0x80000021, configuration='', keyLayout='/system/usr/keylayout/Generic.kl', keyCharacterMap='/system/usr/keychars/Generic.kcm', builtinKeyboard=false, wakeMechanism=EPOLLWAKEUP, usingClockIoctl=true
06-04 05:58:06.915 975-1028/? I/InputReader: Device added: id=8, name='Amazon Fire TV Remote', sources=0x00000301
06-04 05:58:06.916 975-1001/? W/ContextImpl: Calling a method in the system process without a qualified user: android.app.ContextImpl.sendBroadcast:1434 com.android.server.input.InputManagerService.deliverInputDevicesChanged:742 com.android.server.input.InputManagerService.access$400:115 com.android.server.input.InputManagerService$InputManagerHandler.handleMessage:1734 android.os.Handler.dispatchMessage:102 
06-04 05:58:06.924 4464-4464/? V/dfu.DeviceReceiver:  onReceive Intent { act=android.bluetooth.input.profile.action.CONNECTION_STATE_CHANGED flg=0x4000010 cmp=com.amazon.device.bluetoothdfu/.api.DeviceConnectReceiver (has extras) }
06-04 05:58:06.925 2122-2122/? D/BluetoothDevice: mAddress: 38:F7:3D:8E:47:1F
06-04 05:58:06.925 2122-2122/? I/BluetoothAdapterProperties: getMetricProfileType  =hid
06-04 05:58:06.925 2122-2122/? I/LoggerMetricsFactoryImpl: BluetoothAdapterProperties:bt-connect-success:hid=1.0;CT;1:NR
06-04 05:58:06.938 2122-2343/? W/bt-btif: bta_hh_co_is_no_unsniff_amazon_remote: result = 1, vid = 0x1949, pid = 0x410
06-04 05:58:06.938 2122-8453/? E/bt-btif: btif_hh_notify_battery_level level = 77
06-04 05:58:06.938 2122-2241/? E/bt-btif: btif_hh_handle_evt BTIF_HH_BATTERY_EVT
06-04 05:58:06.938 2122-2241/? E/BluetoothHidServiceJni: call to battery_notify_callback
06-04 05:58:06.939 179-373/? D/hdmi_u_event: handle hdmi uevents: s=change@/devices/virtual/misc/uhid/0003:1949:0410.0004/power_supply/hid-38:F7:3D:8E:47:1F-battery, len=466
    change_hdmi=0, change_hdmi_res=0
06-04 05:58:06.941 2122-2343/? W/bt-btif: new conn_srvc id:5, app_id:0
    bta_dm_pm_ssr conn_srvc id:23, app_id:1
    bta_dm_pm_ssr conn_srvc id:5, app_id:0
    bta_dm_pm_ssr:1, lat:3200
06-04 05:58:06.941 2122-2241/? I/BluetoothHeadsetServiceJni: connection_state_callback
06-04 05:58:06.941 2122-2288/? D/HeadsetStateMachine: Disconnected process message: 101, size: 0
06-04 05:58:06.941 2122-2288/? I/HeadsetStateMachine: event type: 1
06-04 05:58:06.941 2122-2288/? D/HeadsetStateMachine: processConnectionEvent state = 2, device = 38:F7:3D:8E:47:1F
06-04 05:58:06.941 2122-2288/? W/HeadsetStateMachine: HFP Connected from Disconnected state
06-04 05:58:06.941 2122-2288/? D/BluetoothAdapterService: getAdapterService() - returning com.android.bluetooth.btservice.AdapterService@2fa5b96d
06-04 05:58:06.942 2122-2288/? D/BluetoothDevice: mAddress: 38:F7:3D:8E:47:1F
06-04 05:58:06.943 2122-2122/? D/BluetoothDevice: mAddress: 38:F7:3D:8E:47:1F
06-04 05:58:06.943 2122-2122/? I/BluetoothAdapterProperties: getMetricProfileType  =hid
06-04 05:58:06.943 2122-2122/? D/HidService: MESSAGE_BATTERY_NOTIFY batteryLevel = 77
06-04 05:58:06.944 2122-2288/? I/HeadsetStateMachine: Incoming Hf accepted
06-04 05:58:06.944 2122-2288/? D/HeadsetStateMachine: Connection state 38:F7:3D:8E:47:1F: 0->2
06-04 05:58:06.929 133-133/? I/Kernel: [ 5309.717581].(1)[133:healthd]healthd: battery l=100 v=4200 t=2.2 h=2 st=5 chg=u
06-04 05:58:06.959 2122-2288/? D/BluetoothDevice: mAddress: 38:F7:3D:8E:47:1F
06-04 05:58:06.959 2122-2288/? D/HeadsetStateMachine: device 38:F7:3D:8E:47:1F is adding in Disconnected state
06-04 05:58:06.959 975-975/? D/BluetoothDevice: mAddress: 38:F7:3D:8E:47:1F
06-04 05:58:06.959 2122-2122/? D/BluetoothDevice: mAddress: 38:F7:3D:8E:47:1F
06-04 05:58:06.960 2122-2122/? D/BluetoothDevice: mAddress: 0C:47:C9:02:5C:4A
06-04 05:58:06.962 2122-2122/? D/BluetoothDevice: mAddress: 38:F7:3D:8E:47:1F
06-04 05:58:06.962 2122-2122/? D/BluetoothAdapterService: Setting device profile priority to: disable auto_connect
06-04 05:58:06.962 2122-2122/? D/BluetoothDevice: mAddress: 38:F7:3D:8E:47:1F
06-04 05:58:06.963 4464-8454/? D/dfu.updateNotification: In onHandleIntent
06-04 05:58:06.964 2122-2122/? I/BluetoothAdapterProperties: getMetricProfileType  =hfpag
06-04 05:58:06.964 2122-2122/? I/LoggerMetricsFactoryImpl: BluetoothAdapterProperties:bt-connect-success:hfpag=1.0;CT;1:NR
06-04 05:58:06.964 2122-2122/? I/BluetoothAdapterProperties: getMetricProfileType  =hfpag
06-04 05:58:06.967 4464-8455/? V/dfu.RemConnectedHandler:  getDeviceInfo BluetoothDevice
06-04 05:58:06.976 2122-4513/? D/BluetoothDevice: mAddress: 38:F7:3D:8E:47:1F
06-04 05:58:06.977 2122-2141/? D/BluetoothDevice: mAddress: 38:F7:3D:8E:47:1F
06-04 05:58:06.977 2122-2288/? D/BluetoothDevice: mAddress: 38:F7:3D:8E:47:1F
06-04 05:58:06.977 168-1090/? D/AudioALSAHardware: +setParameters(): bt_headset_name=Amazon Fire TV Remote;bt_headset_nrec=on
06-04 05:58:06.977 168-1090/? W/AudioALSAHardware: setParameters(), still have param.size() = 2, remain param = "bt_headset_name=Amazon Fire TV Remote;bt_headset_nrec=on"
06-04 05:58:06.977 168-1090/? D/AudioALSAHardware: -setParameters(): bt_headset_name=Amazon Fire TV Remote;bt_headset_nrec=on 
06-04 05:58:06.978 168-1090/? I/audio_a2dp_hw: adev_set_parameters: in=0x0 out=0x0
06-04 05:58:06.978 168-1090/? E/audio_a2dp_hw: adev_set_parameters: ERROR: set param called even when stream out is null
06-04 05:58:06.978 168-973/? D/AudioALSAHardware: +setParameters(): 38:F7:3D:8E:47:1F=;connect=16
06-04 05:58:06.978 2122-2288/? D/HeadsetStateMachine: configAudioParameters for device:38:F7:3D:8E:47:1F are: nrec = 1
06-04 05:58:06.978 168-973/? W/AudioALSAHardware: setParameters(), still have param.size() = 2, remain param = "38:F7:3D:8E:47:1F=;connect=16"
06-04 05:58:06.978 168-973/? D/AudioALSAHardware: -setParameters(): 38:F7:3D:8E:47:1F=;connect=16 
06-04 05:58:06.978 2122-2288/? D/HeadsetStateMachine: Exit Disconnected: 101
06-04 05:58:06.978 168-973/? I/audio_a2dp_hw: adev_set_parameters: in=0x0 out=0x0
06-04 05:58:06.978 168-973/? E/audio_a2dp_hw: adev_set_parameters: ERROR: set param called even when stream out is null
06-04 05:58:06.978 2122-2288/? D/HeadsetStateMachine: Enter Connected: 101, size: 1
06-04 05:58:06.978 168-1091/? W/CustomAudioPolicyManager: getDeviceForStrategy() unknown strategy: 6
06-04 05:58:06.978 168-1091/? I/AudioPolicyManager: DOLBY_ENDPOINT = hdmi2
06-04 05:58:06.979 168-1091/? W/CustomAudioPolicyManager: getDeviceForStrategy() unknown strategy: 6
06-04 05:58:06.982 168-1091/? W/CustomAudioPolicyManager: getDeviceForStrategy() unknown strategy: 6
06-04 05:58:06.983 168-1683/? D/AudioALSAHardware: -releaseAudioPatch handle [0x1d]
    +routing releaseAudioPatch Mixer->400
    handlecheck releaseAudioPatch remove handle [1d] OK
    -releaseAudioPatch handle [0x1d] status [0]
06-04 05:58:06.984 168-1091/? W/CustomAudioPolicyManager: getDeviceForStrategy() unknown strategy: 6
06-04 05:58:06.993 2122-4514/? D/BluetoothDevice: mAddress: 38:F7:3D:8E:47:1F
    mAddress: 38:F7:3D:8E:47:1F
06-04 05:58:06.993 2122-4514/? I/BluetoothAdapterService:  getAmzRemoteVid() device address=38:F7:3D:8E:47:1F
06-04 05:58:06.993 168-1683/? D/DlbEndpointParamCache: setDevice(device=0x00000400)
06-04 05:58:06.993 168-1683/? D/AudioALSAHardware: +createAudioPatch num_sources [1] , num_sinks [1]
06-04 05:58:06.994 168-1683/? D/AudioALSAHardware: handlecheck createAudioPatch handle [0x0] current size 0
    == source [0]/[1] ==
    id 0x7
    role 0x1 AUDIO_PORT_ROLE_SOURCE
    type 0x2 AUDIO_PORT_TYPE_MIX
    config_mask 0x7
    sample_rate 0xbb80
    channel_mask 0x3
    gain.index 0xffffffff
    gain.mode 0x2
    gain.channel_mask 0x80048002
    gain.ramp_duration_ms 0x2a0028
    mix.hw_module 1
    mix.handle b
    mix.usecase.stream ffffffff
    mix.usecase.source ffffffff
    == sinks [0]/[1] ==
    id 0x6
    role 0x2 AUDIO_PORT_ROLE_SINK
    type 0x1 AUDIO_PORT_TYPE_DEVICE
    config_mask 0x2
    sample_rate 0x0
    channel_mask 0x0
    gain.index 0xffffffff
    gain.mode 0xffffffff
    gain.channel_mask 0xffffffff
    gain.ramp_duration_ms 0x110
    device.hw_module 1
    device.type 400
    device.address 
    +routing createAudioPatch Mixer->400
06-04 05:58:06.994 168-1683/? D/AudioALSAStreamManager: +setParameters(), IOport = 11, keyValuePairs = routing=1024
06-04 05:58:06.994 168-1683/? D/AudioALSAHardware: handlecheck createAudioPatch sucess new *handle 0x1e
    -createAudioPatch num_sources [1] , num_sinks [1]
06-04 05:58:06.996 168-1091/? W/CustomAudioPolicyManager: getDeviceForStrategy() unknown strategy: 6
06-04 05:58:06.999 168-1091/? W/CustomAudioPolicyManager: getDeviceForStrategy() unknown strategy: 6
    getDeviceForStrategy() unknown strategy: 6
06-04 05:58:07.000 168-1006/? I/btremoted_client: perform_btremoted_startup pcm_socket -1 close_socket 1
06-04 05:58:07.000 168-8456/? I/btremoted_client: Connected to btremoted socket
06-04 05:58:07.000 182-182/? I/btremoted: New client connected. fd=5 
    handle_connection_event: fds[ID_SCO].fd=-1 
06-04 05:58:07.000 182-182/? W/btremoted: SCO_UART: connecting to /data/misc/bluedroid/.btmic_data
06-04 05:58:07.001 182-182/? W/btremoted: SCO_UART: connected to stack fd = 6
06-04 05:58:07.001 182-182/? E/btremoted: Opened new SCO 6
06-04 05:58:07.001 182-182/? I/btremoted: Clear buffer
06-04 05:58:07.001 168-8457/? I/AudioFlinger: AudioFlinger's thread 0xb4ca9008 ready to run
06-04 05:58:07.002 168-973/? D/AudioALSAHardware: +setParameters(): 38:F7:3D:8E:47:1F=;connect=-2147483640
06-04 05:58:07.002 168-973/? W/AudioALSAHardware: setParameters(), still have param.size() = 2, remain param = "38:F7:3D:8E:47:1F=;connect=-2147483640"
06-04 05:58:07.002 168-973/? D/AudioALSAHardware: -setParameters(): 38:F7:3D:8E:47:1F=;connect=-2147483640 
06-04 05:58:07.002 168-973/? I/audio_a2dp_hw: adev_set_parameters: in=0x0 out=0x0
06-04 05:58:07.002 168-973/? E/audio_a2dp_hw: adev_set_parameters: ERROR: set param called even when stream out is null
06-04 05:58:07.003 168-1006/? I/btremoted_client: close_btremoted pcm_socket 18 close_socket 0
06-04 05:58:07.010 2122-2146/? D/BluetoothDevice: mAddress: 38:F7:3D:8E:47:1F
06-04 05:58:07.010 2122-4513/? D/BluetoothDevice: mAddress: 38:F7:3D:8E:47:1F
    mAddress: 38:F7:3D:8E:47:1F
06-04 05:58:07.010 2122-4513/? I/BluetoothAdapterService:  getAmzRemotePid() device address=38:F7:3D:8E:47:1F
06-04 05:58:07.012 4464-8455/? D/dfu.api: Support both AMAZON_VID && AMAZON_LE_VID for ble remote.
06-04 05:58:07.012 4464-8455/? D/BluetoothDevice: mAddress: 38:F7:3D:8E:47:1F
    mAddress: 38:F7:3D:8E:47:1F
06-04 05:58:07.030 2292-2292/? D/BluetoothDevice: mAddress: 38:F7:3D:8E:47:1F
06-04 05:58:07.030 2292-2292/? D/RemoteBatteryLevelReceiver: Battery Level Update for 38:F7:3D:8E:47:1F: 77
06-04 05:58:07.031 2292-2292/? D/ControllerProvider: << query(xx:xx:3D:xx:xx:1F)
       Uri content://com.amazon.device.controller.provider/device
       called from android.content.ContentResolver.query(ContentResolver.java:478)
       called from android.content.ContentResolver.query(ContentResolver.java:422)
       called from com.amazon.device.controllermanager.RemoteBatteryLevelReceiver.showWarningIfNecessary(RemoteBatteryLevelReceiver.java:119)
       called from com.amazon.device.controllermanager.RemoteBatteryLevelReceiver.onReceive(RemoteBatteryLevelReceiver.java:98)
    >> called from android.app.ActivityThread.handleReceiver(ActivityThread.java:2663)
06-04 05:58:07.031 2292-2292/? D/RemoteBatteryLevelReceiver: Battery level for 38:F7:3D:8E:47:1F: -1 -> 77
06-04 05:58:07.031 2292-2292/? I/RemoteBatteryLevelReceiver: First battery level received for 38:F7:3D:8E:47:1F
06-04 05:58:07.044 2292-8458/? D/BluetoothReceiverService: BluetoothReceiverRx android.bluetooth.input.profile.action.CONNECTION_STATE_CHANGED
06-04 05:58:07.045 2122-2141/? D/BluetoothDevice: mAddress: 38:F7:3D:8E:47:1F
06-04 05:58:07.045 2122-4514/? D/BluetoothDevice: mAddress: 38:F7:3D:8E:47:1F
06-04 05:58:07.045 2292-2292/? D/BluetoothDevice: mAddress: 38:F7:3D:8E:47:1F
06-04 05:58:07.046 4464-8455/? V/dfu.RemConnectedHandler:  getDeviceInfo BluetoothDevice mac=38:F7:3D:8E:47:1F name=Amazon Fire TV Remote type=Snow
06-04 05:58:07.046 4464-8455/? E/dfu.RemConnectedHandler: Self-controlled DFU not enabled yet, will use Controller Manager REST APIs
06-04 05:58:07.047 2122-2146/? D/BluetoothDevice: mAddress: 38:F7:3D:8E:47:1F
    mAddress: 38:F7:3D:8E:47:1F
06-04 05:58:07.047 2122-2146/? I/BluetoothAdapterService:  getAmzRemoteVid() device address=38:F7:3D:8E:47:1F
06-04 05:58:07.048 2122-4513/? D/BluetoothDevice: mAddress: 38:F7:3D:8E:47:1F
    mAddress: 38:F7:3D:8E:47:1F
06-04 05:58:07.048 2122-4513/? I/BluetoothAdapterService:  getAmzRemotePid() device address=38:F7:3D:8E:47:1F
06-04 05:58:07.049 2292-2292/? D/Device: getType(BluetoothDevice): VID:PID 6473:1040
06-04 05:58:07.049 2122-2141/? D/BluetoothDevice: mAddress: 38:F7:3D:8E:47:1F
06-04 05:58:07.049 2122-4514/? D/BluetoothDevice: mAddress: 38:F7:3D:8E:47:1F
    mAddress: 38:F7:3D:8E:47:1F
06-04 05:58:07.049 2122-4514/? I/BluetoothAdapterService:  getAmzRemoteVid() device address=38:F7:3D:8E:47:1F
06-04 05:58:07.050 2292-8458/? D/BluetoothDevice: mAddress: 38:F7:3D:8E:47:1F
06-04 05:58:07.051 2122-4513/? D/BluetoothDevice: mAddress: 38:F7:3D:8E:47:1F
    mAddress: 38:F7:3D:8E:47:1F
06-04 05:58:07.051 2122-2146/? D/BluetoothDevice: mAddress: 38:F7:3D:8E:47:1F
06-04 05:58:07.051 2122-4513/? I/BluetoothAdapterService:  getAmzRemoteVid() device address=38:F7:3D:8E:47:1F
06-04 05:58:07.051 2122-2146/? D/BluetoothDevice: mAddress: 38:F7:3D:8E:47:1F
06-04 05:58:07.051 2122-2146/? I/BluetoothAdapterService:  getAmzRemotePid() device address=38:F7:3D:8E:47:1F
06-04 05:58:07.053 2292-2292/? D/ControllerProvider: << query()
       Uri content://com.amazon.device.controller.provider/device/update
       called from android.content.ContentResolver.query(ContentResolver.java:478)
       called from android.content.ContentResolver.query(ContentResolver.java:422)
       called from com.amazon.device.controllermanager.Utility.isDeviceUpdatable(Utility.java:107)
       called from com.amazon.device.controllermanager.Utility.silentlyUpdateDeviceIfNecessary(Utility.java:131)
    >> called from com.amazon.device.controllermanager.RemoteBatteryLevelReceiver.showWarningIfNecessary(RemoteBatteryLevelReceiver.java:151)
06-04 05:58:07.054 2292-2292/? D/Utility: Remote is not up-to-date, starting silent DFU
06-04 05:58:07.055 2122-4514/? D/BluetoothDevice: mAddress: 38:F7:3D:8E:47:1F
    mAddress: 38:F7:3D:8E:47:1F
06-04 05:58:07.055 2122-4514/? I/BluetoothAdapterService:  getAmzRemotePid() device address=38:F7:3D:8E:47:1F
06-04 05:58:07.055 2292-8458/? D/Device: getType(BluetoothDevice): VID:PID 6473:1040
06-04 05:58:07.055 2122-2141/? D/BluetoothDevice: mAddress: 38:F7:3D:8E:47:1F
06-04 05:58:07.056 2122-4513/? D/BluetoothDevice: mAddress: 38:F7:3D:8E:47:1F
    mAddress: 38:F7:3D:8E:47:1F
06-04 05:58:07.056 2122-4513/? I/BluetoothAdapterService:  getAmzRemoteVid() device address=38:F7:3D:8E:47:1F
06-04 05:58:07.056 2292-2292/? D/BluetoothDevice: mAddress: 38:F7:3D:8E:47:1F
06-04 05:58:07.056 2122-2146/? D/BluetoothDevice: mAddress: 38:F7:3D:8E:47:1F
    mAddress: 38:F7:3D:8E:47:1F
06-04 05:58:07.056 2122-2146/? I/BluetoothAdapterService:  getAmzRemotePid() device address=38:F7:3D:8E:47:1F
06-04 05:58:07.057 2122-4514/? D/BluetoothDevice: mAddress: 38:F7:3D:8E:47:1F
    mAddress: 38:F7:3D:8E:47:1F
06-04 05:58:07.057 2122-4514/? I/BluetoothAdapterService:  getAmzRemoteVid() device address=38:F7:3D:8E:47:1F
06-04 05:58:07.057 2122-2141/? D/BluetoothDevice: mAddress: 38:F7:3D:8E:47:1F
    mAddress: 38:F7:3D:8E:47:1F
06-04 05:58:07.057 2122-2141/? I/BluetoothAdapterService:  getAmzRemotePid() device address=38:F7:3D:8E:47:1F
06-04 05:58:07.058 2122-4513/? D/BluetoothDevice: mAddress: 38:F7:3D:8E:47:1F
    mAddress: 38:F7:3D:8E:47:1F
06-04 05:58:07.058 2122-4513/? I/BluetoothAdapterService:  getAmzRemoteVid() device address=38:F7:3D:8E:47:1F
06-04 05:58:07.058 2292-2292/? D/Device: getType(BluetoothDevice): VID:PID 6473:1040
06-04 05:58:07.058 2122-2146/? D/BluetoothDevice: mAddress: 38:F7:3D:8E:47:1F
    mAddress: 38:F7:3D:8E:47:1F
06-04 05:58:07.058 2122-2146/? I/BluetoothAdapterService:  getAmzRemoteVid() device address=38:F7:3D:8E:47:1F
06-04 05:58:07.058 2122-4514/? D/BluetoothDevice: mAddress: 38:F7:3D:8E:47:1F
    mAddress: 38:F7:3D:8E:47:1F
06-04 05:58:07.058 2122-4514/? I/BluetoothAdapterService:  getAmzRemotePid() device address=38:F7:3D:8E:47:1F
06-04 05:58:07.059 2292-8458/? D/Device: getType(BluetoothDevice): VID:PID 6473:1040
06-04 05:58:07.059 2122-2141/? D/BluetoothDevice: mAddress: 38:F7:3D:8E:47:1F
    mAddress: 38:F7:3D:8E:47:1F
06-04 05:58:07.059 2122-2141/? I/BluetoothAdapterService:  getAmzRemotePid() device address=38:F7:3D:8E:47:1F
06-04 05:58:07.060 2122-2146/? D/BluetoothDevice: mAddress: 38:F7:3D:8E:47:1F
06-04 05:58:07.060 2292-2292/? I/Utility: About to perform silent DFU on Device["Amazon Fire TV Remote" xx:xx:3D:xx:xx:1F type:0x100 ver:null offline notifications: true not-synced]
06-04 05:58:07.060 2122-2146/? D/BluetoothDevice: mAddress: 38:F7:3D:8E:47:1F
06-04 05:58:07.060 2122-2146/? I/BluetoothAdapterService:  getAmzRemoteVid() device address=38:F7:3D:8E:47:1F
06-04 05:58:07.061 2122-4514/? D/BluetoothDevice: mAddress: 38:F7:3D:8E:47:1F
    mAddress: 38:F7:3D:8E:47:1F
06-04 05:58:07.061 2122-4514/? I/BluetoothAdapterService:  getAmzRemotePid() device address=38:F7:3D:8E:47:1F
06-04 05:58:07.061 2292-8458/? D/BluetoothReceiverService: Input Device["Amazon Fire TV Remote" xx:xx:3D:xx:xx:1F type:0x100 ver:null offline notifications: true not-synced] state changed from: DISCONNECTED; to: CONNECTED
06-04 05:58:07.062 4464-4464/? E/dfu.service.SilentDFU: Silent DFU already in progress, ignoring request
06-04 05:58:07.062 2122-2141/? D/BluetoothDevice: mAddress: 38:F7:3D:8E:47:1F
    mAddress: 38:F7:3D:8E:47:1F
06-04 05:58:07.062 2122-2141/? I/BluetoothAdapterService:  getAmzRemoteVid() device address=38:F7:3D:8E:47:1F
06-04 05:58:07.064 2122-4513/? D/BluetoothDevice: mAddress: 38:F7:3D:8E:47:1F
    mAddress: 38:F7:3D:8E:47:1F
06-04 05:58:07.064 2122-4513/? I/BluetoothAdapterService:  getAmzRemotePid() device address=38:F7:3D:8E:47:1F
06-04 05:58:07.065 2292-8458/? D/Device: getType(BluetoothDevice): VID:PID 6473:1040
06-04 05:58:07.092 2122-2343/? E/bt-rfcomm: PORT_DataInd, p_port:0xa36c9b2c, p_data_co_callback is null
06-04 05:58:07.097 2122-2146/? D/BluetoothDevice: mAddress: 38:F7:3D:8E:47:1F
06-04 05:58:07.098 2122-2146/? D/BluetoothDevice: mAddress: 38:F7:3D:8E:47:1F
06-04 05:58:07.098 2122-2146/? I/BluetoothAdapterService:  getAmzRemoteVid() device address=38:F7:3D:8E:47:1F
06-04 05:58:07.098 2122-4514/? D/BluetoothDevice: mAddress: 38:F7:3D:8E:47:1F
    mAddress: 38:F7:3D:8E:47:1F
06-04 05:58:07.098 2122-4514/? I/BluetoothAdapterService:  getAmzRemotePid() device address=38:F7:3D:8E:47:1F
06-04 05:58:07.100 2122-2141/? D/BluetoothDevice: mAddress: 38:F7:3D:8E:47:1F
06-04 05:58:07.100 2292-8458/? D/BluetoothReceiverService: Input Device Profile Connected
06-04 05:58:07.100 2292-8458/? D/BluetoothDevice: mAddress: 38:F7:3D:8E:47:1F
06-04 05:58:07.128 2122-4513/? D/BluetoothDevice: mAddress: 38:F7:3D:8E:47:1F
06-04 05:58:07.129 2292-8458/? D/ControllerProvider: << update(null vals: name=Amazon Fire TV Remote address=xx:xx:3D:xx:xx:1F versionSynced=false showLowBatteryNotification=true online=true battery=-1)
       Uri content://com.amazon.device.controller.provider/device
       called from com.amazon.device.controllermanager.Utility.updateOnlineState(Utility.java:199)
       called from com.amazon.device.controllermanager.bluetooth.BluetoothUtility.updateOnlineState(BluetoothUtility.java:428)
       called from com.amazon.device.controllermanager.bluetooth.BluetoothReceiverService.handleInputDeviceStateChanged(BluetoothReceiverService.java:446)
06-04 05:58:07.130 2292-8458/? D/ControllerProvider:    called from com.amazon.device.controllermanager.bluetooth.BluetoothReceiverService.onHandleIntent(BluetoothReceiverService.java:304)
    >> called from android.app.IntentService$ServiceHandler.handleMessage(IntentService.java:65)
06-04 05:58:07.130 2292-8458/? D/Utility: Querying device for version: Device["Amazon Fire TV Remote" xx:xx:3D:xx:xx:1F type:0x100 ver:131 online notifications: true not-synced]
06-04 05:58:07.131 2292-8458/? I/ControllerProvider: versionQueried set to true
06-04 05:58:07.145 4464-4464/? D/dfu.receiver: Received intent com.amazon.device.bluetoothdfu.action.DEVICE_VERSION
06-04 05:58:07.175 975-975/? E/WifiStateMachine: WifiP2P received com.amazon.device.controllermanager.DEVICE_ONLINE
06-04 05:58:07.177 2292-8458/? D/BluetoothReceiverService: BluetoothReceiverRx com.amazon.device.controllermanager.bluetooth.UPDATE_DEVICE
06-04 05:58:07.178 2292-8458/? D/ControllerProvider: << update(updateDontAdd vals: address=xx:xx:3D:xx:xx:1F battery=77)
       Uri content://com.amazon.device.controller.provider/device
       called from com.amazon.device.controllermanager.bluetooth.BluetoothReceiverService.onHandleIntent(BluetoothReceiverService.java:96)
       called from android.app.IntentService$ServiceHandler.handleMessage(IntentService.java:65)
       called from android.os.Handler.dispatchMessage(Handler.java:102)
       called from android.os.Looper.loop(Looper.java:135)
    >> called from android.os.HandlerThread.run(HandlerThread.java:61)
06-04 05:58:07.178 2292-5410/? D/ControllerProvider: << query()
       Uri content://com.amazon.device.controller.provider/device
06-04 05:58:07.180 2292-5410/? D/ControllerProvider: >> remote call from com.amazon.tv.settings
    Paired devices:
      Device["Amazon Fire TV Remote" xx:xx:3D:xx:xx:1F type:0x100 ver:131 online notifications: true not-synced]
      Device["Amazon Fire TV Remote" xx:xx:C9:xx:xx:4A type:0x8 ver:null online notifications: false not-synced]
06-04 05:58:07.192 2292-8458/? D/BluetoothReceiverService: BluetoothReceiverRx android.bluetooth.headset.profile.action.CONNECTION_STATE_CHANGED
06-04 05:58:07.194 2122-4514/? D/BluetoothDevice: mAddress: 38:F7:3D:8E:47:1F
06-04 05:58:07.194 2292-8458/? D/BluetoothDevice: mAddress: 38:F7:3D:8E:47:1F
06-04 05:58:07.195 2122-2141/? D/BluetoothDevice: mAddress: 38:F7:3D:8E:47:1F
    mAddress: 38:F7:3D:8E:47:1F
06-04 05:58:07.195 2122-2141/? I/BluetoothAdapterService:  getAmzRemoteVid() device address=38:F7:3D:8E:47:1F
06-04 05:58:07.196 2122-4513/? D/BluetoothDevice: mAddress: 38:F7:3D:8E:47:1F
    mAddress: 38:F7:3D:8E:47:1F
06-04 05:58:07.196 2122-4513/? I/BluetoothAdapterService:  getAmzRemotePid() device address=38:F7:3D:8E:47:1F
06-04 05:58:07.196 2292-8458/? D/Device: getType(BluetoothDevice): VID:PID 6473:1040
06-04 05:58:07.197 2122-2146/? D/BluetoothDevice: mAddress: 38:F7:3D:8E:47:1F
    mAddress: 38:F7:3D:8E:47:1F
06-04 05:58:07.197 2122-2146/? I/BluetoothAdapterService:  getAmzRemoteVid() device address=38:F7:3D:8E:47:1F
06-04 05:58:07.198 2122-4514/? D/BluetoothDevice: mAddress: 38:F7:3D:8E:47:1F
    mAddress: 38:F7:3D:8E:47:1F
06-04 05:58:07.198 2122-4514/? I/BluetoothAdapterService:  getAmzRemotePid() device address=38:F7:3D:8E:47:1F
06-04 05:58:07.199 2122-2141/? D/BluetoothDevice: mAddress: 38:F7:3D:8E:47:1F
    mAddress: 38:F7:3D:8E:47:1F
06-04 05:58:07.199 2122-2141/? I/BluetoothAdapterService:  getAmzRemoteVid() device address=38:F7:3D:8E:47:1F
06-04 05:58:07.200 2122-4513/? D/BluetoothDevice: mAddress: 38:F7:3D:8E:47:1F
    mAddress: 38:F7:3D:8E:47:1F
06-04 05:58:07.200 2122-4513/? I/BluetoothAdapterService:  getAmzRemotePid() device address=38:F7:3D:8E:47:1F
06-04 05:58:07.200 2292-8458/? D/Device: getType(BluetoothDevice): VID:PID 6473:1040
06-04 05:58:07.201 2122-2146/? D/BluetoothDevice: mAddress: 38:F7:3D:8E:47:1F
    mAddress: 38:F7:3D:8E:47:1F
06-04 05:58:07.201 2122-2146/? I/BluetoothAdapterService:  getAmzRemoteVid() device address=38:F7:3D:8E:47:1F
06-04 05:58:07.202 2122-4514/? D/BluetoothDevice: mAddress: 38:F7:3D:8E:47:1F
    mAddress: 38:F7:3D:8E:47:1F
06-04 05:58:07.202 2122-4514/? I/BluetoothAdapterService:  getAmzRemotePid() device address=38:F7:3D:8E:47:1F
06-04 05:58:07.203 2292-8458/? D/BluetoothReceiverService: Headset/A2DP Device["Amazon Fire TV Remote" xx:xx:3D:xx:xx:1F type:0x100 ver:null offline notifications: true not-synced] state changed from: DISCONNECTED; to: CONNECTED
06-04 05:58:07.203 2292-8458/? D/BluetoothDevice: mAddress: 38:F7:3D:8E:47:1F
06-04 05:58:07.204 8125-8125/? W/View: requestLayout() improperly called by android.widget.TextView{2cb8636 V.ED.... ..S...ID 0,0-500,44 #7f110158 app:id/action_title} during layout: running second layout pass
06-04 05:58:07.205 2122-2141/? D/BluetoothDevice: mAddress: 38:F7:3D:8E:47:1F
06-04 05:58:07.206 2292-8458/? D/ControllerProvider: << update(null vals: name=Amazon Fire TV Remote address=xx:xx:3D:xx:xx:1F versionSynced=false showLowBatteryNotification=true online=true battery=-1)
       Uri content://com.amazon.device.controller.provider/device
       called from com.amazon.device.controllermanager.Utility.updateOnlineState(Utility.java:199)
       called from com.amazon.device.controllermanager.bluetooth.BluetoothUtility.updateOnlineState(BluetoothUtility.java:428)
       called from com.amazon.device.controllermanager.bluetooth.BluetoothReceiverService.onHandleIntent(BluetoothReceiverService.java:245)
       called from android.app.IntentService$ServiceHandler.handleMessage(IntentService.java:65)
    >> called from android.os.Handler.dispatchMessage(Handler.java:102)
06-04 05:58:07.214 2292-2317/? D/ControllerProvider: << query()
       Uri content://com.amazon.device.controller.provider/device
    >> remote call from com.amazon.tv.settings
06-04 05:58:07.215 2292-2317/? D/ControllerProvider: Paired devices:
06-04 05:58:07.216 2292-2317/? D/ControllerProvider:   Device["Amazon Fire TV Remote" xx:xx:3D:xx:xx:1F type:0x100 ver:131 online notifications: true not-synced]
06-04 05:58:07.217 2292-2317/? D/ControllerProvider:   Device["Amazon Fire TV Remote" xx:xx:C9:xx:xx:4A type:0x8 ver:null online notifications: false not-synced]
06-04 05:58:07.225 975-990/? W/SchedPolicy: Failed to set io priority for tid 8458 (No such process)
06-04 05:58:07.236 8125-8125/? W/View: requestLayout() improperly called by android.widget.TextView{2cb8636 V.ED.... ..S...ID 0,0-500,44 #7f110158 app:id/action_title} during layout: running second layout pass
06-04 05:58:07.243 2292-5410/? D/ControllerProvider: << query()
       Uri content://com.amazon.device.controller.provider/device
    >> remote call from com.amazon.tv.settings
06-04 05:58:07.244 2292-5410/? D/ControllerProvider: Paired devices:
06-04 05:58:07.245 2292-5410/? D/ControllerProvider:   Device["Amazon Fire TV Remote" xx:xx:3D:xx:xx:1F type:0x100 ver:131 online notifications: true not-synced]
      Device["Amazon Fire TV Remote" xx:xx:C9:xx:xx:4A type:0x8 ver:null online notifications: false not-synced]
06-04 05:58:07.269 8125-8125/? W/View: requestLayout() improperly called by android.widget.TextView{2cb8636 V.ED.... ..S...ID 0,0-500,44 #7f110158 app:id/action_title} during layout: running second layout pass
06-04 05:58:07.329 2122-2343/? E/bt-rfcomm: PORT_DataInd, p_port:0xa36c9b2c, p_data_co_callback is null
06-04 05:58:07.330 2122-2288/? D/HeadsetStateMachine: Connected process message: 101, size: 1
06-04 05:58:07.330 2122-2288/? I/HeadsetStateMachine: event type: 17event device : 38:F7:3D:8E:47:1F
06-04 05:58:07.330 2122-2288/? D/HeadsetStateMachine: EVENT_TYPE_WBS codec is 2
06-04 05:58:07.331 2122-2288/? D/BluetoothDevice: mAddress: 38:F7:3D:8E:47:1F
    mAddress: 38:F7:3D:8E:47:1F
06-04 05:58:07.331 2122-2288/? D/HeadsetStateMachine: AudioManager.setParameters bt_wbs=on for Amazon Fire TV Remote - 38:F7:3D:8E:47:1F
06-04 05:58:07.332 168-168/? D/AudioALSAHardware: +setParameters(): bt_wbs=on
    setParameters(), setBTMode = 0
06-04 05:58:07.332 168-168/? D/WCNChipController: SetBTCurrentSamplingRateNumber(), mBTCurrentSamplingRateNumber: 8000 => 16000
06-04 05:58:07.332 168-168/? D/AudioBTCVSDControl: AudioBTCVSDControl getInstance()
    BT_SCO_SetMode, mode=1, BTmode=1
06-04 05:58:07.332 168-168/? D/AudioALSASpeechPhoneCallController: setBTMode(), mBTMode 0 => 1
06-04 05:58:07.332 168-168/? D/AudioALSAHardware: -setParameters(): bt_wbs=on 
06-04 05:58:07.332 168-168/? I/audio_a2dp_hw: adev_set_parameters: in=0x0 out=0x0
06-04 05:58:07.332 168-168/? E/audio_a2dp_hw: adev_set_parameters: ERROR: set param called even when stream out is null
06-04 05:58:07.365 2122-2343/? E/bt-rfcomm: PORT_DataInd, p_port:0xa36c9b2c, p_data_co_callback is null
06-04 05:58:07.404 2122-2343/? E/bt-rfcomm: PORT_DataInd, p_port:0xa36c9b2c, p_data_co_callback is null
06-04 05:58:07.404 2122-2241/? I/BluetoothHeadsetServiceJni: connection_state_callback
06-04 05:58:07.405 2122-2288/? D/HeadsetStateMachine: Connected process message: 101, size: 1
06-04 05:58:07.405 2122-2288/? I/HeadsetStateMachine: event type: 1event device : 38:F7:3D:8E:47:1F
06-04 05:58:07.405 2122-2288/? D/HeadsetStateMachine: processConnectionEvent state = 3, device = 38:F7:3D:8E:47:1F
06-04 05:58:07.405 2122-2288/? E/HeadsetStateMachine: Handsfree phone proxy null for query phone state
06-04 05:58:07.425 4464-8423/? I/dfu.api: Trying to re-open the device
06-04 05:58:07.426 4464-4464/? I/dfu.DFUNode: onEvent:running:
06-04 05:58:07.426 4464-4464/? V/dfu.service.SilentDFU: 022451 Dbg=Trying to re-open the device
06-04 05:58:07.426 4464-8423/? I/dfu.api: Opening RFComm authenticated=false, encrypted=true, port=Service Record 00001101-0000-1000-8000-00805f9b34fb
06-04 05:58:07.426 4464-4464/? I/dfu.DFUNode: onEvent:running:
06-04 05:58:07.426 4464-8423/? D/BluetoothDevice: mAddress: 38:F7:3D:8E:47:1F
06-04 05:58:07.426 4464-8423/? W/BluetoothAdapter: getBluetoothService() called with no BluetoothManagerCallback
06-04 05:58:07.426 4464-4464/? V/dfu.service.SilentDFU: 022452 Dbg=Opening RFComm authenticated=false, encrypted=true, port=Service Record 00001101-0000-1000-8000-00805f9b34fb
06-04 05:58:07.428 2122-4513/? D/BluetoothDevice: mAddress: 38:F7:3D:8E:47:1F
    mAddress: 38:F7:3D:8E:47:1F
06-04 05:58:07.428 2122-4513/? I/BluetoothAdapterService:  getAmzRemoteVid() device address=38:F7:3D:8E:47:1F
06-04 05:58:07.429 2122-4513/? D/BluetoothDevice: mAddress: 38:F7:3D:8E:47:1F
    mAddress: 38:F7:3D:8E:47:1F
06-04 05:58:07.429 2122-4513/? I/BluetoothAdapterService:  getAmzRemotePid() device address=38:F7:3D:8E:47:1F
06-04 05:58:07.430 2122-4513/? D/BluetoothDevice: mAddress: 38:F7:3D:8E:47:1F
06-04 05:58:07.430 2122-4513/? D/BTIF_SOCK: service_uuid: 00001101-0000-1000-8000-00805f9b34fb
06-04 05:58:07.439 2122-2343/? E/bt-rfcomm: PORT_DataInd, p_port:0xa36c9b2c, p_data_co_callback is null
06-04 05:58:07.479 2122-2343/? E/bt-rfcomm: PORT_DataInd, p_port:0xa36c9b2c, p_data_co_callback is null
06-04 05:58:07.480 2122-2288/? D/HeadsetStateMachine: Connected process message: 101, size: 1
06-04 05:58:07.480 2122-2288/? I/HeadsetStateMachine: event type: 12event device : 38:F7:3D:8E:47:1F
06-04 05:58:07.480 2122-2288/? D/BluetoothDevice: mAddress: 38:F7:3D:8E:47:1F
06-04 05:58:07.480 2122-2288/? I/BluetoothHeadsetServiceJni: cindResponseNative: sBluetoothHfpInterface: 0xa35f3e84
06-04 05:58:07.521 2122-2343/? W/bt-sdp: process_service_search_attr_rsp
06-04 05:58:07.521 2122-2343/? W/bt-l2cap: L2CA_DisconnectReq()  CID: 0x0041
06-04 05:58:07.649 2122-2343/? W/bt-btif: new conn_srvc id:26, app_id:1
    bta_dm_pm_ssr conn_srvc id:23, app_id:1
    bta_dm_pm_ssr conn_srvc id:5, app_id:0
    bta_dm_pm_ssr conn_srvc id:26, app_id:1
    bta_dm_pm_ssr:1, lat:3200
06-04 05:58:07.650 4464-8423/? D/dfu.api: BT connection established, data transfer link open.
06-04 05:58:07.650 4464-4464/? I/dfu.DFUNode: onEvent:running:
06-04 05:58:07.650 4464-4464/? V/dfu.service.SilentDFU: 022676 Prog=96%
06-04 05:58:07.651 4464-8423/? V/dfu.api: Update 96%
06-04 05:58:07.809 29-29/? I/Kernel: [ 5310.593378].(3)[29:update_secureti]enter  TEE_Icnt_time 
    [ 5310.593664].(3)[29:update_secureti]update_securetime_thread_gb updata inc count
06-04 05:58:07.851 4464-8423/? I/dfu.api: Get version info again
06-04 05:58:07.852 4464-4464/? I/dfu.DFUNode: onEvent:running:
06-04 05:58:07.852 4464-4464/? V/dfu.service.SilentDFU: 022877 Dbg=Get version info again
06-04 05:58:07.854 4464-4464/? I/dfu.DFUNode: onEvent:running:
06-04 05:58:07.854 4464-4464/? V/dfu.service.SilentDFU: 022880 Dbg=  send 7 bytes (chk=0x0008) F0 08 00 00 00 08 F1 
06-04 05:58:07.908 4464-4464/? I/dfu.DFUNode: onEvent:running:
06-04 05:58:07.908 4464-4464/? V/dfu.service.SilentDFU: 022933 Dbg=  reply F0 08 00 35 32 32 31 33 37 37 39 00 01 AC F1 
06-04 05:58:07.909 4464-8423/? I/dfu.api: MCU new version = 52213779��
06-04 05:58:07.910 4464-4464/? I/dfu.DFUNode: onEvent:running:
06-04 05:58:07.910 4464-4464/? V/dfu.service.SilentDFU: 022935 Dbg=MCU new version = 52213779��
06-04 05:58:07.910 4464-4464/? I/dfu.DFUNode: onEvent:running:
06-04 05:58:07.911 4464-4464/? V/dfu.service.SilentDFU: 022936 Prog=97%
06-04 05:58:07.911 4464-8423/? D/BluetoothDevice: mAddress: 38:F7:3D:8E:47:1F
06-04 05:58:07.912 4464-8423/? I/dfu.api: Closed RFComm
06-04 05:58:07.912 4464-4464/? I/dfu.DFUNode: onEvent:running:
06-04 05:58:07.912 4464-4464/? V/dfu.service.SilentDFU: 022937 Dbg=Closed RFComm
06-04 05:58:07.912 4464-8423/? D/BluetoothDevice: mAddress: 38:F7:3D:8E:47:1F
06-04 05:58:07.913 4464-8423/? I/dfu.broadcast: Broadcast intent com.amazon.device.bluetoothdfu.action.DFU_COMPLETED to announce DFU complete for xx:xx:3D:xx:xx:1F
06-04 05:58:07.915 4464-4464/? I/dfu.DFUNode: onEvent:running:
06-04 05:58:07.916 4464-4464/? V/dfu.service.SilentDFU: 022941 Prog=100%
06-04 05:58:07.916 4464-8423/? V/dfu.api: Update 100%
06-04 05:58:07.917 4464-8423/? D/DfuUpdateTask: start DFU finished
06-04 05:58:07.917 4464-8423/? I/dfu.api: End DfuUpdateTask
06-04 05:58:07.917 4464-4464/? I/dfu.DFUNode: onEvent:running:
06-04 05:58:07.917 4464-4464/? V/dfu.service.SilentDFU: 022943 Dbg=End DfuUpdateTask
06-04 05:58:07.919 4464-8423/? D/BluetoothDevice: mAddress: 38:F7:3D:8E:47:1F
06-04 05:58:07.919 4464-8423/? D/dfu.api: Releasing connection to xx:xx:3D:xx:xx:1F
06-04 05:58:07.919 4464-8423/? D/BluetoothDevice: mAddress: 38:F7:3D:8E:47:1F
06-04 05:58:07.919 4464-8423/? I/dfu.task:  doInBackground ends
06-04 05:58:07.920 4464-4464/? I/dfu.task:  onPostExecute starts
06-04 05:58:07.921 4464-4464/? I/dfu.task:  onPostExecute onComplettion called
06-04 05:58:07.921 4464-4464/? I/dfu.DFUNode: onCompletion: FINISHED
06-04 05:58:07.921 4464-4464/? V/dfu.service.SilentDFU:  to show success toast
06-04 05:58:07.927 4464-4464/? I/dfu.service.SilentDFU:  Dismissed mUpdateDialog
06-04 05:58:07.928 975-991/? W/InputMethodManagerService: Window already focused, ignoring focus gain of: com.android.internal.view.IInputMethodClient$Stub$Proxy@7da5568 attribute=null, token = android.os.BinderProxy@ff6932
06-04 05:58:07.937 2122-2146/? D/BluetoothDevice: mAddress: 38:F7:3D:8E:47:1F
06-04 05:58:07.937 2292-2292/? D/BluetoothDevice: mAddress: 38:F7:3D:8E:47:1F
06-04 05:58:07.938 2122-4514/? D/BluetoothDevice: mAddress: 38:F7:3D:8E:47:1F
    mAddress: 38:F7:3D:8E:47:1F
06-04 05:58:07.938 2122-4514/? I/BluetoothAdapterService:  getAmzRemoteVid() device address=38:F7:3D:8E:47:1F
06-04 05:58:07.939 2122-2141/? D/BluetoothDevice: mAddress: 38:F7:3D:8E:47:1F
    mAddress: 38:F7:3D:8E:47:1F
06-04 05:58:07.939 2122-2141/? I/BluetoothAdapterService:  getAmzRemotePid() device address=38:F7:3D:8E:47:1F
06-04 05:58:07.939 2292-2292/? D/Device: getType(BluetoothDevice): VID:PID 6473:1040
06-04 05:58:07.940 2122-4513/? D/BluetoothDevice: mAddress: 38:F7:3D:8E:47:1F
    mAddress: 38:F7:3D:8E:47:1F
06-04 05:58:07.940 2122-4513/? I/BluetoothAdapterService:  getAmzRemoteVid() device address=38:F7:3D:8E:47:1F
06-04 05:58:07.941 2122-2146/? D/BluetoothDevice: mAddress: 38:F7:3D:8E:47:1F
    mAddress: 38:F7:3D:8E:47:1F
06-04 05:58:07.941 2122-2146/? I/BluetoothAdapterService:  getAmzRemotePid() device address=38:F7:3D:8E:47:1F
06-04 05:58:07.942 2292-2292/? I/DfuReceiver: Received DFU completion for device xx:xx:3D:xx:xx:1F
06-04 05:58:07.947 2122-2343/? W/bt-btif: bta_jv_rfc_port_to_cb(port_handle:0x7):jv handle:0x0 not FOUND
06-04 05:58:07.958 4464-4464/? I/dfu.service.SilentDFU: Firmware update ends
06-04 05:58:08.001 168-8456/? I/btremoted_client: Ending btremoted socket
06-04 05:58:08.002 182-182/? I/btremoted: handle_disconnection_event:fds[2].fd=5
    Client disconnected, fd=5
06-04 05:58:08.002 182-182/? I/VSBTRD: MMSW:VSBTRD:ClientDisconnectedTotalWritten=0;CT;1:NR
    MMSW:VSBTRD:ClientInvalidData=1;CT;1:NR
06-04 05:58:08.002 182-182/? I/btremoted: Closing 5
    Closing 6
    Clear buffer
06-04 05:58:08.008 2292-8459/? D/BluetoothReceiverService: BluetoothReceiverRx com.amazon.device.controllermanager.bluetooth.UPDATE_DEVICE
06-04 05:58:08.010 2292-8459/? D/ControllerProvider: << update(updateDontAdd vals: address=xx:xx:3D:xx:xx:1F versionSynced=false)
       Uri content://com.amazon.device.controller.provider/device
06-04 05:58:08.011 2292-8459/? D/ControllerProvider:    called from com.amazon.device.controllermanager.bluetooth.BluetoothReceiverService.onHandleIntent(BluetoothReceiverService.java:96)
       called from android.app.IntentService$ServiceHandler.handleMessage(IntentService.java:65)
       called from android.os.Handler.dispatchMessage(Handler.java:102)
       called from android.os.Looper.loop(Looper.java:135)
    >> called from android.os.HandlerThread.run(HandlerThread.java:61)
06-04 05:58:08.012 137-228/? I/[MALI][Gralloc]: usage0: 0x933, format7: 1 stride2: 1920 vertical_stride6: 1080 size: 8294400
06-04 05:58:08.049 2292-5410/? D/ControllerProvider: << query()
       Uri content://com.amazon.device.controller.provider/device
06-04 05:58:08.051 2292-5410/? D/ControllerProvider: >> remote call from com.amazon.tv.settings
06-04 05:58:08.052 2292-5410/? D/ControllerProvider: Paired devices:
      Device["Amazon Fire TV Remote" xx:xx:3D:xx:xx:1F type:0x100 ver:131 online notifications: true not-synced]
06-04 05:58:08.053 2292-5410/? D/ControllerProvider:   Device["Amazon Fire TV Remote" xx:xx:C9:xx:xx:4A type:0x8 ver:null online notifications: false not-synced]
06-04 05:58:08.071 8125-8125/? W/View: requestLayout() improperly called by android.widget.TextView{2cb8636 V.ED.... ..S...ID 0,0-500,44 #7f110158 app:id/action_title} during layout: running second layout pass
06-04 05:58:09.439 79-79/? I/Kernel: [ 5312.223538].(3)[79:kworker/3:1][MUSB] USB is ready for connect
06-04 05:58:09.636 2122-2237/? D/btif_config_util: btif_config_save_file(L188): in file name:/data/misc/bluedroid/bt_config.new
06-04 05:58:10.433 4464-8451/? D/dfu.api: Didn't receive Bluetooth Profile service connection after 5000ms
06-04 05:58:10.433 4464-8451/? I/dfu.api: Requesting software version
06-04 05:58:10.433 4464-8451/? D/dfu.api: isConnected is false. Service not connected at the moment.
06-04 05:58:10.433 4464-8451/? E/dfu.receiver: Failed connecting to xx:xx:C9:xx:xx:4A with exception Inigo service connection is not established.
06-04 05:58:10.439 4464-8451/? D/BluetoothDevice: mAddress: 0C:47:C9:02:5C:4A
06-04 05:58:10.439 4464-8451/? D/dfu.api: Releasing connection to xx:xx:C9:xx:xx:4A
06-04 05:58:10.440 4464-8451/? D/BluetoothDevice: mAddress: 0C:47:C9:02:5C:4A
06-04 05:58:10.440 4464-8451/? D/dfu.api: isConnected is false. Service not connected at the moment.
06-04 05:58:10.457 4464-8451/? V/DeviceType: To load DeviceType from com.amazon.device.controller.provider/device
06-04 05:58:10.457 2292-2292/? E/DfuReceiver: Error retrieving remote data: Inigo service connection is not established.
06-04 05:58:10.458 2292-2292/? I/LoggerMetricsFactoryImpl: dfu:device_firmware:error=Inigo service connection is not established.;DV;1:NR
06-04 05:58:10.459 2292-2292/? D/ControllerProvider: << update(updateDontAdd vals: address=xx:xx:C9:xx:xx:4A versionSynced=false versionSyncError=Inigo service connection is not established. versionQueried=false)
       Uri content://com.amazon.device.controller.provider/device
       called from com.amazon.device.controllermanager.DfuReceiver.onReceive(DfuReceiver.java:113)
       called from android.app.ActivityThread.handleReceiver(ActivityThread.java:2663)
       called from android.app.ActivityThread.access$1700(ActivityThread.java:160)
       called from android.app.ActivityThread$H.handleMessage(ActivityThread.java:1398)
    >> called from android.os.Handler.dispatchMessage(Handler.java:102)
06-04 05:58:10.460 2292-2292/? I/Device: versionQueried set to false for Device["Amazon Fire TV Remote" xx:xx:C9:xx:xx:4A type:0x8 ver:null online notifications: false not-synced]
06-04 05:58:10.460 2292-8360/? D/ControllerProvider: << query()
06-04 05:58:10.460 2292-2292/? D/Utility: Querying device for version: Device["Amazon Fire TV Remote" xx:xx:C9:xx:xx:4A type:0x8 ver:null online notifications: false not-synced]
06-04 05:58:10.460 2292-8360/? D/ControllerProvider:    Uri content://com.amazon.device.controller.provider/device
06-04 05:58:10.461 2292-8360/? D/ControllerProvider: >> remote call from com.amazon.device.bluetoothdfu
    Paired devices:
      Device["Amazon Fire TV Remote" xx:xx:3D:xx:xx:1F type:0x100 ver:131 online notifications: true not-synced]
06-04 05:58:10.462 2292-8360/? D/ControllerProvider:   Device["Amazon Fire TV Remote" xx:xx:C9:xx:xx:4A type:0x8 ver:null online notifications: false not-synced]
06-04 05:58:10.462 2292-2292/? I/ControllerProvider: versionQueried set to true
06-04 05:58:10.465 4464-8451/? V/DeviceType: Loaded DeviceType dType=8 macIn=0C:47:C9:02:5C:4A
    Loaded DeviceType dType=256 macIn=38:F7:3D:8E:47:1F
06-04 05:58:10.466 4464-8451/? D/dfu.api: Acquiring connection to xx:xx:3D:xx:xx:1F
06-04 05:58:10.468 4464-8451/? D/BluetoothDevice: mAddress: 38:F7:3D:8E:47:1F
06-04 05:58:10.468 2122-4513/? D/BluetoothDevice: mAddress: 38:F7:3D:8E:47:1F
    mAddress: 38:F7:3D:8E:47:1F
06-04 05:58:10.469 2122-4513/? I/BluetoothAdapterService:  getAmzRemoteVid() device address=38:F7:3D:8E:47:1F
06-04 05:58:10.469 2122-2146/? D/BluetoothDevice: mAddress: 38:F7:3D:8E:47:1F
06-04 05:58:10.470 2122-2146/? D/BluetoothDevice: mAddress: 38:F7:3D:8E:47:1F
06-04 05:58:10.470 2122-2146/? I/BluetoothAdapterService:  getAmzRemotePid() device address=38:F7:3D:8E:47:1F
06-04 05:58:10.470 4464-8451/? D/dfu.api: Support both AMAZON_VID && AMAZON_LE_VID for ble remote.
06-04 05:58:10.470 4464-8451/? D/BluetoothDevice: mAddress: 38:F7:3D:8E:47:1F
06-04 05:58:10.472 4464-8451/? D/BluetoothDevice: mAddress: 38:F7:3D:8E:47:1F
06-04 05:58:10.472 4464-8451/? V/dfu.api: createMetricsEvent:BluetoothDFU : DfuUpdateTask
06-04 05:58:10.473 4464-8451/? I/dfu.api: Opening RFComm authenticated=false, encrypted=true, port=Service Record 00001101-0000-1000-8000-00805f9b34fb
06-04 05:58:10.473 4464-8451/? D/BluetoothDevice: mAddress: 38:F7:3D:8E:47:1F
