06-04 05:57:44.473 4464-8411/? I/dfu.DeviceLogProcess: Device_Status_Log reply_string_starts[00 00 00 00 00 00 00 00 00 00 00 00 00 00 00 00 00 00 00 00 00 00 00 00 00 00 00 00 00 00 00 00 00 00 00 00 00 00 00 00 00 00 00 00 00 00 00 00 00 00 00 00 00 00 00 00 00 00 00 00 00 00 00 00 00 00 00 00 00 00 00 00 00 00 00 00 00 00 00 00 00 00 00 00 00 00 00 00 00 00 00 00 00 00 00 00 00 00 00 00 00 00 00 00 00 00 00 00 00 00 00 00 00 00 00 00 00 00 00 00 00 00 00 00 00 00 00 00 00 00 00 00 00 00 00 00 00 00 00 00 00 00 00 00 00 00 00 00 00 00 00 00 00 00 00 00 00 00 00 00 00 00 00 00 00 00 00 00 00 00 00 00 00 00 00 00 00 00 00 00 00 00 00 00 00 00 00 00 00 00 00 00 00 00 00 00 00 00 00 00 00 00 00 00 00 00 00 00 00 00 00 00 00 00 00 00 00 00 00 00 00 00 00 00 00 00 00 00 00 00 00 00 00 00 00 00 00 00 00 00 00 00 00 00 00 00 00 00 00 00 00 00 00 00 00 00 00 00 00 00 00 00 00 00 00 00 00 00 00 00 00 00 00 00 00 00 00 00 00 00 00 00 00 00 00 00 00 00 00 00 00 00 00 00 00 00 00 00 00 00 00 00 00 00 00 00 00 00 00 00 00 00 00 00 00 00 00 00 00 00 00 00 00 00 00 00 00 00 00 00 00 00 00 00 00 00 00 00 00 00 00 00 00 00 00 00 00 00 00 00 00 00 00 00 00 00 00 00 00 00 00 00 00 00 00 00 00 00 00 00 00 00 00 00 00 00 00 00 00 00 00 00 00 00 00 00 00 00 00 00 00 00 00 00 00 00 00 00 00 00 00 00 00 00 00 00 00 00 00 00 00 00 00 00 00 00 00 00 00 00 00 00 00 00 00 00 00 00 00 00 00 00 00 00 00 00 00 00 00 00 00 00 00 00 00 00 00 00 00 00 00 00 00 00 00 00 00 00 00 00 00 00 00 00 00 00 00 00 00 00 00 00 00 00 00 00 00 00 00 00 00 00 00 00 00 00 00 00 00 00 00 00 00 00 00 00 00 00 00 00 00 00 00 00 00 00 00 00 00 00 00 00 00 00 00 00 00 00 00 00 00 00 00 00 00 00 00 00 00 00 00 00 00 00 00 00 00 00 00 00 00 00 00 00 00 00 00 00 00 00 00 00 00 00 00 00 00 00 00 00 00 00 00 00 00 00 00 00 00 00 00 00 00 00 00 00 00 00 00 00 00 00 00 00 00 00 00 00 00 00 00 00 00 00 00 00 00 00 00 00 00 00 00 00 00 00 00 00 00 00 00 00 00 00 00 00 00 00 00 00 00 00 00 00 00 00 00 00 00 00 00 00 00 00 00 00 00 00 00 00 00 00 00 00 00 00 00 00 00 00 00 00 00 00 00 00 00 00 00 00 00 00 00 00 00 00 00 00 00 00 00 00 00 00 00 00 00 00 00 00 00 00 00 00 00 00 00 00 00 00 00 00 00 00 00 00 00 00 00 00 00 00 00 00 00 00 00 00 00 00 00 00 00 00 00 00 00 00 00 00 00 00 00 00 00 00 00 00 00 00 00 00 00 00 00 00 4C 00 00 00 00 00 00 00 05 01 00 00 F1 05 00 00 05 00 00 00 F3 05 00 00 0E 01 00 00 6B 06 00 00 0E 00 00 00 73 06 00 00 0E 01 00 00 46 0A 00 00 0E 00 00 00 B4 0A 00 00 0E 01 00 00 46 0F 00 00]reply_string_ends.
    Device_Status_Log loop=18
06-04 05:57:44.518 4464-8411/? I/dfu.DeviceLogProcess: Device_Status_Log bytes=800
06-04 05:57:44.592 4464-8411/? I/dfu.DeviceLogProcess: Device_Status_Log reply_string_starts[0E 00 00 00 21 17 00 00 07 01 00 00 40 19 00 00 07 00 00 00 CE 19 00 00 0E 01 00 00 3F 37 00 00 0E 00 00 00 F2 37 00 00 0E 01 00 00 F2 3F 00 00 0E 00 00 00 42 45 00 00 07 01 00 00 8A 47 00 00 07 00 00 00 F8 47 00 00 0B 01 00 00 13 4E 00 00 0B 00 00 00 9F 4E 00 00 0B 01 00 00 EA 4F 00 00 0B 00 00 00 79 50 00 00 0B 01 00 00 1A 52 00 00 0B 00 00 00 C3 52 00 00 0B 01 00 00 57 53 00 00 0B 00 00 00 F2 53 00 00 0B 01 00 00 0E 55 00 00 0B 00 00 00 8E 55 00 00 10 01 00 00 F5 5A 00 00 10 00 00 00 AA 5B 00 00 06 01 00 00 9F 63 00 00 06 00 00 00 38 64 00 00 0E 01 00 00 F2 67 00 00 0E 00 00 00 68 68 00 00 0E 01 00 00 77 6D 00 00 0E 00 00 00 13 72 00 00 0B 01 00 00 A5 73 00 00 0B 00 00 00 00 74 00 00 0B 01 00 00 66 74 00 00 0B 00 00 00 D7 74 00 00 0B 01 00 00 2C 75 00 00 0B 00 00 00 86 75 00 00 07 01 00 00 8C 76 00 00 07 00 00 00 0E 77 00 00 0E 01 00 00 BF 87 00 00 0E 00 00 00 EC 91 00 00 06 01 00 00 1F 98 00 00 06 00 00 00 00 99 00 00 03 01 00 00 4C 9C 00 00 03 00 00 00 83 9C 00 00 0B 01 00 00 60 9F 00 00 0B 00 00 00 DC 9F 00 00 0E 01 00 00 71 A2 00 00 0E 00 00 00 34 AF 00 00 0E 01 00 00 CB B0 00 00 0E 00 00 00 2C B1 00 00 0B 01 00 00 BA B3 00 00 0B 00 00 00 11 B4 00 00 03 01 00 00 A6 B5 00 00 03 00 00 00 1D B6 00 00 07 01 00 00 41 B7 00 00 07 00 00 00 DB B7 00 00 0E 01 00 00 F1 BC 00 00 0E 00 00 00 8C BD 00 00 0E 01 00 00 68 C2 00 00 0E 00 00 00 32 D2 00 00 0E 01 00 00 7A D2 00 00 0E 00 00 00 13 D3 00 00 0E 01 00 00 76 D3 00 00 0E 00 00 00 12 D4 00 00 07 01 00 00 E9 D7 00 00 07 00 00 00 78 D8 00 00 0E 01 00 00 5A DB 00 00 0E 00 00 00 9D E2 00 00 0E 01 00 00 27 05 01 00 0E 00 00 00 6F 18 01 00 0E 01 00 00 25 19 01 00 0E 00 00 00 08 1D 01 00 00 00 00 00 00 00 00 00 00 00 00 00 00 00 00 00 00 00 00 00 00 00 00 00 00 00 00 00 00 00 00 00 00 00 00 00 00 00 00 00 00 00 00 00 00 00 00 00 00 00 00 00 00 00 00 00 00 00 00 00 00 00 00 00 00 00 00 00 00 00 00 00 00 00 00 00 00 00 00 00 00 00 00 00 00 00 00 00 00 00 00 00 00 00 00 00 00 00 00 00 00 00 00 00 00 00 00 00 00 00 00 00 00 00 00 00 00 00 00 00 00 00 00 00 00 00 00 00 00 00 00 00 00 00 00 00 00 00 00 00 00 00 00 00 00 00 00 00 00 00 00 00 00 00 00 00 00 00 00 00 00 00 00 00 00 00 00 00 00 00 00 00 00 00 00 00 00 00 00 00 00 00 00 00 00 00 00 00 00 00 00 00 00 00 00 00 00 00 00 00 00 00 00 00 00 00 00 00 00 00 00 00 00 00 00 00 00 00 00 00 00 00 00 00 00 00 00 00 00 00 00 00 00 00 00 00 00 00 00 00 00 00 00 00 00 00 00 00]reply_string_ends.
    Device_Status_Log loop=19
06-04 05:57:44.636 4464-8411/? I/dfu.DeviceLogProcess: Device_Status_Log bytes=800
06-04 05:57:44.714 4464-8411/? I/dfu.DeviceLogProcess: Device_Status_Log reply_string_starts[00 00 00 00 00 00 00 00 00 00 00 00 00 00 00 00 00 00 00 00 00 00 00 00 00 00 00 00 00 00 00 00 00 00 00 00 00 00 00 00 00 00 00 00 00 00 00 00 00 00 00 00 00 00 00 00 00 00 00 00 00 00 00 00 00 00 00 00 00 00 00 00 00 00 00 00 00 00 00 00 00 00 00 00 00 00 00 00 00 00 00 00 00 00 00 00 00 00 00 00 00 00 00 00 00 00 00 00 00 00 00 00 00 00 00 00 00 00 00 00 00 00 00 00 00 00 00 00 00 00 00 00 00 00 00 00 00 00 00 00 00 00 00 00 00 00 00 00 00 00 00 00 00 00 00 00 00 00 00 00 00 00 00 00 00 00 00 00 00 00 00 00 00 00 00 00 00 00 00 00 00 00 00 00 00 00 00 00 00 00 00 00 00 00 00 00 00 00 00 00 00 00 00 00 00 00 00 00 00 00 00 00 00 00 00 00 00 00 00 00 00 00 00 00 00 00 00 00 00 00 00 00 00 00 00 00 00 00 00 00 00 00 00 00 00 00 00 00 00 00 00 00 00 00 00 00 00 00 00 00 00 00 00 00 00 00 00 00 00 00 00 00 00 00 00 00 00 00 00 00 00 00 00 00 00 00 00 00 00 00 00 00 00 00 00 00 00 00 00 00 00 00 00 00 00 00 00 00 00 00 00 00 00 00 00 00 00 00 00 00 00 00 00 00 00 00 00 00 00 00 00 00 00 00 00 00 00 00 00 00 00 00 00 00 00 00 00 00 00 00 00 00 00 00 00 00 00 00 00 00 00 00 00 00 00 00 00 00 00 00 00 00 00 00 00 00 00 00 00 00 00 00 00 00 00 00 00 00 00 00 00 00 00 00 00 00 00 00 00 00 00 00 00 00 00 00 00 00 00 00 00 00 00 00 00 00 00 00 00 00 00 00 00 00 00 00 00 00 00 00 00 00 00 00 00 00 00 00 00 00 00 00 00 00 00 00 00 00 00 00 00 00 00 00 00 00 00 00 00 00 00 00 00 00 00 00 00 00 00 00 00 00 00 00 00 00 00 00 00 00 00 00 00 00 00 00 00 00 00 00 00 00 00 00 00 00 00 00 00 00 00 00 00 00 00 00 00 00 00 00 00 00 00 00 00 00 00 00 00 00 00 00 00 00 00 00 00 00 00 00 00 00 00 00 00 00 00 00 00 00 00 00 00 00 00 00 00 00 00 00 00 00 00 00 00 00 00 00 00 00 00 00 00 00 00 00 00 00 00 00 00 00 00 00 00 00 00 00 00 00 00 00 00 00 00 00 00 00 00 00 00 00 00 00 00 00 00 00 00 00 00 00 00 00 00 00 00 00 00 00 00 00 00 00 00 00 00 00 00 00 00 00 00 00 00 00 00 00 00 00 00 00 00 00 00 00 00 00 00 00 00 00 00 00 00 00 00 00 00 00 00 00 00 00 00 00 00 00 00 00 00 00 00 00 00 00 00 00 00 00 00 00 00 00 00 00 00 00 00 00 00 00 00 00 00 00 00 00 00 00 00 00 00 00 00 00 00 00 00 00 00 00 00 00 00 00 00 00 00 00 00 00 00 00 00 00 00 00 00 00 00 00 00 00 00 00 00 00 00 00 00 00 00 00 00 00 00 00 00 00 00 00 00 00 00 00 00 00 00 00 00 00 00 00 00 00 00 00 00 00 00 00 00 00 00 00 00 00 00 00 00 00 00 00 00 00 00 00 00 00 00 00 00 00 00 00 00 00 00 00 00 00 00 00 00 00 00 00 00 00]reply_string_ends.
06-04 05:57:44.715 4464-8411/? I/dfu.DeviceLogProcess: Device_Status_Log loop=20
06-04 05:57:44.774 4464-8411/? I/dfu.DeviceLogProcess: Device_Status_Log bytes=384
06-04 05:57:44.799 4464-8411/? I/dfu.DeviceLogProcess: Device_Status_Log reply_string_starts[00 00 00 00 00 00 00 00 00 00 00 00 00 00 00 00 00 00 00 00 00 00 00 00 00 00 00 00 00 00 00 00 00 00 00 00 00 00 00 00 00 00 00 00 00 00 00 00 00 00 00 00 00 00 00 00 00 00 00 00 00 00 00 00 00 00 00 00 00 00 00 00 00 00 00 00 00 00 00 00 00 00 00 00 00 00 00 00 00 00 00 00 00 00 00 00 00 00 00 00 00 00 00 00 00 00 00 00 00 00 00 00 00 00 00 00 00 00 00 00 00 00 00 00 00 00 00 00 00 00 00 00 00 00 00 00 00 00 00 00 00 00 00 00 00 00 00 00 00 00 00 00 00 00 00 00 00 00 00 00 00 00 00 00 00 00 00 00 00 00 00 00 00 00 00 00 00 00 00 00 00 00 00 00 00 00 00 00 00 00 00 00 00 00 00 00 00 00 00 00 00 00 00 00 00 00 00 00 00 00 00 00 00 00 00 00 00 00 00 00 00 00 00 00 00 00 00 00 00 00 00 00 00 00 00 00 00 00 00 00 00 00 00 00 00 00 00 00 00 00 00 00 00 00 00 00 00 00 00 00 00 00 00 00 00 00 00 00 00 00 00 00 00 00 00 00 00 00 00 00 00 00 00 00 00 00 00 00 00 00 00 00 00 00 00 00 00 00 00 00 00 00 00 00 00 00 00 00 00 00 00 00 00 00 00 00 00 00 00 00 00 00 00 00 00 00 00 00 00 00 00 00 00 00 00 00 00 00 00 00 00 00 00 00 00 00 00 00 00 00 00 00 00 00 00 00 00 00 00 00 00 00 00 00 00 00 00 00 00 00 00 00 00 00 00 00 00 00 00 00 00 00 00 00]reply_string_ends.
    Device_Status_Log loop=21
06-04 05:57:44.837 4464-8411/? I/dfu.DeviceLogProcess: logDeviceStatus empty reply.
    Device_Status_Log result total bytes=16384.
    logDeviceStatus leaves
06-04 05:57:44.837 4464-8411/? D/dfu.receiver: Reply for mac xx:xx:3D:xx:xx:1F with dsn=G0G0NL0574812PDN, version=131, battery=77, device_type=256
06-04 05:57:44.839 4464-8411/? D/BluetoothDevice: mAddress: 38:F7:3D:8E:47:1F
06-04 05:57:44.839 4464-8411/? D/dfu.api: Releasing connection to xx:xx:3D:xx:xx:1F
06-04 05:57:44.839 4464-8411/? I/dfu.api: Closed RFComm
06-04 05:57:44.840 4464-8411/? D/BluetoothDevice: mAddress: 38:F7:3D:8E:47:1F
06-04 05:57:44.855 4464-8411/? V/DeviceType: To load DeviceType from com.amazon.device.controller.provider/device
06-04 05:57:44.857 2292-2292/? D/DfuReceiver: DFU Device Info: [xx:xx:3D:xx:xx:1F]; Version: 131; Serial: G0G0NL0574812PDN; Battery: 77
06-04 05:57:44.857 2292-2292/? I/LoggerMetricsFactoryImpl: dfu:device_firmware:version=131;DV;1:NR
06-04 05:57:44.859 2292-2292/? D/ControllerProvider: << update(updateDontAdd vals: address=xx:xx:3D:xx:xx:1F versionSynced=true serial=G0G0NL0574812PDN versionSyncError=null versionQueried=false battery=77 version=131)
       Uri content://com.amazon.device.controller.provider/device
       called from com.amazon.device.controllermanager.DfuReceiver.onReceive(DfuReceiver.java:113)
       called from android.app.ActivityThread.handleReceiver(ActivityThread.java:2663)
       called from android.app.ActivityThread.access$1700(ActivityThread.java:160)
       called from android.app.ActivityThread$H.handleMessage(ActivityThread.java:1398)
    >> called from android.os.Handler.dispatchMessage(Handler.java:102)
06-04 05:57:44.859 2292-5410/? D/ControllerProvider: << query()
       Uri content://com.amazon.device.controller.provider/device
06-04 05:57:44.860 2292-5410/? D/ControllerProvider: >> remote call from com.amazon.device.bluetoothdfu
06-04 05:57:44.860 2292-2292/? I/Device: versionQueried set to false for Device["Amazon Fire TV Remote" xx:xx:3D:xx:xx:1F type:0x100 ver:131 online notifications: true synced]
06-04 05:57:44.860 2292-5410/? D/ControllerProvider: Paired devices:
      Device["Amazon Fire TV Remote" xx:xx:3D:xx:xx:1F type:0x100 ver:131 online notifications: true synced]
06-04 05:57:44.861 2292-5410/? D/ControllerProvider:   Device["Amazon Fire TV Remote" xx:xx:C9:xx:xx:4A type:0x8 ver:null online notifications: false not-synced]
06-04 05:57:44.864 4464-8411/? V/DeviceType: Loaded DeviceType dType=8 macIn=0C:47:C9:02:5C:4A
    Loaded DeviceType dType=256 macIn=38:F7:3D:8E:47:1F
06-04 05:57:44.865 4464-8411/? D/dfu.api: Acquiring connection to xx:xx:C9:xx:xx:4A
06-04 05:57:44.867 4464-8411/? D/BluetoothDevice: mAddress: 38:F7:3D:8E:47:1F
    mAddress: 0C:47:C9:02:5C:4A
06-04 05:57:44.868 2122-2141/? D/BluetoothDevice: mAddress: 0C:47:C9:02:5C:4A
    mAddress: 0C:47:C9:02:5C:4A
06-04 05:57:44.868 2122-2141/? I/BluetoothAdapterService:  getAmzRemoteVid() device address=0C:47:C9:02:5C:4A
06-04 05:57:44.869 2122-4514/? D/BluetoothDevice: mAddress: 0C:47:C9:02:5C:4A
    mAddress: 0C:47:C9:02:5C:4A
06-04 05:57:44.869 2122-4514/? I/BluetoothAdapterService:  getAmzRemotePid() device address=0C:47:C9:02:5C:4A
06-04 05:57:44.869 4464-8411/? D/dfu.api: Support both AMAZON_VID && AMAZON_LE_VID for ble remote.
06-04 05:57:44.869 4464-8411/? D/BluetoothDevice: mAddress: 0C:47:C9:02:5C:4A
06-04 05:57:44.871 4464-8411/? D/BluetoothDevice: mAddress: 38:F7:3D:8E:47:1F
    mAddress: 0C:47:C9:02:5C:4A
06-04 05:57:44.871 4464-8411/? V/dfu.api: createMetricsEvent:BluetoothDFU : DfuUpdateTask
06-04 05:57:44.875 2122-2343/? W/bt-btif: bta_jv_rfc_port_to_cb(port_handle:0x4):jv handle:0x0 not FOUND
06-04 05:57:44.878 2292-2292/? D/ControllerProvider: Version has been synced
06-04 05:57:44.880 2122-2141/? D/BluetoothDevice: mAddress: 38:F7:3D:8E:47:1F
06-04 05:57:44.880 2292-2292/? D/BluetoothDevice: mAddress: 38:F7:3D:8E:47:1F
06-04 05:57:44.881 2292-6678/? D/ControllerProvider: << query()
       Uri content://com.amazon.device.controller.provider/device
06-04 05:57:44.881 2122-4514/? D/BluetoothDevice: mAddress: 38:F7:3D:8E:47:1F
    mAddress: 38:F7:3D:8E:47:1F
06-04 05:57:44.881 2122-4514/? I/BluetoothAdapterService:  getAmzRemoteVid() device address=38:F7:3D:8E:47:1F
06-04 05:57:44.881 2292-6678/? D/ControllerProvider: >> remote call from com.amazon.tv.settings
    Paired devices:
06-04 05:57:44.882 2292-6678/? D/ControllerProvider:   Device["Amazon Fire TV Remote" xx:xx:3D:xx:xx:1F type:0x100 ver:131 online notifications: true synced]
      Device["Amazon Fire TV Remote" xx:xx:C9:xx:xx:4A type:0x8 ver:null online notifications: false not-synced]
06-04 05:57:44.882 2122-4513/? D/BluetoothDevice: mAddress: 38:F7:3D:8E:47:1F
    mAddress: 38:F7:3D:8E:47:1F
06-04 05:57:44.882 2122-4513/? I/BluetoothAdapterService:  getAmzRemotePid() device address=38:F7:3D:8E:47:1F
06-04 05:57:44.883 2292-2292/? D/Device: getType(BluetoothDevice): VID:PID 6473:1040
06-04 05:57:44.883 2122-2146/? D/BluetoothDevice: mAddress: 38:F7:3D:8E:47:1F
    mAddress: 38:F7:3D:8E:47:1F
06-04 05:57:44.883 2122-2146/? I/BluetoothAdapterService:  getAmzRemoteVid() device address=38:F7:3D:8E:47:1F
06-04 05:57:44.885 2122-2141/? D/BluetoothDevice: mAddress: 38:F7:3D:8E:47:1F
    mAddress: 38:F7:3D:8E:47:1F
06-04 05:57:44.885 2122-2141/? I/BluetoothAdapterService:  getAmzRemotePid() device address=38:F7:3D:8E:47:1F
06-04 05:57:44.885 2292-2292/? D/ControllerProvider: << query()
06-04 05:57:44.886 2292-2292/? D/ControllerProvider:    Uri content://com.amazon.device.controller.provider/device/update
       called from android.content.ContentResolver.query(ContentResolver.java:478)
       called from android.content.ContentResolver.query(ContentResolver.java:422)
       called from com.amazon.device.controllermanager.Utility.isDeviceUpdatable(Utility.java:107)
       called from com.amazon.device.controllermanager.Utility.silentlyUpdateDeviceIfNecessary(Utility.java:131)
    >> called from com.amazon.device.controllermanager.DfuReceiver.onReceive(DfuReceiver.java:118)
06-04 05:57:44.886 2292-2292/? D/Utility: Remote is not up-to-date, starting silent DFU
06-04 05:57:44.888 2122-4514/? D/BluetoothDevice: mAddress: 38:F7:3D:8E:47:1F
06-04 05:57:44.888 2292-2292/? D/BluetoothDevice: mAddress: 38:F7:3D:8E:47:1F
06-04 05:57:44.889 2122-4513/? D/BluetoothDevice: mAddress: 38:F7:3D:8E:47:1F
    mAddress: 38:F7:3D:8E:47:1F
06-04 05:57:44.889 2122-4513/? I/BluetoothAdapterService:  getAmzRemoteVid() device address=38:F7:3D:8E:47:1F
06-04 05:57:44.889 2122-2146/? D/BluetoothDevice: mAddress: 38:F7:3D:8E:47:1F
    mAddress: 38:F7:3D:8E:47:1F
06-04 05:57:44.890 2122-2146/? I/BluetoothAdapterService:  getAmzRemotePid() device address=38:F7:3D:8E:47:1F
06-04 05:57:44.890 2292-2292/? D/Device: getType(BluetoothDevice): VID:PID 6473:1040
06-04 05:57:44.891 2122-2141/? D/BluetoothDevice: mAddress: 38:F7:3D:8E:47:1F
    mAddress: 38:F7:3D:8E:47:1F
06-04 05:57:44.891 2122-2141/? I/BluetoothAdapterService:  getAmzRemoteVid() device address=38:F7:3D:8E:47:1F
06-04 05:57:44.891 2122-4514/? D/BluetoothDevice: mAddress: 38:F7:3D:8E:47:1F
    mAddress: 38:F7:3D:8E:47:1F
06-04 05:57:44.891 2122-4514/? I/BluetoothAdapterService:  getAmzRemotePid() device address=38:F7:3D:8E:47:1F
06-04 05:57:44.892 2292-2292/? I/Utility: About to perform silent DFU on Device["Amazon Fire TV Remote" xx:xx:3D:xx:xx:1F type:0x100 ver:null offline notifications: true not-synced]
06-04 05:57:44.897 8125-8125/? W/View: requestLayout() improperly called by android.widget.TextView{2cb8636 V.ED.... ..S...ID 0,0-500,44 #7f110158 app:id/action_title} during layout: running second layout pass
06-04 05:57:44.916 4464-4464/? V/dfu.service.SilentDFU: address=38:F7:3D:8E:47:1F type=256
06-04 05:57:44.960 4464-4464/? D/dfu.api: Acquiring connection to xx:xx:3D:xx:xx:1F
06-04 05:57:44.961 4464-4464/? D/BluetoothDevice: mAddress: 38:F7:3D:8E:47:1F
06-04 05:57:44.962 2122-2141/? D/BluetoothDevice: mAddress: 38:F7:3D:8E:47:1F
    mAddress: 38:F7:3D:8E:47:1F
06-04 05:57:44.962 2122-2141/? I/BluetoothAdapterService:  getAmzRemoteVid() device address=38:F7:3D:8E:47:1F
06-04 05:57:44.963 2122-4514/? D/BluetoothDevice: mAddress: 38:F7:3D:8E:47:1F
    mAddress: 38:F7:3D:8E:47:1F
06-04 05:57:44.963 2122-4514/? I/BluetoothAdapterService:  getAmzRemotePid() device address=38:F7:3D:8E:47:1F
06-04 05:57:44.963 4464-4464/? D/dfu.api: Support both AMAZON_VID && AMAZON_LE_VID for ble remote.
06-04 05:57:44.963 4464-4464/? D/BluetoothDevice: mAddress: 38:F7:3D:8E:47:1F
06-04 05:57:44.964 4464-4464/? D/BluetoothDevice: mAddress: 38:F7:3D:8E:47:1F
06-04 05:57:44.964 4464-4464/? V/dfu.api: createMetricsEvent:BluetoothDFU : DfuUpdateTask
06-04 05:57:44.971 4464-4464/? V/TASKRUNNER: TaskRunnerService startTask xx:xx:3D:xx:xx:1F task=com.amazon.device.bluetoothdfulib.tasks.DfuUpdateTask@974b4c9
06-04 05:57:44.972 4464-4464/? I/dfu.task:  setUiThreadEventListener = com.amazon.device.bluetoothdfulib.service.TaskRunnerService$DFUNode@323c67ce
06-04 05:57:44.974 4464-8423/? I/dfu.task:  doInBackground enters
06-04 05:57:44.974 4464-8423/? I/dfu.api: Start DfuUpdateTask
06-04 05:57:44.978 4464-8423/? D/DfuUpdateTask:  run Synchronized ...
    start DFU=com.amazon.device.bluetoothdfulib.dfu.RfcommDFU@117095fc
06-04 05:57:44.980 4464-4464/? D/ProductNameFormat: format = Fire TV Stick
06-04 05:57:44.995 4464-4464/? I/FrameworkJumpTable: Successfully loaded all classes
06-04 05:57:44.997 4464-8423/? V/dfu.api: Update 00%
06-04 05:57:45.006 4464-8423/? I/dfu.api: Starting BluetoothDFU update task 5.4.0-237 Build:540023710
06-04 05:57:45.008 2122-2141/? D/BluetoothDevice: mAddress: 38:F7:3D:8E:47:1F
06-04 05:57:45.008 4464-8423/? D/BluetoothDevice: mAddress: 38:F7:3D:8E:47:1F
06-04 05:57:45.009 4464-8423/? I/dfu.api: connecting to Amazon Fire TV Remote (mac=xx:xx:3D:xx:xx:1F)
    Opening RFComm authenticated=false, encrypted=true, port=Service Record 00001101-0000-1000-8000-00805f9b34fb
06-04 05:57:45.010 4464-8423/? D/BluetoothDevice: mAddress: 38:F7:3D:8E:47:1F
06-04 05:57:45.010 4464-8423/? W/BluetoothAdapter: getBluetoothService() called with no BluetoothManagerCallback
06-04 05:57:45.012 2122-4514/? D/BluetoothDevice: mAddress: 38:F7:3D:8E:47:1F
    mAddress: 38:F7:3D:8E:47:1F
06-04 05:57:45.012 2122-4514/? I/BluetoothAdapterService:  getAmzRemoteVid() device address=38:F7:3D:8E:47:1F
06-04 05:57:45.016 2122-4514/? D/BluetoothDevice: mAddress: 38:F7:3D:8E:47:1F
    mAddress: 38:F7:3D:8E:47:1F
06-04 05:57:45.016 2122-4514/? I/BluetoothAdapterService:  getAmzRemotePid() device address=38:F7:3D:8E:47:1F
06-04 05:57:45.016 2122-4514/? D/BluetoothDevice: mAddress: 38:F7:3D:8E:47:1F
06-04 05:57:45.016 2122-4514/? D/BTIF_SOCK: service_uuid: 00001101-0000-1000-8000-00805f9b34fb
06-04 05:57:45.024 4464-4464/? I/FrameworkJumpTable: Successfully loaded all methods
06-04 05:57:45.026 4464-4464/? I/FrameworkJumpTable: Successfully loaded all fields
06-04 05:57:45.042 4464-4464/? W/ResourceType: Attempt to retrieve bag 0x0103003e which is invalid or in a cycle.
06-04 05:57:45.087 4464-4464/? V/dfu.service.SilentDFU:  showNotification with timer 300 seconds.
06-04 05:57:45.087 4464-4464/? I/dfu.service.SilentDFU: Firmware update begins
06-04 05:57:45.087 4464-4464/? I/dfu.DFUNode: onEvent:running:
06-04 05:57:45.087 4464-4464/? V/dfu.service.SilentDFU: 000000 Dbg=Start DfuUpdateTask
06-04 05:57:45.087 4464-4464/? I/dfu.DFUNode: onEvent:running:
06-04 05:57:45.087 4464-4464/? V/dfu.service.SilentDFU: 000004 Prog=00%
06-04 05:57:45.087 4464-4464/? I/dfu.DFUNode: onEvent:running:
06-04 05:57:45.087 4464-4464/? V/dfu.service.SilentDFU: 000032 Dbg=Starting BluetoothDFU update task 5.4.0-237 Build:540023710
06-04 05:57:45.088 4464-4464/? I/dfu.DFUNode: onEvent:running:
06-04 05:57:45.088 4464-4464/? V/dfu.service.SilentDFU: 000035 Dbg=connecting to Amazon Fire TV Remote (mac=xx:xx:3D:xx:xx:1F)
06-04 05:57:45.088 4464-4464/? I/dfu.DFUNode: onEvent:running:
06-04 05:57:45.088 4464-4464/? V/dfu.service.SilentDFU: 000035 Dbg=Opening RFComm authenticated=false, encrypted=true, port=Service Record 00001101-0000-1000-8000-00805f9b34fb
06-04 05:57:45.105 2122-2343/? W/bt-btif: bta_hh_co_is_no_unsniff_amazon_remote: result = 1, vid = 0x1949, pid = 0x410
06-04 05:57:45.135 4464-4464/? W/ViewRootImpl: Dropping event due to no window focus: KeyEvent { action=ACTION_DOWN, keyCode=KEYCODE_DPAD_UP, scanCode=103, metaState=0, flags=0x8, repeatCount=0, eventTime=5287870, downTime=5287870, deviceId=7, source=0x301 }
06-04 05:57:45.140 2122-2343/? W/bt-sdp: process_service_search_attr_rsp
06-04 05:57:45.140 2122-2343/? W/bt-l2cap: L2CA_DisconnectReq()  CID: 0x004c
06-04 05:57:45.165 137-1036/? I/[MALI][Gralloc]: usage0: 0x933, format7: 1 stride2: 1920 vertical_stride6: 1080 size: 8294400
06-04 05:57:45.170 4464-4464/? I/HAL: loaded HAL id=gralloc path=/system/lib/hw/gralloc.mt8127.so hmi=0xb6dc23fd handle=0xab46c544
06-04 05:57:45.233 2122-2343/? W/bt-btif: bta_hh_co_is_no_unsniff_amazon_remote: result = 1, vid = 0x1949, pid = 0x410
06-04 05:57:45.267 2122-2343/? W/bt-btif: new conn_srvc id:26, app_id:1
06-04 05:57:45.267 4464-8423/? D/dfu.api: BT connection established, data transfer link open.
06-04 05:57:45.267 4464-4464/? I/dfu.DFUNode: onEvent:running:
06-04 05:57:45.268 4464-4464/? V/dfu.service.SilentDFU: 000293 Prog=01%
06-04 05:57:45.269 2122-2343/? W/bt-btif: bta_hh_co_is_no_unsniff_amazon_remote: result = 1, vid = 0x1949, pid = 0x410
06-04 05:57:45.359 79-79/? I/Kernel: [ 5288.143403].(3)[79:kworker/3:1][MUSB] USB is ready for connect
06-04 05:57:45.442 975-1080/? E/WifiStateMachine: WifiStateMachine CMD_START_SCAN source -2 txSuccessRate=0.02 rxSuccessRate=1.17 targetRoamBSSID=44:e1:37:be:5f:40 RSSI=-64
    WifiStateMachine L2Connected CMD_START_SCAN source -2 189, 190 ignore because P2P is connected
06-04 05:57:45.467 4464-4464/? I/dfu.DFUNode: onEvent:running:
06-04 05:57:45.467 4464-8423/? V/dfu.api: Update 02%
06-04 05:57:45.468 4464-8423/? I/dfu.api: Verifying battery level
06-04 05:57:45.468 4464-4464/? V/dfu.service.SilentDFU: 000493 Prog=02%
06-04 05:57:45.468 4464-4464/? I/dfu.DFUNode: onEvent:running:
06-04 05:57:45.468 4464-4464/? V/dfu.service.SilentDFU: 000493 Dbg=Verifying battery level
06-04 05:57:45.469 4464-4464/? I/dfu.DFUNode: onEvent:running:
06-04 05:57:45.470 4464-4464/? V/dfu.service.SilentDFU: 000495 Dbg=  send 7 bytes (chk=0x0009) F0 09 00 00 00 09 F1 
06-04 05:57:45.523 4464-4464/? I/dfu.DFUNode: onEvent:running:
06-04 05:57:45.523 4464-4464/? V/dfu.service.SilentDFU: 000549 Dbg=  reply F0 09 00 4D 00 56 F1 
06-04 05:57:45.524 4464-8423/? I/dfu.api: Verifying host battery level
06-04 05:57:45.524 4464-4464/? I/dfu.DFUNode: onEvent:running:
06-04 05:57:45.524 4464-4464/? V/dfu.service.SilentDFU: 000550 Dbg=Verifying host battery level
06-04 05:57:45.526 4464-4464/? I/dfu.DFUNode: onEvent:running:
06-04 05:57:45.526 4464-4464/? V/dfu.service.SilentDFU: 000552 Prog=03%
06-04 05:57:45.528 4464-8423/? I/dfu.api: Retrieving MCU version and determine the device type
06-04 05:57:45.528 4464-4464/? I/dfu.DFUNode: onEvent:running:
06-04 05:57:45.528 4464-4464/? V/dfu.service.SilentDFU: 000553 Dbg=Retrieving MCU version and determine the device type
06-04 05:57:45.529 4464-4464/? I/dfu.DFUNode: onEvent:running:
06-04 05:57:45.529 4464-4464/? V/dfu.service.SilentDFU: 000555 Dbg=  send 7 bytes (chk=0x0008) F0 08 00 00 00 08 F1 
06-04 05:57:45.588 4464-4464/? I/dfu.DFUNode: onEvent:running:
06-04 05:57:45.589 4464-4464/? V/dfu.service.SilentDFU: 000614 Dbg=  reply F0 08 00 35 32 32 31 33 31 36 33 00 01 9F F1 
06-04 05:57:45.589 4464-4464/? I/dfu.DFUNode: onEvent:running:
06-04 05:57:45.589 4464-4464/? V/dfu.service.SilentDFU: 000615 Prog=04%
06-04 05:57:45.590 4464-8423/? V/dfu.api: Update 04%
06-04 05:57:45.591 4464-8423/? I/dfu.api: device type matched is Snow
    Device Snow is currently running firmware version 131
06-04 05:57:45.592 4464-4464/? I/dfu.DFUNode: onEvent:running:
06-04 05:57:45.592 4464-4464/? V/dfu.service.SilentDFU: 000617 Dbg=Device Snow is currently running firmware version 131
06-04 05:57:45.592 4464-4464/? I/dfu.DFUNode: onEvent:running:
06-04 05:57:45.593 4464-4464/? V/dfu.service.SilentDFU: 000618 Prog=05%
06-04 05:57:45.593 4464-8423/? I/dfu.api: switchSnowRBufferSize set deviceType.sectorSize=4096, for Device Snow is running firmware version 131, SpecialVersion115=115.
06-04 05:57:45.593 4464-4464/? I/dfu.DFUNode: onEvent:running:
06-04 05:57:45.593 4464-4464/? V/dfu.service.SilentDFU: 000619 Dbg=switchSnowRBufferSize set deviceType.sectorSize=4096, for Device Snow is running firmware version 131, SpecialVersion115=115.
06-04 05:57:45.594 4464-4464/? I/dfu.DFUNode: onEvent:running:
06-04 05:57:45.595 4464-4464/? V/dfu.service.SilentDFU: 000620 Dbg=  send 7 bytes (chk=0x000d) F0 0D 00 00 00 0D F1 
06-04 05:57:45.656 4464-4464/? I/dfu.DFUNode: onEvent:running:
06-04 05:57:45.656 4464-4464/? V/dfu.service.SilentDFU: 000682 Dbg=  reply F0 0D 00 47 30 47 30 4E 4C 30 35 37 34 38 31 32 50 44 4E 03 E2 F1 
06-04 05:57:45.657 4464-8423/? D/BluetoothDevice: mAddress: 38:F7:3D:8E:47:1F
06-04 05:57:45.817 4464-8423/? I/dfu.api: Summary: Updating Snow from v131 to v137
06-04 05:57:45.817 4464-4464/? I/dfu.DFUNode: onEvent:running:
06-04 05:57:45.817 4464-8423/? V/dfu.api: Update 06%
06-04 05:57:45.817 4464-4464/? V/dfu.service.SilentDFU: 000843 Dbg=Summary: Updating Snow from v131 to v137
06-04 05:57:45.817 4464-4464/? I/dfu.DFUNode: onEvent:running:
06-04 05:57:45.817 4464-4464/? V/dfu.service.SilentDFU: 000843 Prog=06%
06-04 05:57:45.818 4464-8423/? I/dfu.api: Verifying that image Snow_137.bin signature corresponds to Snow
06-04 05:57:45.818 4464-8423/? V/dfu.api: Update 08%
06-04 05:57:45.819 4464-8423/? I/dfu.api: Downloading update v137 to your Remote
    Sending MCU firmware Snow_137.bin (estimated at 63 seconds)
06-04 05:57:45.820 4464-4464/? I/dfu.DFUNode: onEvent:running:
06-04 05:57:45.820 4464-8423/? I/dfu.api: Erasing external flash
06-04 05:57:45.821 4464-4464/? V/dfu.service.SilentDFU: 000844 Dbg=Verifying that image Snow_137.bin signature corresponds to Snow
06-04 05:57:45.821 4464-4464/? I/dfu.DFUNode: onEvent:running:
06-04 05:57:45.821 4464-8423/? I/dfu.api: sendFile sectorsize=4096 buffersize=8192
06-04 05:57:45.821 4464-4464/? V/dfu.service.SilentDFU: 000844 Dbg=Image file signature {00 00 43 FF} is valid
06-04 05:57:45.821 4464-4464/? I/dfu.DFUNode: onEvent:running:
06-04 05:57:45.821 4464-4464/? V/dfu.service.SilentDFU: 000844 Prog=08%
06-04 05:57:45.821 4464-4464/? I/dfu.DFUNode: onEvent:running:
06-04 05:57:45.821 4464-4464/? V/dfu.service.SilentDFU: 000845 Disp=Downloading update v137 to your Remote
06-04 05:57:45.821 4464-4464/? I/dfu.DFUNode: onEvent:running:
06-04 05:57:45.821 4464-4464/? V/dfu.service.SilentDFU: 000845 Dbg=Sending MCU firmware Snow_137.bin (estimated at 63 seconds)
06-04 05:57:45.821 4464-4464/? I/dfu.DFUNode: onEvent:running:
06-04 05:57:45.821 4464-4464/? V/dfu.service.SilentDFU: 000846 Dbg=Erasing external flash
06-04 05:57:45.821 4464-4464/? I/dfu.DFUNode: onEvent:running:
06-04 05:57:45.821 4464-4464/? V/dfu.service.SilentDFU: 000847 Dbg=sendFile sectorsize=4096 buffersize=8192
06-04 05:57:45.821 4464-4464/? I/dfu.DFUNode: onEvent:running:
06-04 05:57:45.822 4464-4464/? V/dfu.service.SilentDFU: 000847 Dbg=  send 7 bytes (chk=0x0003) F0 03 00 00 00 03 F1 
06-04 05:57:47.809 29-29/? I/Kernel: [ 5290.593397].(3)[29:update_secureti]enter  TEE_Icnt_time 
    [ 5290.593687].(3)[29:update_secureti]update_securetime_thread_gb updata inc count
06-04 05:57:48.840 4464-4464/? I/dfu.DFUNode: onEvent:running:
06-04 05:57:48.840 4464-4464/? V/dfu.service.SilentDFU: 003865 Dbg=  reply F0 03 00 00 03 F1 
06-04 05:57:48.842 4464-4464/? I/dfu.DFUNode: onEvent:running:
06-04 05:57:48.842 4464-4464/? V/dfu.service.SilentDFU: 003868 Dbg=  send 7 bytes (chk=0x0002) F0 02 00 00 00 02 F1 
06-04 05:57:48.878 4464-4464/? I/dfu.DFUNode: onEvent:running:
06-04 05:57:48.878 4464-4464/? V/dfu.service.SilentDFU: 003904 Dbg=  reply F0 02 00 00 00 02 F1 
06-04 05:57:48.879 4464-8423/? I/dfu.api: Writing header
06-04 05:57:48.880 4464-4464/? I/dfu.DFUNode: onEvent:running:
06-04 05:57:48.880 4464-4464/? V/dfu.service.SilentDFU: 003905 Dbg=Writing header
06-04 05:57:48.881 4464-4464/? I/dfu.DFUNode: onEvent:running:
06-04 05:57:48.881 4464-4464/? V/dfu.service.SilentDFU: 003907 Dbg=size = 186230 bytes (0x2D776)
06-04 05:57:48.884 4464-4464/? I/dfu.DFUNode: onEvent:running:
06-04 05:57:48.884 4464-4464/? V/dfu.service.SilentDFU: 003909 Dbg=crc = 0x96F5C2C8
06-04 05:57:48.884 4464-4464/? I/dfu.DFUNode: onEvent:running:
06-04 05:57:48.885 4464-4464/? V/dfu.service.SilentDFU: 003910 Dbg=type = 0x43
06-04 05:57:48.886 4464-4464/? I/dfu.DFUNode: onEvent:running:
06-04 05:57:48.886 4464-4464/? V/dfu.service.SilentDFU: 003911 Dbg=sector size = 4096
06-04 05:57:48.887 4464-8423/? I/dfu.api: No authentication hash added to this header.
06-04 05:57:48.887 4464-4464/? I/dfu.DFUNode: onEvent:running:
06-04 05:57:48.887 4464-4464/? V/dfu.service.SilentDFU: 003912 Dbg=No authentication hash added to this header.
06-04 05:57:48.927 4464-4464/? I/dfu.DFUNode: onEvent:running:
06-04 05:57:48.927 4464-4464/? V/dfu.service.SilentDFU: 003953 Dbg=  send 4106 bytes (chk=0xebb5) F0 05 00 00 00 00 00 00 02 D7 76 96 F5 C2 C8 43 FF FF FF FF FF FF FF FF FF FF FF FF FF FF FF FF FF FF FF FF FF FF FF FF FF FF FF FF FF FF FF FF FF FF .. FF FF FF FF EB B5 F1 
06-04 05:57:48.986 4464-4464/? I/dfu.DFUNode: onEvent:running:
06-04 05:57:48.986 4464-4464/? V/dfu.service.SilentDFU: 004012 Dbg=  reply F0 05 00 00 05 F1 
06-04 05:57:48.986 4464-8423/? I/dfu.api: Writing image
06-04 05:57:48.987 4464-4464/? I/dfu.DFUNode: onEvent:running:
06-04 05:57:48.987 4464-4464/? V/dfu.service.SilentDFU: 004012 Dbg=Writing image
06-04 05:57:49.019 4464-4464/? I/dfu.DFUNode: onEvent:running:
06-04 05:57:49.019 4464-4464/? V/dfu.service.SilentDFU: 004045 Dbg=  send 4155 bytes (chk=0xb4f5) F0 05 00 00 10 00 00 00 00 43 FF 02 00 00 00 9C 00 00 00 00 00 01 00 9E 93 00 00 00 90 06 00 3A 94 00 00 14 00 00 00 01 00 00 00 00 00 00 00 4E 94 00 .. CE 77 13 AF B4 F5 F1 
06-04 05:57:49.131 4464-4464/? I/dfu.DFUNode: onEvent:running:
06-04 05:57:49.131 4464-4464/? V/dfu.service.SilentDFU: 004157 Dbg=  reply F0 05 00 00 05 F1 
06-04 05:57:49.132 4464-4464/? I/dfu.DFUNode: onEvent:running:
06-04 05:57:49.132 4464-4464/? V/dfu.service.SilentDFU: 004158 Prog=09%
06-04 05:57:49.273 4464-4464/? I/dfu.DFUNode: onEvent:running:
06-04 05:57:49.273 4464-8423/? V/dfu.api: Update 10%
06-04 05:57:49.274 4464-4464/? V/dfu.service.SilentDFU: 004299 Prog=10%
06-04 05:57:49.390 4464-4464/? I/dfu.DFUNode: onEvent:running:
06-04 05:57:49.391 4464-4464/? V/dfu.service.SilentDFU: 004416 Prog=11%
06-04 05:57:49.506 4464-4464/? I/dfu.DFUNode: onEvent:running:
06-04 05:57:49.506 4464-8423/? V/dfu.api: Update 12%
06-04 05:57:49.507 4464-4464/? V/dfu.service.SilentDFU: 004531 Prog=12%
06-04 05:57:49.623 4464-4464/? I/dfu.DFUNode: onEvent:running:
06-04 05:57:49.623 4464-4464/? V/dfu.service.SilentDFU: 004649 Prog=13%
06-04 05:57:49.737 4464-4464/? I/dfu.DFUNode: onEvent:running:
06-04 05:57:49.737 4464-8423/? V/dfu.api: Update 14%
06-04 05:57:49.738 4464-4464/? V/dfu.service.SilentDFU: 004763 Prog=14%
06-04 05:57:49.871 4464-4464/? I/dfu.DFUNode: onEvent:running:
06-04 05:57:49.871 4464-4464/? V/dfu.service.SilentDFU: 004897 Prog=15%
06-04 05:57:49.872 4464-8411/? D/dfu.api: Didn't receive Bluetooth Profile service connection after 5000ms
06-04 05:57:49.872 4464-8411/? I/dfu.api: Requesting software version
06-04 05:57:49.872 4464-8411/? D/dfu.api: isConnected is false. Service not connected at the moment.
06-04 05:57:49.873 4464-8411/? E/dfu.receiver: Failed connecting to xx:xx:C9:xx:xx:4A with exception Inigo service connection is not established.
06-04 05:57:49.875 4464-8411/? D/BluetoothDevice: mAddress: 0C:47:C9:02:5C:4A
06-04 05:57:49.875 4464-8411/? D/dfu.api: Releasing connection to xx:xx:C9:xx:xx:4A
06-04 05:57:49.875 4464-8411/? D/BluetoothDevice: mAddress: 0C:47:C9:02:5C:4A
06-04 05:57:49.875 4464-8411/? D/dfu.api: isConnected is false. Service not connected at the moment.
06-04 05:57:49.892 2292-2292/? E/DfuReceiver: Error retrieving remote data: Inigo service connection is not established.
06-04 05:57:49.892 2292-2292/? I/LoggerMetricsFactoryImpl: dfu:device_firmware:error=Inigo service connection is not established.;DV;1:NR
06-04 05:57:49.892 2292-2292/? D/ControllerProvider: << update(updateDontAdd vals: address=xx:xx:C9:xx:xx:4A versionSynced=false versionSyncError=Inigo service connection is not established. versionQueried=false)
06-04 05:57:49.893 2292-2292/? D/ControllerProvider:    Uri content://com.amazon.device.controller.provider/device
       called from com.amazon.device.controllermanager.DfuReceiver.onReceive(DfuReceiver.java:113)
       called from android.app.ActivityThread.handleReceiver(ActivityThread.java:2663)
       called from android.app.ActivityThread.access$1700(ActivityThread.java:160)
       called from android.app.ActivityThread$H.handleMessage(ActivityThread.java:1398)
    >> called from android.os.Handler.dispatchMessage(Handler.java:102)
06-04 05:57:49.893 2292-2292/? I/Device: versionQueried set to false for Device["Amazon Fire TV Remote" xx:xx:C9:xx:xx:4A type:0x8 ver:null online notifications: false not-synced]
06-04 05:57:49.894 2292-2292/? D/Utility: Querying device for version: Device["Amazon Fire TV Remote" xx:xx:C9:xx:xx:4A type:0x8 ver:null online notifications: false not-synced]
06-04 05:57:49.897 2292-2292/? I/ControllerProvider: versionQueried set to true
06-04 05:57:49.919 2122-4513/? D/BluetoothDevice: mAddress: 0C:47:C9:02:5C:4A
06-04 05:57:49.919 2292-2292/? D/BluetoothDevice: mAddress: 0C:47:C9:02:5C:4A
06-04 05:57:49.920 2122-2146/? D/BluetoothDevice: mAddress: 0C:47:C9:02:5C:4A
    mAddress: 0C:47:C9:02:5C:4A
06-04 05:57:49.920 2122-2146/? I/BluetoothAdapterService:  getAmzRemoteVid() device address=0C:47:C9:02:5C:4A
06-04 05:57:49.920 2292-8360/? D/ControllerProvider: << query()
       Uri content://com.amazon.device.controller.provider/device
06-04 05:57:49.921 2292-8360/? D/ControllerProvider: >> remote call from com.amazon.tv.settings
    Paired devices:
      Device["Amazon Fire TV Remote" xx:xx:3D:xx:xx:1F type:0x100 ver:131 online notifications: true synced]
      Device["Amazon Fire TV Remote" xx:xx:C9:xx:xx:4A type:0x8 ver:null online notifications: false not-synced]
06-04 05:57:49.923 2122-2141/? D/BluetoothDevice: mAddress: 0C:47:C9:02:5C:4A
    mAddress: 0C:47:C9:02:5C:4A
06-04 05:57:49.923 2122-2141/? I/BluetoothAdapterService:  getAmzRemotePid() device address=0C:47:C9:02:5C:4A
06-04 05:57:49.923 2292-2292/? D/Device: getType(BluetoothDevice): VID:PID 6473:1028
06-04 05:57:49.924 2122-4514/? D/BluetoothDevice: mAddress: 0C:47:C9:02:5C:4A
    mAddress: 0C:47:C9:02:5C:4A
06-04 05:57:49.924 2122-4514/? I/BluetoothAdapterService:  getAmzRemoteVid() device address=0C:47:C9:02:5C:4A
06-04 05:57:49.925 2122-4513/? D/BluetoothDevice: mAddress: 0C:47:C9:02:5C:4A
    mAddress: 0C:47:C9:02:5C:4A
06-04 05:57:49.925 2122-4513/? I/BluetoothAdapterService:  getAmzRemotePid() device address=0C:47:C9:02:5C:4A
06-04 05:57:49.925 2292-2292/? D/ControllerProvider: << query()
06-04 05:57:49.926 2292-2292/? D/ControllerProvider:    Uri content://com.amazon.device.controller.provider/device/update
       called from android.content.ContentResolver.query(ContentResolver.java:478)
       called from android.content.ContentResolver.query(ContentResolver.java:422)
       called from com.amazon.device.controllermanager.Utility.isDeviceUpdatable(Utility.java:107)
       called from com.amazon.device.controllermanager.Utility.silentlyUpdateDeviceIfNecessary(Utility.java:131)
    >> called from com.amazon.device.controllermanager.DfuReceiver.onReceive(DfuReceiver.java:118)
06-04 05:57:49.926 2292-2292/? D/Utility: Remote is up-to-date, no silent DFU
06-04 05:57:49.935 8125-8125/? W/View: requestLayout() improperly called by android.widget.TextView{2cb8636 V.ED.... ..S...ID 0,0-500,44 #7f110158 app:id/action_title} during layout: running second layout pass
06-04 05:57:49.945 4464-4464/? D/dfu.receiver: Received intent com.amazon.device.bluetoothdfu.action.DEVICE_VERSION
06-04 05:57:49.977 4464-8425/? V/DeviceType: To load DeviceType from com.amazon.device.controller.provider/device
06-04 05:57:49.988 4464-4464/? I/dfu.DFUNode: onEvent:running:
06-04 05:57:49.989 4464-4464/? V/dfu.service.SilentDFU: 005014 Prog=16%
06-04 05:57:49.990 4464-8423/? V/dfu.api: Update 16%
06-04 05:57:50.003 2292-6678/? D/ControllerProvider: << query()
       Uri content://com.amazon.device.controller.provider/device
    >> remote call from com.amazon.device.bluetoothdfu
06-04 05:57:50.004 2292-6678/? D/ControllerProvider: Paired devices:
      Device["Amazon Fire TV Remote" xx:xx:3D:xx:xx:1F type:0x100 ver:131 online notifications: true synced]
      Device["Amazon Fire TV Remote" xx:xx:C9:xx:xx:4A type:0x8 ver:null online notifications: false not-synced]
06-04 05:57:50.006 4464-8425/? V/DeviceType: Loaded DeviceType dType=8 macIn=0C:47:C9:02:5C:4A
    Loaded DeviceType dType=256 macIn=38:F7:3D:8E:47:1F
06-04 05:57:50.008 4464-8425/? D/dfu.api: Acquiring connection to xx:xx:C9:xx:xx:4A
06-04 05:57:50.009 4464-8425/? D/BluetoothDevice: mAddress: 38:F7:3D:8E:47:1F
    mAddress: 0C:47:C9:02:5C:4A
06-04 05:57:50.010 2122-4514/? D/BluetoothDevice: mAddress: 0C:47:C9:02:5C:4A
    mAddress: 0C:47:C9:02:5C:4A
06-04 05:57:50.010 2122-4514/? I/BluetoothAdapterService:  getAmzRemoteVid() device address=0C:47:C9:02:5C:4A
06-04 05:57:50.011 2122-4513/? D/BluetoothDevice: mAddress: 0C:47:C9:02:5C:4A
    mAddress: 0C:47:C9:02:5C:4A
06-04 05:57:50.011 2122-4513/? I/BluetoothAdapterService:  getAmzRemotePid() device address=0C:47:C9:02:5C:4A
06-04 05:57:50.011 4464-8425/? D/dfu.api: Support both AMAZON_VID && AMAZON_LE_VID for ble remote.
06-04 05:57:50.011 4464-8425/? D/BluetoothDevice: mAddress: 0C:47:C9:02:5C:4A
06-04 05:57:50.013 4464-8425/? D/BluetoothDevice: mAddress: 38:F7:3D:8E:47:1F
    mAddress: 0C:47:C9:02:5C:4A
06-04 05:57:50.013 4464-8425/? V/dfu.api: createMetricsEvent:BluetoothDFU : DfuUpdateTask
06-04 05:57:50.104 4464-4464/? I/dfu.DFUNode: onEvent:running:
06-04 05:57:50.105 4464-4464/? V/dfu.service.SilentDFU: 005130 Prog=16%
06-04 05:57:50.220 4464-4464/? I/dfu.DFUNode: onEvent:running:
06-04 05:57:50.220 4464-4464/? V/dfu.service.SilentDFU: 005245 Prog=17%
06-04 05:57:50.221 4464-8423/? V/dfu.api: Update 17%
06-04 05:57:50.337 4464-4464/? I/dfu.DFUNode: onEvent:running:
06-04 05:57:50.337 4464-4464/? V/dfu.service.SilentDFU: 005363 Prog=18%
06-04 05:57:50.452 4464-4464/? I/dfu.DFUNode: onEvent:running:
06-04 05:57:50.452 4464-4464/? V/dfu.service.SilentDFU: 005478 Prog=19%
06-04 05:57:50.453 4464-8423/? V/dfu.api: Update 19%
06-04 05:57:50.571 4464-4464/? I/dfu.DFUNode: onEvent:running:
06-04 05:57:50.571 4464-4464/? V/dfu.service.SilentDFU: 005597 Prog=20%
06-04 05:57:50.686 4464-4464/? I/dfu.DFUNode: onEvent:running:
06-04 05:57:50.686 4464-4464/? V/dfu.service.SilentDFU: 005711 Prog=21%
06-04 05:57:50.687 4464-8423/? V/dfu.api: Update 21%
06-04 05:57:50.799 4464-4464/? I/dfu.DFUNode: onEvent:running:
06-04 05:57:50.800 4464-4464/? V/dfu.service.SilentDFU: 005825 Prog=22%
06-04 05:57:50.919 4464-4464/? I/dfu.DFUNode: onEvent:running:
06-04 05:57:50.920 4464-4464/? V/dfu.service.SilentDFU: 005945 Prog=23%
06-04 05:57:50.921 4464-8423/? V/dfu.api: Update 23%
06-04 05:57:51.033 4464-4464/? I/dfu.DFUNode: onEvent:running:
06-04 05:57:51.033 4464-4464/? V/dfu.service.SilentDFU: 006059 Prog=24%
06-04 05:57:51.154 4464-4464/? I/dfu.DFUNode: onEvent:running:
06-04 05:57:51.155 4464-4464/? V/dfu.service.SilentDFU: 006180 Prog=25%
06-04 05:57:51.156 4464-8423/? V/dfu.api: Update 25%
06-04 05:57:51.272 4464-4464/? I/dfu.DFUNode: onEvent:running:
06-04 05:57:51.272 4464-4464/? V/dfu.service.SilentDFU: 006298 Prog=26%
06-04 05:57:51.386 4464-4464/? I/dfu.DFUNode: onEvent:running:
06-04 05:57:51.386 4464-4464/? V/dfu.service.SilentDFU: 006411 Prog=27%
06-04 05:57:51.379 79-79/? I/Kernel: [ 5294.163354].(3)[79:kworker/3:1][MUSB] USB is ready for connect
06-04 05:57:51.387 4464-8423/? V/dfu.api: Update 27%
06-04 05:57:51.517 4464-4464/? I/dfu.DFUNode: onEvent:running:
06-04 05:57:51.517 4464-4464/? V/dfu.service.SilentDFU: 006543 Prog=28%
06-04 05:57:51.634 4464-4464/? I/dfu.DFUNode: onEvent:running:
06-04 05:57:51.635 4464-4464/? V/dfu.service.SilentDFU: 006660 Prog=29%
06-04 05:57:51.636 4464-8423/? V/dfu.api: Update 29%
06-04 05:57:51.752 4464-4464/? I/dfu.DFUNode: onEvent:running:
06-04 05:57:51.752 4464-4464/? V/dfu.service.SilentDFU: 006778 Prog=30%
06-04 05:57:51.870 4464-4464/? I/dfu.DFUNode: onEvent:running:
06-04 05:57:51.870 4464-4464/? V/dfu.service.SilentDFU: 006895 Prog=31%
06-04 05:57:51.870 4464-8423/? V/dfu.api: Update 31%
06-04 05:57:51.983 4464-4464/? I/dfu.DFUNode: onEvent:running:
06-04 05:57:51.984 4464-4464/? V/dfu.service.SilentDFU: 007009 Prog=32%
06-04 05:57:52.104 4464-4464/? I/dfu.DFUNode: onEvent:running:
06-04 05:57:52.105 4464-4464/? V/dfu.service.SilentDFU: 007130 Prog=33%
06-04 05:57:52.106 4464-8423/? V/dfu.api: Update 33%
06-04 05:57:52.249 4464-4464/? I/dfu.DFUNode: onEvent:running:
06-04 05:57:52.250 4464-4464/? V/dfu.service.SilentDFU: 007275 Prog=34%
06-04 05:57:52.352 4464-4464/? I/dfu.DFUNode: onEvent:running:
06-04 05:57:52.352 4464-4464/? V/dfu.service.SilentDFU: 007378 Prog=35%
06-04 05:57:52.353 4464-8423/? V/dfu.api: Update 35%
06-04 05:57:52.468 4464-4464/? I/dfu.DFUNode: onEvent:running:
06-04 05:57:52.468 4464-4464/? V/dfu.service.SilentDFU: 007494 Prog=36%
06-04 05:57:52.588 4464-4464/? I/dfu.DFUNode: onEvent:running:
06-04 05:57:52.588 4464-4464/? V/dfu.service.SilentDFU: 007614 Prog=37%
06-04 05:57:52.590 4464-8423/? V/dfu.api: Update 37%
06-04 05:57:52.705 4464-4464/? I/dfu.DFUNode: onEvent:running:
06-04 05:57:52.705 4464-4464/? V/dfu.service.SilentDFU: 007730 Prog=38%
06-04 05:57:52.818 4464-4464/? I/dfu.DFUNode: onEvent:running:
06-04 05:57:52.818 4464-4464/? V/dfu.service.SilentDFU: 007844 Prog=39%
06-04 05:57:52.809 29-29/? I/Kernel: [ 5295.593355].(3)[29:update_secureti]enter  TEE_Icnt_time 
    [ 5295.593644].(3)[29:update_secureti]update_securetime_thread_gb updata inc count
06-04 05:57:52.819 4464-8423/? V/dfu.api: Update 39%
06-04 05:57:52.937 4464-4464/? I/dfu.DFUNode: onEvent:running:
06-04 05:57:52.937 4464-4464/? V/dfu.service.SilentDFU: 007963 Prog=40%
06-04 05:57:53.051 4464-4464/? I/dfu.DFUNode: onEvent:running:
06-04 05:57:53.051 4464-4464/? V/dfu.service.SilentDFU: 008077 Prog=40%
06-04 05:57:53.053 4464-8423/? V/dfu.api: Update 40%
06-04 05:57:53.096 8439-8439/? I/main.wifi_log_levels: wifi_log_levels:rssi=-65;noise=-84;p2prssi=0;p2pnoise=-84;channel=1;btcparam27=0x1;txframe=18;txbyte=2567;txretrans=10;txerror=0;rxframe=232;rxbyte=25175;rxerror=0;rxbadfcs=1338;rxbadplcp=2532;rxcrsglitch=71603;rxstrt=5785;rxdfrmucastmbss=8;txphyerror=0; 
06-04 05:57:53.107 8442-8442/? I/main.wifi_log_levels: wifi_log_levels:max_rssi=-64;min_rssi=-71;max_noise=-80;min_noise=-84;max_p2prssi=;min_p2prssi=;max_p2pnoise=-80;min_p2pnoise=-84 
06-04 05:57:53.176 4464-4464/? I/dfu.DFUNode: onEvent:running:
06-04 05:57:53.176 4464-4464/? V/dfu.service.SilentDFU: 008202 Prog=41%
06-04 05:57:53.293 4464-4464/? I/dfu.DFUNode: onEvent:running:
06-04 05:57:53.294 4464-4464/? V/dfu.service.SilentDFU: 008319 Prog=42%
06-04 05:57:53.294 4464-8423/? V/dfu.api: Update 42%
06-04 05:57:53.411 4464-4464/? I/dfu.DFUNode: onEvent:running:
06-04 05:57:53.411 4464-4464/? V/dfu.service.SilentDFU: 008436 Prog=43%
06-04 05:57:53.531 4464-4464/? I/dfu.DFUNode: onEvent:running:
06-04 05:57:53.531 4464-4464/? V/dfu.service.SilentDFU: 008557 Prog=44%
06-04 05:57:53.532 4464-8423/? V/dfu.api: Update 44%
06-04 05:57:53.658 4464-4464/? I/dfu.DFUNode: onEvent:running:
06-04 05:57:53.658 4464-4464/? V/dfu.service.SilentDFU: 008684 Prog=45%
06-04 05:57:53.773 4464-4464/? I/dfu.DFUNode: onEvent:running:
06-04 05:57:53.773 4464-4464/? V/dfu.service.SilentDFU: 008799 Prog=46%
06-04 05:57:53.774 4464-8423/? V/dfu.api: Update 46%
06-04 05:57:53.892 4464-4464/? I/dfu.DFUNode: onEvent:running:
06-04 05:57:53.892 4464-4464/? V/dfu.service.SilentDFU: 008918 Prog=47%
06-04 05:57:54.013 4464-4464/? I/dfu.DFUNode: onEvent:running:
06-04 05:57:54.013 4464-4464/? V/dfu.service.SilentDFU: 009039 Prog=48%
06-04 05:57:54.014 4464-8423/? V/dfu.api: Update 48%
06-04 05:57:54.132 4464-4464/? I/dfu.DFUNode: onEvent:running:
06-04 05:57:54.132 4464-4464/? V/dfu.service.SilentDFU: 009158 Prog=49%
06-04 05:57:54.248 4464-4464/? I/dfu.DFUNode: onEvent:running:
06-04 05:57:54.248 4464-4464/? V/dfu.service.SilentDFU: 009274 Prog=50%
06-04 05:57:54.249 4464-8423/? V/dfu.api: Update 50%
06-04 05:57:54.364 4464-4464/? I/dfu.DFUNode: onEvent:running:
06-04 05:57:54.365 4464-4464/? V/dfu.service.SilentDFU: 009390 Prog=51%
06-04 05:57:54.497 4464-4464/? I/dfu.DFUNode: onEvent:running:
06-04 05:57:54.497 4464-4464/? V/dfu.service.SilentDFU: 009523 Prog=51%
06-04 05:57:54.498 4464-8423/? V/dfu.api: Update 51%
06-04 05:57:54.498 4464-8423/? I/dfu.api: 186230[Bytes]
06-04 05:57:54.498 4464-4464/? I/dfu.DFUNode: onEvent:running:
06-04 05:57:54.498 4464-4464/? V/dfu.service.SilentDFU: 009524 Dbg=186230[Bytes]
06-04 05:57:54.499 4464-8423/? I/dfu.api: Verifying battery level > 15 prior to flashing
06-04 05:57:54.499 4464-4464/? I/dfu.DFUNode: onEvent:running:
06-04 05:57:54.499 4464-4464/? V/dfu.service.SilentDFU: 009525 Dbg=Verifying battery level > 15 prior to flashing
06-04 05:57:54.499 4464-8423/? I/dfu.api: Verifying host battery level > 15 prior to flashing
06-04 05:57:54.500 4464-4464/? I/dfu.DFUNode: onEvent:running:
06-04 05:57:54.500 4464-4464/? V/dfu.service.SilentDFU: 009525 Dbg=Verifying host battery level > 15 prior to flashing
06-04 05:57:54.501 4464-4464/? I/dfu.DFUNode: onEvent:running:
06-04 05:57:54.501 4464-4464/? V/dfu.service.SilentDFU: 009526 Dbg=  send 7 bytes (chk=0x0009) F0 09 00 00 00 09 F1 
06-04 05:57:54.536 4464-4464/? I/dfu.DFUNode: onEvent:running:
06-04 05:57:54.536 4464-4464/? V/dfu.service.SilentDFU: 009562 Dbg=  reply F0 09 00 4D 00 56 F1 
06-04 05:57:54.537 4464-8423/? I/dfu.api: Verifying host battery level
06-04 05:57:54.537 4464-4464/? I/dfu.DFUNode: onEvent:running:
06-04 05:57:54.537 4464-4464/? V/dfu.service.SilentDFU: 009563 Dbg=Verifying host battery level
06-04 05:57:54.539 4464-4464/? I/dfu.DFUNode: onEvent:running:
06-04 05:57:54.539 4464-4464/? V/dfu.service.SilentDFU: 009565 Prog=53%
06-04 05:57:54.539 4464-8423/? V/dfu.api: Update 53%
06-04 05:57:54.540 4464-8423/? I/dfu.api: Applying the update to your Remote
06-04 05:57:54.540 4464-4464/? I/dfu.DFUNode: onEvent:running:
06-04 05:57:54.540 4464-4464/? V/dfu.service.SilentDFU: 009566 Disp=Applying the update to your Remote
06-04 05:57:54.541 4464-4464/? I/dfu.DFUNode: onEvent:running:
06-04 05:57:54.541 4464-4464/? V/dfu.service.SilentDFU: 009567 Dbg=  send 7 bytes (chk=0x0009) F0 09 00 00 00 09 F1 
06-04 05:57:54.576 4464-4464/? I/dfu.DFUNode: onEvent:running:
06-04 05:57:54.576 4464-8423/? I/dfu.api: Verifying host battery level
06-04 05:57:54.576 4464-4464/? V/dfu.service.SilentDFU: 009602 Dbg=  reply F0 09 00 4D 00 56 F1 
06-04 05:57:54.576 4464-4464/? I/dfu.DFUNode: onEvent:running:
06-04 05:57:54.576 4464-4464/? V/dfu.service.SilentDFU: 009602 Dbg=Verifying host battery level
06-04 05:57:54.577 4464-8423/? I/dfu.api: Requesting the device to apply the update
06-04 05:57:54.578 4464-4464/? I/dfu.DFUNode: onEvent:running:
06-04 05:57:54.578 4464-4464/? V/dfu.service.SilentDFU: 009603 Dbg=Requesting the device to apply the update
06-04 05:57:54.579 4464-4464/? I/dfu.DFUNode: onEvent:running:
06-04 05:57:54.579 4464-4464/? V/dfu.service.SilentDFU: 009605 Dbg=  send 7 bytes (chk=0x0006) F0 06 00 00 00 06 F1 
06-04 05:57:54.618 4464-4464/? I/dfu.DFUNode: onEvent:running:
06-04 05:57:54.618 4464-4464/? V/dfu.service.SilentDFU: 009644 Dbg=  reply F0 06 00 00 06 F1 
06-04 05:57:54.619 4464-4464/? I/dfu.DFUNode: onEvent:running:
06-04 05:57:54.619 4464-4464/? V/dfu.service.SilentDFU: 009645 Prog=55%
06-04 05:57:54.620 4464-8423/? V/dfu.api: Update 55%
06-04 05:57:54.620 4464-8423/? I/dfu.api: Waiting for the device to apply the image and reconnect (estimated at 27 seconds)
06-04 05:57:54.621 4464-4464/? I/dfu.DFUNode: onEvent:running:
06-04 05:57:54.621 4464-4464/? V/dfu.service.SilentDFU: 009646 Dbg=Waiting for the device to apply the image and reconnect (estimated at 27 seconds)
06-04 05:57:54.621 4464-4464/? I/dfu.DFUNode: onEvent:running:
06-04 05:57:54.622 4464-4464/? V/dfu.service.SilentDFU: 009647 Reboot
06-04 05:57:54.623 4464-8423/? I/dfu.api: Closed RFComm
